Archive member included to satisfy reference by file (symbol)

/home/viktor/.pico-sdk/toolchain/13_3_Rel1/bin/../lib/gcc/arm-none-eabi/13.3.1/thumb/v6-m/nofp/libgcc.a(_dvmd_tls.o)
                              CMakeFiles/Tarefa0302.dir/home/viktor/.pico-sdk/sdk/2.1.0/src/rp2_common/pico_divider/divider_hardware.S.o (__aeabi_idiv0)
/home/viktor/.pico-sdk/toolchain/13_3_Rel1/bin/../lib/gcc/arm-none-eabi/13.3.1/../../../../arm-none-eabi/lib/thumb/v6-m/nofp/libg.a(libc_a-strlen-stub.o)
                              CMakeFiles/Tarefa0302.dir/home/viktor/.pico-sdk/sdk/2.1.0/src/rp2_common/pico_stdio/stdio.c.o (strlen)
/home/viktor/.pico-sdk/toolchain/13_3_Rel1/bin/../lib/gcc/arm-none-eabi/13.3.1/../../../../arm-none-eabi/lib/thumb/v6-m/nofp/libg.a(libc_a-malloc.o)
                              CMakeFiles/Tarefa0302.dir/home/viktor/.pico-sdk/sdk/2.1.0/src/rp2_common/pico_malloc/malloc.c.o (malloc)
/home/viktor/.pico-sdk/toolchain/13_3_Rel1/bin/../lib/gcc/arm-none-eabi/13.3.1/../../../../arm-none-eabi/lib/thumb/v6-m/nofp/libg.a(libc_a-mallocr.o)
                              /home/viktor/.pico-sdk/toolchain/13_3_Rel1/bin/../lib/gcc/arm-none-eabi/13.3.1/../../../../arm-none-eabi/lib/thumb/v6-m/nofp/libg.a(libc_a-malloc.o) (_malloc_r)
/home/viktor/.pico-sdk/toolchain/13_3_Rel1/bin/../lib/gcc/arm-none-eabi/13.3.1/../../../../arm-none-eabi/lib/thumb/v6-m/nofp/libg.a(libc_a-lcltime_r.o)
                              CMakeFiles/Tarefa0302.dir/home/viktor/.pico-sdk/sdk/2.1.0/src/common/pico_util/datetime.c.o (localtime_r)
/home/viktor/.pico-sdk/toolchain/13_3_Rel1/bin/../lib/gcc/arm-none-eabi/13.3.1/../../../../arm-none-eabi/lib/thumb/v6-m/nofp/libg.a(libc_a-sbrkr.o)
                              /home/viktor/.pico-sdk/toolchain/13_3_Rel1/bin/../lib/gcc/arm-none-eabi/13.3.1/../../../../arm-none-eabi/lib/thumb/v6-m/nofp/libg.a(libc_a-mallocr.o) (_sbrk_r)
/home/viktor/.pico-sdk/toolchain/13_3_Rel1/bin/../lib/gcc/arm-none-eabi/13.3.1/../../../../arm-none-eabi/lib/thumb/v6-m/nofp/libg.a(libc_a-mktime.o)
                              CMakeFiles/Tarefa0302.dir/home/viktor/.pico-sdk/sdk/2.1.0/src/common/pico_util/datetime.c.o (mktime)
/home/viktor/.pico-sdk/toolchain/13_3_Rel1/bin/../lib/gcc/arm-none-eabi/13.3.1/../../../../arm-none-eabi/lib/thumb/v6-m/nofp/libg.a(libc_a-month_lengths.o)
                              /home/viktor/.pico-sdk/toolchain/13_3_Rel1/bin/../lib/gcc/arm-none-eabi/13.3.1/../../../../arm-none-eabi/lib/thumb/v6-m/nofp/libg.a(libc_a-lcltime_r.o) (__month_lengths)
/home/viktor/.pico-sdk/toolchain/13_3_Rel1/bin/../lib/gcc/arm-none-eabi/13.3.1/../../../../arm-none-eabi/lib/thumb/v6-m/nofp/libg.a(libc_a-tzcalc_limits.o)
                              /home/viktor/.pico-sdk/toolchain/13_3_Rel1/bin/../lib/gcc/arm-none-eabi/13.3.1/../../../../arm-none-eabi/lib/thumb/v6-m/nofp/libg.a(libc_a-lcltime_r.o) (__tzcalc_limits)
/home/viktor/.pico-sdk/toolchain/13_3_Rel1/bin/../lib/gcc/arm-none-eabi/13.3.1/../../../../arm-none-eabi/lib/thumb/v6-m/nofp/libg.a(libc_a-tzlock.o)
                              /home/viktor/.pico-sdk/toolchain/13_3_Rel1/bin/../lib/gcc/arm-none-eabi/13.3.1/../../../../arm-none-eabi/lib/thumb/v6-m/nofp/libg.a(libc_a-lcltime_r.o) (__tz_lock)
/home/viktor/.pico-sdk/toolchain/13_3_Rel1/bin/../lib/gcc/arm-none-eabi/13.3.1/../../../../arm-none-eabi/lib/thumb/v6-m/nofp/libg.a(libc_a-tzset.o)
                              /home/viktor/.pico-sdk/toolchain/13_3_Rel1/bin/../lib/gcc/arm-none-eabi/13.3.1/../../../../arm-none-eabi/lib/thumb/v6-m/nofp/libg.a(libc_a-lcltime_r.o) (_tzset_unlocked)
/home/viktor/.pico-sdk/toolchain/13_3_Rel1/bin/../lib/gcc/arm-none-eabi/13.3.1/../../../../arm-none-eabi/lib/thumb/v6-m/nofp/libg.a(libc_a-mlock.o)
                              /home/viktor/.pico-sdk/toolchain/13_3_Rel1/bin/../lib/gcc/arm-none-eabi/13.3.1/../../../../arm-none-eabi/lib/thumb/v6-m/nofp/libg.a(libc_a-mallocr.o) (__malloc_lock)
/home/viktor/.pico-sdk/toolchain/13_3_Rel1/bin/../lib/gcc/arm-none-eabi/13.3.1/../../../../arm-none-eabi/lib/thumb/v6-m/nofp/libg.a(libc_a-atoi.o)
                              CMakeFiles/Tarefa0302.dir/main.c.o (atoi)
/home/viktor/.pico-sdk/toolchain/13_3_Rel1/bin/../lib/gcc/arm-none-eabi/13.3.1/../../../../arm-none-eabi/lib/thumb/v6-m/nofp/libg.a(libc_a-calloc.o)
                              CMakeFiles/Tarefa0302.dir/home/viktor/.pico-sdk/sdk/2.1.0/src/rp2_common/pico_malloc/malloc.c.o (calloc)
/home/viktor/.pico-sdk/toolchain/13_3_Rel1/bin/../lib/gcc/arm-none-eabi/13.3.1/../../../../arm-none-eabi/lib/thumb/v6-m/nofp/libg.a(libc_a-memcmp.o)
                              CMakeFiles/Tarefa0302.dir/home/viktor/.pico-sdk/sdk/2.1.0/src/rp2_common/pico_atomic/atomic.c.o (memcmp)
/home/viktor/.pico-sdk/toolchain/13_3_Rel1/bin/../lib/gcc/arm-none-eabi/13.3.1/../../../../arm-none-eabi/lib/thumb/v6-m/nofp/libg.a(libc_a-callocr.o)
[...]
Memory Configuration

Name             Origin             Length             Attributes
FLASH            0x10000000         0x00200000         xr
RAM              0x20000000         0x00040000         xrw
SCRATCH_X        0x20040000         0x00001000         xrw
SCRATCH_Y        0x20041000         0x00001000         xrw
*default*        0x00000000         0xffffffff

Linker script and memory map

LOAD /home/viktor/.pico-sdk/toolchain/13_3_Rel1/bin/../lib/gcc/arm-none-eabi/13.3.1/thumb/v6-m/nofp/crti.o
LOAD /home/viktor/.pico-sdk/toolchain/13_3_Rel1/bin/../lib/gcc/arm-none-eabi/13.3.1/thumb/v6-m/nofp/crtbegin.o
LOAD /home/viktor/.pico-sdk/toolchain/13_3_Rel1/bin/../lib/gcc/arm-none-eabi/13.3.1/../../../../arm-none-eabi/lib/thumb/v6-m/nofp/crt0.o

.flash_begin    0x10000000        0x0
                0x10000000                        __flash_binary_start = .

.boot2          0x10000000      0x100
                0x10000000                        __boot2_start__ = .
 *(.boot2)
 .boot2         0x10000000      0x100 pico-sdk/src/rp2040/boot_stage2/CMakeFiles/bs2_default_library.dir/./bs2_default_padded_checksummed.S.o
                0x10000100                        __boot2_end__ = .
                0x00000001                        ASSERT (((__boot2_end__ - __boot2_start__) == 0x100), ERROR: Pico second stage bootloader must be 256 bytes in size)

.text           0x10000100     0x69a4
                0x10000100                        __logical_binary_start = .
 *(.vectors)
 .vectors       0x10000100       0xd4 CMakeFiles/Tarefa0302.dir/home/viktor/.pico-sdk/sdk/2.1.0/src/rp2_common/pico_crt0/crt0.S.o
                0x10000100                __vectors
                0x10000100                __VECTOR_TABLE
                0x100001c0                isr_invalid
                0x100001c0                __default_isrs_start
                0x100001c2                isr_nmi
                0x100001c4                isr_hardfault
                0x100001c6                isr_svcall
                0x100001c8                isr_pendsv
                0x100001ca                isr_systick
                0x100001cc                isr_irq30
                0x100001cc                __unhandled_user_irq
                0x100001cc                isr_irq13
                0x100001cc                isr_irq27
                0x100001cc                isr_irq31
                0x100001cc                isr_irq5
                0x100001cc                isr_irq11
                0x100001cc                isr_irq23
                0x100001cc                isr_irq18
                0x100001cc                isr_irq28
                0x100001cc                isr_irq19
                0x100001cc                isr_irq0
                0x100001cc                isr_irq6
                0x100001cc                isr_irq22
                0x100001cc                isr_irq17
                0x100001cc                isr_irq14
                0x100001cc                isr_irq2
                0x100001cc                isr_irq10
                0x100001cc                isr_irq8
                0x100001cc                isr_irq24
                0x100001cc                isr_irq1
                0x100001cc                isr_irq7
                0x100001cc                isr_irq21
                0x100001cc                isr_irq20
                0x100001cc                isr_irq15
                0x100001cc                isr_irq25
                0x100001cc                isr_irq4
                0x100001cc                isr_irq16
                0x100001cc                isr_irq29
                0x100001cc                isr_irq26
                0x100001cc                __default_isrs_end
                0x100001cc                isr_irq3
                0x100001cc                isr_irq12
                0x100001cc                isr_irq9
                0x100001d2                unhandled_user_irq_num_in_r0
 *(.binary_info_header)
 .binary_info_header
                0x100001d4       0x14 CMakeFiles/Tarefa0302.dir/home/viktor/.pico-sdk/sdk/2.1.0/src/rp2_common/pico_crt0/crt0.S.o
                0x100001e8                        __binary_info_header_end = .
 *(.embedded_block)
                0x100001e8                        __embedded_block_end = .
 *(.reset)
 .reset         0x100001e8       0x9c CMakeFiles/Tarefa0302.dir/home/viktor/.pico-sdk/sdk/2.1.0/src/rp2_common/pico_crt0/crt0.S.o
                0x100001e8                _entry_point
 *(.init)
 .init          0x10000284        0x4 /home/viktor/.pico-sdk/toolchain/13_3_Rel1/bin/../lib/gcc/arm-none-eabi/13.3.1/thumb/v6-m/nofp/crti.o
                0x10000284                _init
 *(EXCLUDE_FILE(*libm.a: *libc.a:*lib_a-mem*.o *libgcc.a:) .text*)
 .text.register_tm_clones
                0x10000288       0x28 /home/viktor/.pico-sdk/toolchain/13_3_Rel1/bin/../lib/gcc/arm-none-eabi/13.3.1/thumb/v6-m/nofp/crtbegin.o
 .text.frame_dummy
                0x100002b0       0x24 /home/viktor/.pico-sdk/toolchain/13_3_Rel1/bin/../lib/gcc/arm-none-eabi/13.3.1/thumb/v6-m/nofp/crtbegin.o
 .text.ws2818b_program_init
                0x100002d4       0xdc CMakeFiles/Tarefa0302.dir/main.c.o
                0x100002d4                ws2818b_program_init
 .text.matriz_clear
                0x100003b0       0x3c CMakeFiles/Tarefa0302.dir/main.c.o
                0x100003b0                matriz_clear
 .text.ssd1306_config
                0x100003ec      0x1d0 CMakeFiles/Tarefa0302.dir/main.c.o
                0x100003ec                ssd1306_config
 .text.ssd1306_send_data
                0x100005bc       0x8c CMakeFiles/Tarefa0302.dir/main.c.o
                0x100005bc                ssd1306_send_data
 .text.ssd1306_draw_char
                0x10000648      0x264 CMakeFiles/Tarefa0302.dir/main.c.o
                0x10000648                ssd1306_draw_char
 .text.update_display
                0x100008ac      0x21c CMakeFiles/Tarefa0302.dir/main.c.o
                0x100008ac                update_display
 .text.startup.main
                0x10000ac8      0x618 CMakeFiles/Tarefa0302.dir/main.c.o
                0x10000ac8                main
 .text.button_press
                0x100010e0       0xdc CMakeFiles/Tarefa0302.dir/main.c.o
                0x100010e0                button_press
 .text.gpio_default_irq_handler
                0x100011bc      0x274 CMakeFiles/Tarefa0302.dir/home/viktor/.pico-sdk/sdk/2.1.0/src/rp2_common/hardware_gpio/gpio.c.o
 .text.gpio_set_function
                0x10001430       0x34 CMakeFiles/Tarefa0302.dir/home/viktor/.pico-sdk/sdk/2.1.0/src/rp2_common/hardware_gpio/gpio.c.o
                0x10001430                gpio_set_function
 .text.gpio_set_pulls
                0x10001464       0x28 CMakeFiles/Tarefa0302.dir/home/viktor/.pico-sdk/sdk/2.1.0/src/rp2_common/hardware_gpio/gpio.c.o
                0x10001464                gpio_set_pulls
 .text.gpio_set_irq_enabled_with_callback
                0x1000148c       0xd0 CMakeFiles/Tarefa0302.dir/home/viktor/.pico-sdk/sdk/2.1.0/src/rp2_common/hardware_gpio/gpio.c.o
                0x1000148c                gpio_set_irq_enabled_with_callback
 .text.gpio_init
                0x1000155c       0x40 CMakeFiles/Tarefa0302.dir/home/viktor/.pico-sdk/sdk/2.1.0/src/rp2_common/hardware_gpio/gpio.c.o
                0x1000155c                gpio_init
 .text.rp2040_chip_version
                0x1000159c        0xc CMakeFiles/Tarefa0302.dir/home/viktor/.pico-sdk/sdk/2.1.0/src/rp2040/pico_platform/platform.c.o
                0x1000159c                rp2040_chip_version
 .text.panic    0x100015a8       0x30 CMakeFiles/Tarefa0302.dir/home/viktor/.pico-sdk/sdk/2.1.0/src/rp2_common/pico_platform_panic/panic.c.o
                0x100015a8                panic
 .text.hw_claim_lock
                0x100015d8       0x18 CMakeFiles/Tarefa0302.dir/home/viktor/.pico-sdk/sdk/2.1.0/src/common/hardware_claim/claim.c.o
                0x100015d8                hw_claim_lock
 .text.hw_claim_unlock
                0x100015f0       0x14 CMakeFiles/Tarefa0302.dir/home/viktor/.pico-sdk/sdk/2.1.0/src/common/hardware_claim/claim.c.o
                0x100015f0                hw_claim_unlock
 .text.hw_claim_or_assert
                0x10001604       0x44 CMakeFiles/Tarefa0302.dir/home/viktor/.pico-sdk/sdk/2.1.0/src/common/hardware_claim/claim.c.o
                0x10001604                hw_claim_or_assert
 .text.hw_claim_unused_from_range
                0x10001648       0x9c CMakeFiles/Tarefa0302.dir/home/viktor/.pico-sdk/sdk/2.1.0/src/common/hardware_claim/claim.c.o
                0x10001648                hw_claim_unused_from_range
 .text.next_striped_spin_lock_num
                0x100016e4       0x18 CMakeFiles/Tarefa0302.dir/home/viktor/.pico-sdk/sdk/2.1.0/src/rp2_common/hardware_sync/sync.c.o
                0x100016e4                next_striped_spin_lock_num
 .text.spin_lock_claim_unused
                0x100016fc       0x24 CMakeFiles/Tarefa0302.dir/home/viktor/.pico-sdk/sdk/2.1.0/src/rp2_common/hardware_sync/sync.c.o
                0x100016fc                spin_lock_claim_unused
 .text.spin_locks_reset
                0x10001720       0x1c CMakeFiles/Tarefa0302.dir/home/viktor/.pico-sdk/sdk/2.1.0/src/rp2_common/hardware_sync_spin_lock/sync_spin_lock.c.o
                0x10001720                spin_locks_reset
 .text.runtime_init_per_core_irq_priorities
                0x1000173c       0x24 CMakeFiles/Tarefa0302.dir/home/viktor/.pico-sdk/sdk/2.1.0/src/rp2_common/hardware_irq/irq.c.o
                0x1000173c                runtime_init_per_core_irq_priorities
 .text.irq_set_enabled
                0x10001760       0x24 CMakeFiles/Tarefa0302.dir/home/viktor/.pico-sdk/sdk/2.1.0/src/rp2_common/hardware_irq/irq.c.o
                0x10001760                irq_set_enabled
 .text.irq_is_enabled
                0x10001784       0x18 CMakeFiles/Tarefa0302.dir/home/viktor/.pico-sdk/sdk/2.1.0/src/rp2_common/hardware_irq/irq.c.o
                0x10001784                irq_is_enabled
 .text.irq_set_pending
                0x1000179c       0x10 CMakeFiles/Tarefa0302.dir/home/viktor/.pico-sdk/sdk/2.1.0/src/rp2_common/hardware_irq/irq.c.o
                0x1000179c                irq_set_pending
 .text.irq_has_shared_handler
                0x100017ac       0x2c CMakeFiles/Tarefa0302.dir/home/viktor/.pico-sdk/sdk/2.1.0/src/rp2_common/hardware_irq/irq.c.o
                0x100017ac                irq_has_shared_handler
 .text.irq_set_exclusive_handler
                0x100017d8       0x54 CMakeFiles/Tarefa0302.dir/home/viktor/.pico-sdk/sdk/2.1.0/src/rp2_common/hardware_irq/irq.c.o
                0x100017d8                irq_set_exclusive_handler
 .text.irq_add_shared_handler
                0x1000182c      0x1f4 CMakeFiles/Tarefa0302.dir/home/viktor/.pico-sdk/sdk/2.1.0/src/rp2_common/hardware_irq/irq.c.o
                0x1000182c                irq_add_shared_handler
 .text.irq_remove_handler
                0x10001a20      0x1d4 CMakeFiles/Tarefa0302.dir/home/viktor/.pico-sdk/sdk/2.1.0/src/rp2_common/hardware_irq/irq.c.o
                0x10001a20                irq_remove_handler
 .text.irq_add_tail_to_free_list
                0x10001bf4       0xb4 CMakeFiles/Tarefa0302.dir/home/viktor/.pico-sdk/sdk/2.1.0/src/rp2_common/hardware_irq/irq.c.o
                0x10001bf4                irq_add_tail_to_free_list
 .text.user_irq_claim_unused
                0x10001ca8       0x2c CMakeFiles/Tarefa0302.dir/home/viktor/.pico-sdk/sdk/2.1.0/src/rp2_common/hardware_irq/irq.c.o
                0x10001ca8                user_irq_claim_unused
 .text.lock_init
                0x10001cd4       0x10 CMakeFiles/Tarefa0302.dir/home/viktor/.pico-sdk/sdk/2.1.0/src/common/pico_sync/lock_core.c.o
                0x10001cd4                lock_init
 .text.runtime_init_mutex
                0x10001ce4       0x50 CMakeFiles/Tarefa0302.dir/home/viktor/.pico-sdk/sdk/2.1.0/src/common/pico_sync/mutex.c.o
                0x10001ce4                runtime_init_mutex
 .text.mutex_init
                0x10001d34       0x1c CMakeFiles/Tarefa0302.dir/home/viktor/.pico-sdk/sdk/2.1.0/src/common/pico_sync/mutex.c.o
                0x10001d34                mutex_init
 .text.critical_section_init
                0x10001d50       0x1c CMakeFiles/Tarefa0302.dir/home/viktor/.pico-sdk/sdk/2.1.0/src/common/pico_sync/critical_section.c.o
                0x10001d50                critical_section_init
 .text.critical_section_init_with_lock_num
                0x10001d6c       0x14 CMakeFiles/Tarefa0302.dir/home/viktor/.pico-sdk/sdk/2.1.0/src/common/pico_sync/critical_section.c.o
                0x10001d6c                critical_section_init_with_lock_num
 .text.sleep_until_callback
                0x10001d80       0x30 CMakeFiles/Tarefa0302.dir/home/viktor/.pico-sdk/sdk/2.1.0/src/common/pico_time/time.c.o
 .text.alarm_pool_irq_handler
                0x10001db0      0x2fc CMakeFiles/Tarefa0302.dir/home/viktor/.pico-sdk/sdk/2.1.0/src/common/pico_time/time.c.o
 .text.runtime_init_default_alarm_pool
                0x100020ac       0xdc CMakeFiles/Tarefa0302.dir/home/viktor/.pico-sdk/sdk/2.1.0/src/common/pico_time/time.c.o
                0x100020ac                runtime_init_default_alarm_pool
 .text.alarm_pool_get_default
                0x10002188        0x8 CMakeFiles/Tarefa0302.dir/home/viktor/.pico-sdk/sdk/2.1.0/src/common/pico_time/time.c.o
                0x10002188                alarm_pool_get_default
 .text.alarm_pool_add_alarm_at
                0x10002190       0xd4 CMakeFiles/Tarefa0302.dir/home/viktor/.pico-sdk/sdk/2.1.0/src/common/pico_time/time.c.o
                0x10002190                alarm_pool_add_alarm_at
 .text.alarm_pool_add_alarm_at_force_in_context
                0x10002264       0xb0 CMakeFiles/Tarefa0302.dir/home/viktor/.pico-sdk/sdk/2.1.0/src/common/pico_time/time.c.o
                0x10002264                alarm_pool_add_alarm_at_force_in_context
 .text.alarm_pool_cancel_alarm
                0x10002314       0x74 CMakeFiles/Tarefa0302.dir/home/viktor/.pico-sdk/sdk/2.1.0/src/common/pico_time/time.c.o
                0x10002314                alarm_pool_cancel_alarm
 .text.alarm_pool_core_num
                0x10002388        0x4 CMakeFiles/Tarefa0302.dir/home/viktor/.pico-sdk/sdk/2.1.0/src/common/pico_time/time.c.o
                0x10002388                alarm_pool_core_num
 .text.sleep_until
                0x1000238c       0xd8 CMakeFiles/Tarefa0302.dir/home/viktor/.pico-sdk/sdk/2.1.0/src/common/pico_time/time.c.o
                0x1000238c                sleep_until
 .text.sleep_ms
                0x10002464       0x38 CMakeFiles/Tarefa0302.dir/home/viktor/.pico-sdk/sdk/2.1.0/src/common/pico_time/time.c.o
                0x10002464                sleep_ms
 .text.best_effort_wfe_or_timeout
                0x1000249c       0xe0 CMakeFiles/Tarefa0302.dir/home/viktor/.pico-sdk/sdk/2.1.0/src/common/pico_time/time.c.o
                0x1000249c                best_effort_wfe_or_timeout
 .text.timer_hardware_alarm_claim
                0x1000257c       0x14 CMakeFiles/Tarefa0302.dir/home/viktor/.pico-sdk/sdk/2.1.0/src/rp2_common/hardware_timer/timer.c.o
                0x1000257c                timer_hardware_alarm_claim
 .text.timer_time_us_64
                0x10002590       0x10 CMakeFiles/Tarefa0302.dir/home/viktor/.pico-sdk/sdk/2.1.0/src/rp2_common/hardware_timer/timer.c.o
                0x10002590                timer_time_us_64
 .text.time_us_64
                0x100025a0       0x14 CMakeFiles/Tarefa0302.dir/home/viktor/.pico-sdk/sdk/2.1.0/src/rp2_common/hardware_timer/timer.c.o
                0x100025a0                time_us_64
 .text.busy_wait_us
                0x100025b4       0x68 CMakeFiles/Tarefa0302.dir/home/viktor/.pico-sdk/sdk/2.1.0/src/rp2_common/hardware_timer/timer.c.o
                0x100025b4                busy_wait_us
 .text.busy_wait_until
                0x1000261c       0x20 CMakeFiles/Tarefa0302.dir/home/viktor/.pico-sdk/sdk/2.1.0/src/rp2_common/hardware_timer/timer.c.o
                0x1000261c                busy_wait_until
 .text.clock_configure_int_divider
                0x1000263c       0xf4 CMakeFiles/Tarefa0302.dir/home/viktor/.pico-sdk/sdk/2.1.0/src/rp2_common/hardware_clocks/clocks.c.o
                0x1000263c                clock_configure_int_divider
 .text.clock_configure_undivided
                0x10002730       0xe8 CMakeFiles/Tarefa0302.dir/home/viktor/.pico-sdk/sdk/2.1.0/src/rp2_common/hardware_clocks/clocks.c.o
                0x10002730                clock_configure_undivided
 .text.clock_get_hz
                0x10002818        0xc CMakeFiles/Tarefa0302.dir/home/viktor/.pico-sdk/sdk/2.1.0/src/rp2_common/hardware_clocks/clocks.c.o
                0x10002818                clock_get_hz
 .text.pll_init
                0x10002824       0xa4 CMakeFiles/Tarefa0302.dir/home/viktor/.pico-sdk/sdk/2.1.0/src/rp2_common/hardware_pll/pll.c.o
                0x10002824                pll_init
 .text.watchdog_reboot
                0x100028c8       0x9c CMakeFiles/Tarefa0302.dir/home/viktor/.pico-sdk/sdk/2.1.0/src/rp2_common/hardware_watchdog/watchdog.c.o
                0x100028c8                watchdog_reboot
 .text.tick_start
                0x10002964       0x10 CMakeFiles/Tarefa0302.dir/home/viktor/.pico-sdk/sdk/2.1.0/src/rp2_common/hardware_ticks/ticks.c.o
                0x10002964                tick_start
 .text.rom_func_lookup
                0x10002974       0x10 CMakeFiles/Tarefa0302.dir/home/viktor/.pico-sdk/sdk/2.1.0/src/rp2_common/pico_bootrom/bootrom.c.o
                0x10002974                rom_func_lookup
 .text.rom_data_lookup
                0x10002984       0x10 CMakeFiles/Tarefa0302.dir/home/viktor/.pico-sdk/sdk/2.1.0/src/rp2_common/pico_bootrom/bootrom.c.o
                0x10002984                rom_data_lookup
 .text.rom_funcs_lookup
                0x10002994       0x44 CMakeFiles/Tarefa0302.dir/home/viktor/.pico-sdk/sdk/2.1.0/src/rp2_common/pico_bootrom/bootrom.c.o
                0x10002994                rom_funcs_lookup
 .text.rom_reset_usb_boot_extra
                0x100029d8       0x28 CMakeFiles/Tarefa0302.dir/home/viktor/.pico-sdk/sdk/2.1.0/src/rp2_common/pico_bootrom/bootrom.c.o
                0x100029d8                rom_reset_usb_boot_extra
 .text.xosc_init
                0x10002a00       0x28 CMakeFiles/Tarefa0302.dir/home/viktor/.pico-sdk/sdk/2.1.0/src/rp2_common/hardware_xosc/xosc.c.o
                0x10002a00                xosc_init
 .text.first_per_core_initializer
                0x10002a28        0x4 CMakeFiles/Tarefa0302.dir/home/viktor/.pico-sdk/sdk/2.1.0/src/rp2_common/pico_runtime/runtime.c.o
 .text.hard_assertion_failure
                0x10002a2c        0xc CMakeFiles/Tarefa0302.dir/home/viktor/.pico-sdk/sdk/2.1.0/src/rp2_common/pico_runtime/runtime.c.o
                0x10002a2c                hard_assertion_failure
 .text.runtime_run_initializers
                0x10002a38       0x28 CMakeFiles/Tarefa0302.dir/home/viktor/.pico-sdk/sdk/2.1.0/src/rp2_common/pico_runtime/runtime.c.o
                0x10002a38                runtime_run_initializers
 .text.runtime_init_early_resets
                0x10002a60       0x2c CMakeFiles/Tarefa0302.dir/home/viktor/.pico-sdk/sdk/2.1.0/src/rp2_common/pico_runtime_init/runtime_init.c.o
                0x10002a60                runtime_init_early_resets
 .text.runtime_init_usb_power_down
                0x10002a8c       0x1c CMakeFiles/Tarefa0302.dir/home/viktor/.pico-sdk/sdk/2.1.0/src/rp2_common/pico_runtime_init/runtime_init.c.o
                0x10002a8c                runtime_init_usb_power_down
 .text.runtime_init_post_clock_resets
                0x10002aa8       0x20 CMakeFiles/Tarefa0302.dir/home/viktor/.pico-sdk/sdk/2.1.0/src/rp2_common/pico_runtime_init/runtime_init.c.o
                0x10002aa8                runtime_init_post_clock_resets
 .text.runtime_init_rp2040_gpio_ie_disable
                0x10002ac8       0x14 CMakeFiles/Tarefa0302.dir/home/viktor/.pico-sdk/sdk/2.1.0/src/rp2_common/pico_runtime_init/runtime_init.c.o
                0x10002ac8                runtime_init_rp2040_gpio_ie_disable
 .text.runtime_init_spin_locks_reset
                0x10002adc        0x8 CMakeFiles/Tarefa0302.dir/home/viktor/.pico-sdk/sdk/2.1.0/src/rp2_common/pico_runtime_init/runtime_init.c.o
                0x10002adc                runtime_init_spin_locks_reset
 .text.runtime_init_install_ram_vector_table
                0x10002ae4       0x1c CMakeFiles/Tarefa0302.dir/home/viktor/.pico-sdk/sdk/2.1.0/src/rp2_common/pico_runtime_init/runtime_init.c.o
                0x10002ae4                runtime_init_install_ram_vector_table
 .text.runtime_init_clocks
                0x10002b00       0xd8 CMakeFiles/Tarefa0302.dir/home/viktor/.pico-sdk/sdk/2.1.0/src/rp2_common/pico_runtime_init/runtime_init_clocks.c.o
                0x10002b00                runtime_init_clocks
 .text          0x10002bd8       0x10 CMakeFiles/Tarefa0302.dir/home/viktor/.pico-sdk/sdk/2.1.0/src/rp2_common/pico_bit_ops/bit_ops_aeabi.S.o
 .text.__wrap___aeabi_uidiv
                0x10002be8       0x4c CMakeFiles/Tarefa0302.dir/home/viktor/.pico-sdk/sdk/2.1.0/src/rp2_common/pico_divider/divider_hardware.S.o
                0x10002be8                __wrap___aeabi_uidiv
                0x10002be8                __wrap___aeabi_uidivmod
                0x10002be8                div_u32u32
                0x10002be8                divmod_u32u32
                0x10002bf0                divmod_u32u32_unsafe
                0x10002c18                divmod_u32u32_savestate
 .text.missing_double_func_shim
                0x10002c34        0xc CMakeFiles/Tarefa0302.dir/home/viktor/.pico-sdk/sdk/2.1.0/src/rp2_common/pico_double/double_init_rom_rp2040.c.o
 .text.__aeabi_double_init
                0x10002c40       0xa0 CMakeFiles/Tarefa0302.dir/home/viktor/.pico-sdk/sdk/2.1.0/src/rp2_common/pico_double/double_init_rom_rp2040.c.o
                0x10002c40                __aeabi_double_init
 .text.double_table_shim_on_use_helper
                0x10002ce0       0x2c CMakeFiles/Tarefa0302.dir/home/viktor/.pico-sdk/sdk/2.1.0/src/rp2_common/pico_double/double_v1_rom_shim_rp2040.S.o
                0x10002ce0                double_table_shim_on_use_helper
 .text.__aeabi_lmul
                0x10002d0c       0x32 CMakeFiles/Tarefa0302.dir/home/viktor/.pico-sdk/sdk/2.1.0/src/rp2_common/pico_int64_ops/pico_int64_ops_aeabi.S.o
                0x10002d0c                __wrap___aeabi_lmul
 *fill*         0x10002d3e        0x2 
 .text.__wrap___aeabi_farithmetic
                0x10002d40       0x48 CMakeFiles/Tarefa0302.dir/home/viktor/.pico-sdk/sdk/2.1.0/src/rp2_common/pico_float/float_aeabi_rp2040.S.o
                0x10002d40                __wrap___aeabi_frsub
                0x10002d46                __wrap___aeabi_fsub
                0x10002d4c                __wrap___aeabi_fadd
                0x10002d52                __wrap___aeabi_fdiv
                0x10002d7a                __wrap___aeabi_fmul
 .text.__wrap___aeabi_ui2f
                0x10002d88        0xa CMakeFiles/Tarefa0302.dir/home/viktor/.pico-sdk/sdk/2.1.0/src/rp2_common/pico_float/float_aeabi_rp2040.S.o
                0x10002d88                uint2float
                0x10002d88                __wrap___aeabi_ui2f
 *fill*         0x10002d92        0x2 
 .text.__wrap___aeabi_i2f
                0x10002d94       0x44 CMakeFiles/Tarefa0302.dir/home/viktor/.pico-sdk/sdk/2.1.0/src/rp2_common/pico_float/float_aeabi_rp2040.S.o
                0x10002d94                int2float
                0x10002d94                __wrap___aeabi_i2f
 .text.__wrap___aeabi_f2uiz
                0x10002dd8        0xc CMakeFiles/Tarefa0302.dir/home/viktor/.pico-sdk/sdk/2.1.0/src/rp2_common/pico_float/float_aeabi_rp2040.S.o
                0x10002dd8                float2uint_z
                0x10002dd8                __wrap___aeabi_f2uiz
 .text.missing_float_func_shim
                0x10002de4        0xc CMakeFiles/Tarefa0302.dir/home/viktor/.pico-sdk/sdk/2.1.0/src/rp2_common/pico_float/float_init_rom_rp2040.c.o
 .text.__aeabi_float_init
                0x10002df0       0x5c CMakeFiles/Tarefa0302.dir/home/viktor/.pico-sdk/sdk/2.1.0/src/rp2_common/pico_float/float_init_rom_rp2040.c.o
                0x10002df0                __aeabi_float_init
 .text.__wrap_calloc
                0x10002e4c       0x28 CMakeFiles/Tarefa0302.dir/home/viktor/.pico-sdk/sdk/2.1.0/src/rp2_common/pico_malloc/malloc.c.o
                0x10002e4c                __wrap_calloc
 .text          0x10002e74       0x10 CMakeFiles/Tarefa0302.dir/home/viktor/.pico-sdk/sdk/2.1.0/src/rp2_common/pico_mem_ops/mem_ops_aeabi.S.o
                0x10002e74                __aeabi_mem_init
 .text.memset   0x10002e84        0xc CMakeFiles/Tarefa0302.dir/home/viktor/.pico-sdk/sdk/2.1.0/src/rp2_common/pico_mem_ops/mem_ops_aeabi.S.o
                0x10002e84                __wrap_memset
 .text.memcpy   0x10002e90        0xc CMakeFiles/Tarefa0302.dir/home/viktor/.pico-sdk/sdk/2.1.0/src/rp2_common/pico_mem_ops/mem_ops_aeabi.S.o
                0x10002e90                __wrap___aeabi_memcpy
                0x10002e90                __wrap_memcpy
 .text._out_char
                0x10002e9c       0x10 CMakeFiles/Tarefa0302.dir/home/viktor/.pico-sdk/sdk/2.1.0/src/rp2_common/pico_printf/printf.c.o
 .text.weak_raw_vprintf
                0x10002eac       0x30 CMakeFiles/Tarefa0302.dir/home/viktor/.pico-sdk/sdk/2.1.0/src/rp2_common/pico_printf/printf.c.o
                0x10002eac                weak_raw_vprintf
 .text._exit    0x10002edc        0x4 CMakeFiles/Tarefa0302.dir/home/viktor/.pico-sdk/sdk/2.1.0/src/rp2_common/pico_clib_interface/newlib_interface.c.o
                0x10002edc                _exit
 .text._sbrk    0x10002ee0       0x34 CMakeFiles/Tarefa0302.dir/home/viktor/.pico-sdk/sdk/2.1.0/src/rp2_common/pico_clib_interface/newlib_interface.c.o
                0x10002ee0                _sbrk
 .text.exit     0x10002f14        0x8 CMakeFiles/Tarefa0302.dir/home/viktor/.pico-sdk/sdk/2.1.0/src/rp2_common/pico_clib_interface/newlib_interface.c.o
                0x10002f14                exit
 .text.runtime_init
                0x10002f1c       0x2c CMakeFiles/Tarefa0302.dir/home/viktor/.pico-sdk/sdk/2.1.0/src/rp2_common/pico_clib_interface/newlib_interface.c.o
                0x10002f1c                runtime_init
 .text.stdio_out_chars_no_crlf
                0x10002f48       0x10 CMakeFiles/Tarefa0302.dir/home/viktor/.pico-sdk/sdk/2.1.0/src/rp2_common/pico_stdio/stdio.c.o
 .text.stdio_out_chars_crlf
                0x10002f58       0x94 CMakeFiles/Tarefa0302.dir/home/viktor/.pico-sdk/sdk/2.1.0/src/rp2_common/pico_stdio/stdio.c.o
 .text.stdio_put_string
                0x10002fec      0x100 CMakeFiles/Tarefa0302.dir/home/viktor/.pico-sdk/sdk/2.1.0/src/rp2_common/pico_stdio/stdio.c.o
                0x10002fec                stdio_put_string
 .text.stdio_set_driver_enabled
                0x100030ec       0x30 CMakeFiles/Tarefa0302.dir/home/viktor/.pico-sdk/sdk/2.1.0/src/rp2_common/pico_stdio/stdio.c.o
                0x100030ec                stdio_set_driver_enabled
 .text.stdio_init_all
                0x1000311c        0x8 CMakeFiles/Tarefa0302.dir/home/viktor/.pico-sdk/sdk/2.1.0/src/rp2_common/pico_stdio/stdio.c.o
                0x1000311c                stdio_init_all
 .text.__wrap_getchar
                0x10003124       0x7c CMakeFiles/Tarefa0302.dir/home/viktor/.pico-sdk/sdk/2.1.0/src/rp2_common/pico_stdio/stdio.c.o
                0x10003124                __wrap_getchar
                0x10003124                stdio_getchar
 .text.__wrap_putchar
                0x100031a0       0x98 CMakeFiles/Tarefa0302.dir/home/viktor/.pico-sdk/sdk/2.1.0/src/rp2_common/pico_stdio/stdio.c.o
                0x100031a0                stdio_putchar
                0x100031a0                __wrap_putchar
 .text.__wrap_puts
                0x10003238       0x3c CMakeFiles/Tarefa0302.dir/home/viktor/.pico-sdk/sdk/2.1.0/src/rp2_common/pico_stdio/stdio.c.o
                0x10003238                __wrap_puts
                0x10003238                stdio_puts
 .text.resetd_init
                0x10003274        0x4 CMakeFiles/Tarefa0302.dir/home/viktor/.pico-sdk/sdk/2.1.0/src/rp2_common/pico_stdio_usb/reset_interface.c.o
 .text.resetd_reset
                0x10003278        0xc CMakeFiles/Tarefa0302.dir/home/viktor/.pico-sdk/sdk/2.1.0/src/rp2_common/pico_stdio_usb/reset_interface.c.o
 .text.resetd_open
                0x10003284       0x28 CMakeFiles/Tarefa0302.dir/home/viktor/.pico-sdk/sdk/2.1.0/src/rp2_common/pico_stdio_usb/reset_interface.c.o
 .text.resetd_xfer_cb
                0x100032ac        0x4 CMakeFiles/Tarefa0302.dir/home/viktor/.pico-sdk/sdk/2.1.0/src/rp2_common/pico_stdio_usb/reset_interface.c.o
 .text.resetd_control_xfer_cb
                0x100032b0       0x5c CMakeFiles/Tarefa0302.dir/home/viktor/.pico-sdk/sdk/2.1.0/src/rp2_common/pico_stdio_usb/reset_interface.c.o
 .text.tud_descriptor_bos_cb
                0x1000330c        0x8 CMakeFiles/Tarefa0302.dir/home/viktor/.pico-sdk/sdk/2.1.0/src/rp2_common/pico_stdio_usb/reset_interface.c.o
                0x1000330c                tud_descriptor_bos_cb
 .text.tud_vendor_control_xfer_cb
                0x10003314       0x34 CMakeFiles/Tarefa0302.dir/home/viktor/.pico-sdk/sdk/2.1.0/src/rp2_common/pico_stdio_usb/reset_interface.c.o
                0x10003314                tud_vendor_control_xfer_cb
 .text.usbd_app_driver_get_cb
                0x10003348        0xc CMakeFiles/Tarefa0302.dir/home/viktor/.pico-sdk/sdk/2.1.0/src/rp2_common/pico_stdio_usb/reset_interface.c.o
                0x10003348                usbd_app_driver_get_cb
 .text.tud_cdc_line_coding_cb
                0x10003354       0x2c CMakeFiles/Tarefa0302.dir/home/viktor/.pico-sdk/sdk/2.1.0/src/rp2_common/pico_stdio_usb/reset_interface.c.o
                0x10003354                tud_cdc_line_coding_cb
 .text.stdio_usb_set_chars_available_callback
                0x10003380       0x14 CMakeFiles/Tarefa0302.dir/home/viktor/.pico-sdk/sdk/2.1.0/src/rp2_common/pico_stdio_usb/stdio_usb.c.o
                0x10003380                stdio_usb_set_chars_available_callback
 .text.usb_irq  0x10003394       0x10 CMakeFiles/Tarefa0302.dir/home/viktor/.pico-sdk/sdk/2.1.0/src/rp2_common/pico_stdio_usb/stdio_usb.c.o
 .text.timer_task
                0x100033a4       0x64 CMakeFiles/Tarefa0302.dir/home/viktor/.pico-sdk/sdk/2.1.0/src/rp2_common/pico_stdio_usb/stdio_usb.c.o
 .text.stdio_usb_in_chars
                0x10003408       0x90 CMakeFiles/Tarefa0302.dir/home/viktor/.pico-sdk/sdk/2.1.0/src/rp2_common/pico_stdio_usb/stdio_usb.c.o
                0x10003408                stdio_usb_in_chars
 .text.stdio_usb_out_flush
                0x10003498       0x50 CMakeFiles/Tarefa0302.dir/home/viktor/.pico-sdk/sdk/2.1.0/src/rp2_common/pico_stdio_usb/stdio_usb.c.o
 .text.stdio_usb_out_chars
                0x100034e8      0x104 CMakeFiles/Tarefa0302.dir/home/viktor/.pico-sdk/sdk/2.1.0/src/rp2_common/pico_stdio_usb/stdio_usb.c.o
 .text.low_priority_worker_irq
                0x100035ec       0xcc CMakeFiles/Tarefa0302.dir/home/viktor/.pico-sdk/sdk/2.1.0/src/rp2_common/pico_stdio_usb/stdio_usb.c.o
 .text.stdio_usb_init
                0x100036b8       0xe8 CMakeFiles/Tarefa0302.dir/home/viktor/.pico-sdk/sdk/2.1.0/src/rp2_common/pico_stdio_usb/stdio_usb.c.o
                0x100036b8                stdio_usb_init
 .text.tud_descriptor_device_cb
                0x100037a0        0x8 CMakeFiles/Tarefa0302.dir/home/viktor/.pico-sdk/sdk/2.1.0/src/rp2_common/pico_stdio_usb/stdio_usb_descriptors.c.o
                0x100037a0                tud_descriptor_device_cb
 .text.tud_descriptor_configuration_cb
                0x100037a8        0x8 CMakeFiles/Tarefa0302.dir/home/viktor/.pico-sdk/sdk/2.1.0/src/rp2_common/pico_stdio_usb/stdio_usb_descriptors.c.o
                0x100037a8                tud_descriptor_configuration_cb
 .text.tud_descriptor_string_cb
                0x100037b0       0x78 CMakeFiles/Tarefa0302.dir/home/viktor/.pico-sdk/sdk/2.1.0/src/rp2_common/pico_stdio_usb/stdio_usb_descriptors.c.o
                0x100037b0                tud_descriptor_string_cb
 .text.startup._retrieve_unique_id_on_boot
                0x10003828       0x10 CMakeFiles/Tarefa0302.dir/home/viktor/.pico-sdk/sdk/2.1.0/src/rp2_common/pico_unique_id/unique_id.c.o
 .text.pico_get_unique_board_id_string
                0x10003838      0x1a8 CMakeFiles/Tarefa0302.dir/home/viktor/.pico-sdk/sdk/2.1.0/src/rp2_common/pico_unique_id/unique_id.c.o
                0x10003838                pico_get_unique_board_id_string
 .text.flash_get_unique_id
                0x100039e0       0x3c CMakeFiles/Tarefa0302.dir/home/viktor/.pico-sdk/sdk/2.1.0/src/rp2_common/hardware_flash/flash.c.o
                0x100039e0                flash_get_unique_id
 .text.dcd_init
                0x10003a1c       0x8c CMakeFiles/Tarefa0302.dir/home/viktor/.pico-sdk/sdk/2.1.0/lib/tinyusb/src/portable/raspberrypi/rp2040/dcd_rp2040.c.o
                0x10003a1c                dcd_init
 .text.dcd_int_enable
                0x10003aa8        0xc CMakeFiles/Tarefa0302.dir/home/viktor/.pico-sdk/sdk/2.1.0/lib/tinyusb/src/portable/raspberrypi/rp2040/dcd_rp2040.c.o
                0x10003aa8                dcd_int_enable
 .text.dcd_set_address
                0x10003ab4       0x14 CMakeFiles/Tarefa0302.dir/home/viktor/.pico-sdk/sdk/2.1.0/lib/tinyusb/src/portable/raspberrypi/rp2040/dcd_rp2040.c.o
                0x10003ab4                dcd_set_address
 .text.dcd_sof_enable
                0x10003ac8       0x1c CMakeFiles/Tarefa0302.dir/home/viktor/.pico-sdk/sdk/2.1.0/lib/tinyusb/src/portable/raspberrypi/rp2040/dcd_rp2040.c.o
                0x10003ac8                dcd_sof_enable
 .text.dcd_edpt0_status_complete
                0x10003ae4       0x1c CMakeFiles/Tarefa0302.dir/home/viktor/.pico-sdk/sdk/2.1.0/lib/tinyusb/src/portable/raspberrypi/rp2040/dcd_rp2040.c.o
                0x10003ae4                dcd_edpt0_status_complete
 .text.dcd_edpt_open
                0x10003b00      0x108 CMakeFiles/Tarefa0302.dir/home/viktor/.pico-sdk/sdk/2.1.0/lib/tinyusb/src/portable/raspberrypi/rp2040/dcd_rp2040.c.o
                0x10003b00                dcd_edpt_open
 .text.dcd_edpt_close_all
                0x10003c08        0x8 CMakeFiles/Tarefa0302.dir/home/viktor/.pico-sdk/sdk/2.1.0/lib/tinyusb/src/portable/raspberrypi/rp2040/dcd_rp2040.c.o
                0x10003c08                dcd_edpt_close_all
 .text.dcd_edpt_xfer
                0x10003c10       0x24 CMakeFiles/Tarefa0302.dir/home/viktor/.pico-sdk/sdk/2.1.0/lib/tinyusb/src/portable/raspberrypi/rp2040/dcd_rp2040.c.o
                0x10003c10                dcd_edpt_xfer
 .text.dcd_edpt_stall
                0x10003c34       0x34 CMakeFiles/Tarefa0302.dir/home/viktor/.pico-sdk/sdk/2.1.0/lib/tinyusb/src/portable/raspberrypi/rp2040/dcd_rp2040.c.o
                0x10003c34                dcd_edpt_stall
 .text.dcd_edpt_clear_stall
                0x10003c68       0x30 CMakeFiles/Tarefa0302.dir/home/viktor/.pico-sdk/sdk/2.1.0/lib/tinyusb/src/portable/raspberrypi/rp2040/dcd_rp2040.c.o
                0x10003c68                dcd_edpt_clear_stall
 .text.rp2040_usb_init
                0x10003c98       0x40 CMakeFiles/Tarefa0302.dir/home/viktor/.pico-sdk/sdk/2.1.0/lib/tinyusb/src/portable/raspberrypi/rp2040/rp2040_usb.c.o
                0x10003c98                rp2040_usb_init
 .text.hw_endpoint_xfer_start
                0x10003cd8       0x40 CMakeFiles/Tarefa0302.dir/home/viktor/.pico-sdk/sdk/2.1.0/lib/tinyusb/src/portable/raspberrypi/rp2040/rp2040_usb.c.o
                0x10003cd8                hw_endpoint_xfer_start
 .text.tud_event_hook_cb
                0x10003d18        0x4 CMakeFiles/Tarefa0302.dir/home/viktor/.pico-sdk/sdk/2.1.0/lib/tinyusb/src/device/usbd.c.o
                0x10003d18                tud_event_hook_cb
 .text.tud_sof_cb
                0x10003d1c        0x4 CMakeFiles/Tarefa0302.dir/home/viktor/.pico-sdk/sdk/2.1.0/lib/tinyusb/src/device/usbd.c.o
                0x10003d1c                tud_sof_cb
 .text.tud_descriptor_device_qualifier_cb
                0x10003d20        0x4 CMakeFiles/Tarefa0302.dir/home/viktor/.pico-sdk/sdk/2.1.0/lib/tinyusb/src/device/usbd.c.o
                0x10003d20                tud_descriptor_device_qualifier_cb
 .text.tud_descriptor_other_speed_configuration_cb
                0x10003d24        0x4 CMakeFiles/Tarefa0302.dir/home/viktor/.pico-sdk/sdk/2.1.0/lib/tinyusb/src/device/usbd.c.o
                0x10003d24                tud_descriptor_other_speed_configuration_cb
 .text.tud_mount_cb
                0x10003d28        0x4 CMakeFiles/Tarefa0302.dir/home/viktor/.pico-sdk/sdk/2.1.0/lib/tinyusb/src/device/usbd.c.o
                0x10003d28                tud_mount_cb
 .text.tud_umount_cb
                0x10003d2c        0x4 CMakeFiles/Tarefa0302.dir/home/viktor/.pico-sdk/sdk/2.1.0/lib/tinyusb/src/device/usbd.c.o
                0x10003d2c                tud_umount_cb
 .text.tud_suspend_cb
                0x10003d30        0x4 CMakeFiles/Tarefa0302.dir/home/viktor/.pico-sdk/sdk/2.1.0/lib/tinyusb/src/device/usbd.c.o
                0x10003d30                tud_suspend_cb
 .text.tud_resume_cb
                0x10003d34        0x4 CMakeFiles/Tarefa0302.dir/home/viktor/.pico-sdk/sdk/2.1.0/lib/tinyusb/src/device/usbd.c.o
                0x10003d34                tud_resume_cb
 .text.tud_mounted
                0x10003d38       0x10 CMakeFiles/Tarefa0302.dir/home/viktor/.pico-sdk/sdk/2.1.0/lib/tinyusb/src/device/usbd.c.o
                0x10003d38                tud_mounted
 .text.tud_suspended
                0x10003d48       0x10 CMakeFiles/Tarefa0302.dir/home/viktor/.pico-sdk/sdk/2.1.0/lib/tinyusb/src/device/usbd.c.o
                0x10003d48                tud_suspended
 .text.tud_init
                0x10003d58       0xe4 CMakeFiles/Tarefa0302.dir/home/viktor/.pico-sdk/sdk/2.1.0/lib/tinyusb/src/device/usbd.c.o
                0x10003d58                tud_init
 .text.tud_task_ext
                0x10003e3c      0x800 CMakeFiles/Tarefa0302.dir/home/viktor/.pico-sdk/sdk/2.1.0/lib/tinyusb/src/device/usbd.c.o
                0x10003e3c                tud_task_ext
 .text.usbd_open_edpt_pair
                0x1000463c       0x9c CMakeFiles/Tarefa0302.dir/home/viktor/.pico-sdk/sdk/2.1.0/lib/tinyusb/src/device/usbd.c.o
                0x1000463c                usbd_open_edpt_pair
 .text.usbd_edpt_open
                0x100046d8       0x34 CMakeFiles/Tarefa0302.dir/home/viktor/.pico-sdk/sdk/2.1.0/lib/tinyusb/src/device/usbd.c.o
                0x100046d8                usbd_edpt_open
 .text.usbd_edpt_claim
                0x1000470c       0x28 CMakeFiles/Tarefa0302.dir/home/viktor/.pico-sdk/sdk/2.1.0/lib/tinyusb/src/device/usbd.c.o
                0x1000470c                usbd_edpt_claim
 .text.usbd_edpt_release
                0x10004734       0x28 CMakeFiles/Tarefa0302.dir/home/viktor/.pico-sdk/sdk/2.1.0/lib/tinyusb/src/device/usbd.c.o
                0x10004734                usbd_edpt_release
 .text.usbd_edpt_xfer
                0x1000475c       0x4c CMakeFiles/Tarefa0302.dir/home/viktor/.pico-sdk/sdk/2.1.0/lib/tinyusb/src/device/usbd.c.o
                0x1000475c                usbd_edpt_xfer
 .text.tud_control_status
                0x100047a8       0x2c CMakeFiles/Tarefa0302.dir/home/viktor/.pico-sdk/sdk/2.1.0/lib/tinyusb/src/device/usbd_control.c.o
                0x100047a8                tud_control_status
 .text.tud_control_xfer
                0x100047d4       0xac CMakeFiles/Tarefa0302.dir/home/viktor/.pico-sdk/sdk/2.1.0/lib/tinyusb/src/device/usbd_control.c.o
                0x100047d4                tud_control_xfer
 .text.usbd_control_reset
                0x10004880       0x14 CMakeFiles/Tarefa0302.dir/home/viktor/.pico-sdk/sdk/2.1.0/lib/tinyusb/src/device/usbd_control.c.o
                0x10004880                usbd_control_reset
 .text.usbd_control_set_complete_callback
                0x10004894        0xc CMakeFiles/Tarefa0302.dir/home/viktor/.pico-sdk/sdk/2.1.0/lib/tinyusb/src/device/usbd_control.c.o
                0x10004894                usbd_control_set_complete_callback
 .text.usbd_control_set_request
                0x100048a0       0x1c CMakeFiles/Tarefa0302.dir/home/viktor/.pico-sdk/sdk/2.1.0/lib/tinyusb/src/device/usbd_control.c.o
                0x100048a0                usbd_control_set_request
 .text.usbd_control_xfer_cb
                0x100048bc       0xec CMakeFiles/Tarefa0302.dir/home/viktor/.pico-sdk/sdk/2.1.0/lib/tinyusb/src/device/usbd_control.c.o
                0x100048bc                usbd_control_xfer_cb
 .text._prep_out_transaction.isra.0
                0x100049a8       0x5c CMakeFiles/Tarefa0302.dir/home/viktor/.pico-sdk/sdk/2.1.0/lib/tinyusb/src/class/cdc/cdc_device.c.o
 .text.tud_cdc_n_connected
                0x10004a04       0x30 CMakeFiles/Tarefa0302.dir/home/viktor/.pico-sdk/sdk/2.1.0/lib/tinyusb/src/class/cdc/cdc_device.c.o
                0x10004a04                tud_cdc_n_connected
 .text.tud_cdc_n_available
                0x10004a34       0x18 CMakeFiles/Tarefa0302.dir/home/viktor/.pico-sdk/sdk/2.1.0/lib/tinyusb/src/class/cdc/cdc_device.c.o
                0x10004a34                tud_cdc_n_available
 .text.tud_cdc_n_read
                0x10004a4c       0x98 CMakeFiles/Tarefa0302.dir/home/viktor/.pico-sdk/sdk/2.1.0/lib/tinyusb/src/class/cdc/cdc_device.c.o
                0x10004a4c                tud_cdc_n_read
 .text.tud_cdc_n_write_flush
                0x10004ae4       0x78 CMakeFiles/Tarefa0302.dir/home/viktor/.pico-sdk/sdk/2.1.0/lib/tinyusb/src/class/cdc/cdc_device.c.o
                0x10004ae4                tud_cdc_n_write_flush
 .text.tud_cdc_n_write
                0x10004b5c       0x40 CMakeFiles/Tarefa0302.dir/home/viktor/.pico-sdk/sdk/2.1.0/lib/tinyusb/src/class/cdc/cdc_device.c.o
                0x10004b5c                tud_cdc_n_write
 .text.tud_cdc_n_write_available
                0x10004b9c       0x18 CMakeFiles/Tarefa0302.dir/home/viktor/.pico-sdk/sdk/2.1.0/lib/tinyusb/src/class/cdc/cdc_device.c.o
                0x10004b9c                tud_cdc_n_write_available
 .text.cdcd_init
                0x10004bb4       0x7c CMakeFiles/Tarefa0302.dir/home/viktor/.pico-sdk/sdk/2.1.0/lib/tinyusb/src/class/cdc/cdc_device.c.o
                0x10004bb4                cdcd_init
 .text.cdcd_deinit
                0x10004c30       0x34 CMakeFiles/Tarefa0302.dir/home/viktor/.pico-sdk/sdk/2.1.0/lib/tinyusb/src/class/cdc/cdc_device.c.o
                0x10004c30                cdcd_deinit
 .text.cdcd_reset
                0x10004c64       0x4c CMakeFiles/Tarefa0302.dir/home/viktor/.pico-sdk/sdk/2.1.0/lib/tinyusb/src/class/cdc/cdc_device.c.o
                0x10004c64                cdcd_reset
 .text.cdcd_open
                0x10004cb0       0xb0 CMakeFiles/Tarefa0302.dir/home/viktor/.pico-sdk/sdk/2.1.0/lib/tinyusb/src/class/cdc/cdc_device.c.o
                0x10004cb0                cdcd_open
 .text.cdcd_control_xfer_cb
                0x10004d60       0xe4 CMakeFiles/Tarefa0302.dir/home/viktor/.pico-sdk/sdk/2.1.0/lib/tinyusb/src/class/cdc/cdc_device.c.o
                0x10004d60                cdcd_control_xfer_cb
 .text.cdcd_xfer_cb
                0x10004e44      0x100 CMakeFiles/Tarefa0302.dir/home/viktor/.pico-sdk/sdk/2.1.0/lib/tinyusb/src/class/cdc/cdc_device.c.o
                0x10004e44                cdcd_xfer_cb
 .text.vendord_init
                0x10004f44       0x5c CMakeFiles/Tarefa0302.dir/home/viktor/.pico-sdk/sdk/2.1.0/lib/tinyusb/src/class/vendor/vendor_device.c.o
                0x10004f44                vendord_init
 .text.vendord_deinit
                0x10004fa0       0x1c CMakeFiles/Tarefa0302.dir/home/viktor/.pico-sdk/sdk/2.1.0/lib/tinyusb/src/class/vendor/vendor_device.c.o
                0x10004fa0                vendord_deinit
 .text.vendord_reset
                0x10004fbc       0x20 CMakeFiles/Tarefa0302.dir/home/viktor/.pico-sdk/sdk/2.1.0/lib/tinyusb/src/class/vendor/vendor_device.c.o
                0x10004fbc                vendord_reset
 .text.vendord_open
                0x10004fdc      0x138 CMakeFiles/Tarefa0302.dir/home/viktor/.pico-sdk/sdk/2.1.0/lib/tinyusb/src/class/vendor/vendor_device.c.o
                0x10004fdc                vendord_open
 .text.vendord_xfer_cb
                0x10005114       0x9c CMakeFiles/Tarefa0302.dir/home/viktor/.pico-sdk/sdk/2.1.0/lib/tinyusb/src/class/vendor/vendor_device.c.o
                0x10005114                vendord_xfer_cb
 .text.tusb_init
                0x100051b0        0xc CMakeFiles/Tarefa0302.dir/home/viktor/.pico-sdk/sdk/2.1.0/lib/tinyusb/src/tusb.c.o
                0x100051b0                tusb_init
 .text.tu_edpt_claim
                0x100051bc       0x50 CMakeFiles/Tarefa0302.dir/home/viktor/.pico-sdk/sdk/2.1.0/lib/tinyusb/src/tusb.c.o
                0x100051bc                tu_edpt_claim
 .text.tu_edpt_release
                0x1000520c       0x38 CMakeFiles/Tarefa0302.dir/home/viktor/.pico-sdk/sdk/2.1.0/lib/tinyusb/src/tusb.c.o
                0x1000520c                tu_edpt_release
 .text.tu_edpt_validate
                0x10005244       0x7c CMakeFiles/Tarefa0302.dir/home/viktor/.pico-sdk/sdk/2.1.0/lib/tinyusb/src/tusb.c.o
                0x10005244                tu_edpt_validate
 .text.tu_edpt_bind_driver
                0x100052c0       0x34 CMakeFiles/Tarefa0302.dir/home/viktor/.pico-sdk/sdk/2.1.0/lib/tinyusb/src/tusb.c.o
                0x100052c0                tu_edpt_bind_driver
 .text.tu_edpt_stream_init
                0x100052f4       0x6c CMakeFiles/Tarefa0302.dir/home/viktor/.pico-sdk/sdk/2.1.0/lib/tinyusb/src/tusb.c.o
                0x100052f4                tu_edpt_stream_init
 .text.tu_edpt_stream_deinit
                0x10005360        0x4 CMakeFiles/Tarefa0302.dir/home/viktor/.pico-sdk/sdk/2.1.0/lib/tinyusb/src/tusb.c.o
                0x10005360                tu_edpt_stream_deinit
 .text.tu_edpt_stream_write_zlp_if_needed
                0x10005364       0x68 CMakeFiles/Tarefa0302.dir/home/viktor/.pico-sdk/sdk/2.1.0/lib/tinyusb/src/tusb.c.o
                0x10005364                tu_edpt_stream_write_zlp_if_needed
 .text.tu_edpt_stream_write_xfer
                0x100053cc       0x64 CMakeFiles/Tarefa0302.dir/home/viktor/.pico-sdk/sdk/2.1.0/lib/tinyusb/src/tusb.c.o
                0x100053cc                tu_edpt_stream_write_xfer
 .text.tu_edpt_stream_read_xfer
                0x10005430       0xdc CMakeFiles/Tarefa0302.dir/home/viktor/.pico-sdk/sdk/2.1.0/lib/tinyusb/src/tusb.c.o
                0x10005430                tu_edpt_stream_read_xfer
 .text.tu_fifo_config
                0x1000550c       0x6c CMakeFiles/Tarefa0302.dir/home/viktor/.pico-sdk/sdk/2.1.0/lib/tinyusb/src/common/tusb_fifo.c.o
                0x1000550c                tu_fifo_config
 .text.tu_fifo_count
                0x10005578       0x2c CMakeFiles/Tarefa0302.dir/home/viktor/.pico-sdk/sdk/2.1.0/lib/tinyusb/src/common/tusb_fifo.c.o
                0x10005578                tu_fifo_count
 .text.tu_fifo_empty
                0x100055a4       0x10 CMakeFiles/Tarefa0302.dir/home/viktor/.pico-sdk/sdk/2.1.0/lib/tinyusb/src/common/tusb_fifo.c.o
                0x100055a4                tu_fifo_empty
 .text.tu_fifo_remaining
                0x100055b4       0x2c CMakeFiles/Tarefa0302.dir/home/viktor/.pico-sdk/sdk/2.1.0/lib/tinyusb/src/common/tusb_fifo.c.o
                0x100055b4                tu_fifo_remaining
 .text.tu_fifo_read
                0x100055e0       0x9c CMakeFiles/Tarefa0302.dir/home/viktor/.pico-sdk/sdk/2.1.0/lib/tinyusb/src/common/tusb_fifo.c.o
                0x100055e0                tu_fifo_read
 .text.tu_fifo_read_n
                0x1000567c       0xe8 CMakeFiles/Tarefa0302.dir/home/viktor/.pico-sdk/sdk/2.1.0/lib/tinyusb/src/common/tusb_fifo.c.o
                0x1000567c                tu_fifo_read_n
 .text.tu_fifo_write
                0x10005764       0xa8 CMakeFiles/Tarefa0302.dir/home/viktor/.pico-sdk/sdk/2.1.0/lib/tinyusb/src/common/tusb_fifo.c.o
                0x10005764                tu_fifo_write
 .text.tu_fifo_write_n
                0x1000580c      0x178 CMakeFiles/Tarefa0302.dir/home/viktor/.pico-sdk/sdk/2.1.0/lib/tinyusb/src/common/tusb_fifo.c.o
                0x1000580c                tu_fifo_write_n
 .text.tu_fifo_clear
                0x10005984       0x40 CMakeFiles/Tarefa0302.dir/home/viktor/.pico-sdk/sdk/2.1.0/lib/tinyusb/src/common/tusb_fifo.c.o
                0x10005984                tu_fifo_clear
 .text.tu_fifo_set_overwritable
                0x100059c4       0x48 CMakeFiles/Tarefa0302.dir/home/viktor/.pico-sdk/sdk/2.1.0/lib/tinyusb/src/common/tusb_fifo.c.o
                0x100059c4                tu_fifo_set_overwritable
 .text.i2c_write_blocking_internal.constprop.0
                0x10005a0c       0xd0 CMakeFiles/Tarefa0302.dir/home/viktor/.pico-sdk/sdk/2.1.0/src/rp2_common/hardware_i2c/i2c.c.o
 .text.i2c_set_baudrate
                0x10005adc       0xc0 CMakeFiles/Tarefa0302.dir/home/viktor/.pico-sdk/sdk/2.1.0/src/rp2_common/hardware_i2c/i2c.c.o
                0x10005adc                i2c_set_baudrate
 .text.i2c_init
                0x10005b9c       0x50 CMakeFiles/Tarefa0302.dir/home/viktor/.pico-sdk/sdk/2.1.0/src/rp2_common/hardware_i2c/i2c.c.o
                0x10005b9c                i2c_init
 .text.i2c_write_blocking
                0x10005bec       0x14 CMakeFiles/Tarefa0302.dir/home/viktor/.pico-sdk/sdk/2.1.0/src/rp2_common/hardware_i2c/i2c.c.o
                0x10005bec                i2c_write_blocking
 .text.pio_add_program
                0x10005c00      0x104 CMakeFiles/Tarefa0302.dir/home/viktor/.pico-sdk/sdk/2.1.0/src/rp2_common/hardware_pio/pio.c.o
                0x10005c00                pio_add_program
 .text.pio_sm_set_consecutive_pindirs
                0x10005d04       0xb4 CMakeFiles/Tarefa0302.dir/home/viktor/.pico-sdk/sdk/2.1.0/src/rp2_common/hardware_pio/pio.c.o
                0x10005d04                pio_sm_set_consecutive_pindirs
 .text.pio_sm_init
                0x10005db8       0x9c CMakeFiles/Tarefa0302.dir/home/viktor/.pico-sdk/sdk/2.1.0/src/rp2_common/hardware_pio/pio.c.o
                0x10005db8                pio_sm_init
 .text.strlen   0x10005e54       0x5c /home/viktor/.pico-sdk/toolchain/13_3_Rel1/bin/../lib/gcc/arm-none-eabi/13.3.1/../../../../arm-none-eabi/lib/thumb/v6-m/nofp/libg.a(libc_a-strlen-stub.o)
                0x10005e54                strlen
 .text._malloc_r
                0x10005eb0      0x5c4 /home/viktor/.pico-sdk/toolchain/13_3_Rel1/bin/../lib/gcc/arm-none-eabi/13.3.1/../../../../arm-none-eabi/lib/thumb/v6-m/nofp/libg.a(libc_a-mallocr.o)
                0x10005eb0                _malloc_r
 .text._sbrk_r  0x10006474       0x24 /home/viktor/.pico-sdk/toolchain/13_3_Rel1/bin/../lib/gcc/arm-none-eabi/13.3.1/../../../../arm-none-eabi/lib/thumb/v6-m/nofp/libg.a(libc_a-sbrkr.o)
                0x10006474                _sbrk_r
 .text.__malloc_lock
                0x10006498       0x10 /home/viktor/.pico-sdk/toolchain/13_3_Rel1/bin/../lib/gcc/arm-none-eabi/13.3.1/../../../../arm-none-eabi/lib/thumb/v6-m/nofp/libg.a(libc_a-mlock.o)
                0x10006498                __malloc_lock
 .text.__malloc_unlock
                0x100064a8       0x10 /home/viktor/.pico-sdk/toolchain/13_3_Rel1/bin/../lib/gcc/arm-none-eabi/13.3.1/../../../../arm-none-eabi/lib/thumb/v6-m/nofp/libg.a(libc_a-mlock.o)
                0x100064a8                __malloc_unlock
 .text.atoi     0x100064b8        0xc /home/viktor/.pico-sdk/toolchain/13_3_Rel1/bin/../lib/gcc/arm-none-eabi/13.3.1/../../../../arm-none-eabi/lib/thumb/v6-m/nofp/libg.a(libc_a-atoi.o)
                0x100064b8                atoi
 .text.calloc   0x100064c4       0x18 /home/viktor/.pico-sdk/toolchain/13_3_Rel1/bin/../lib/gcc/arm-none-eabi/13.3.1/../../../../arm-none-eabi/lib/thumb/v6-m/nofp/libg.a(libc_a-calloc.o)
                0x100064c4                calloc
 .text._calloc_r
                0x100064dc       0xa8 /home/viktor/.pico-sdk/toolchain/13_3_Rel1/bin/../lib/gcc/arm-none-eabi/13.3.1/../../../../arm-none-eabi/lib/thumb/v6-m/nofp/libg.a(libc_a-callocr.o)
                0x100064dc                _calloc_r
 .text.__retarget_lock_acquire_recursive
                0x10006584        0x4 /home/viktor/.pico-sdk/toolchain/13_3_Rel1/bin/../lib/gcc/arm-none-eabi/13.3.1/../../../../arm-none-eabi/lib/thumb/v6-m/nofp/libg.a(libc_a-lock.o)
                0x10006584                __retarget_lock_acquire_recursive
 .text.__retarget_lock_release_recursive
                0x10006588        0x4 /home/viktor/.pico-sdk/toolchain/13_3_Rel1/bin/../lib/gcc/arm-none-eabi/13.3.1/../../../../arm-none-eabi/lib/thumb/v6-m/nofp/libg.a(libc_a-lock.o)
                0x10006588                __retarget_lock_release_recursive
 .text.sysconf  0x1000658c       0x1c /home/viktor/.pico-sdk/toolchain/13_3_Rel1/bin/../lib/gcc/arm-none-eabi/13.3.1/../../../../arm-none-eabi/lib/thumb/v6-m/nofp/libg.a(libc_a-sysconf.o)
                0x1000658c                sysconf
 .text._malloc_trim_r
                0x100065a8       0xb4 /home/viktor/.pico-sdk/toolchain/13_3_Rel1/bin/../lib/gcc/arm-none-eabi/13.3.1/../../../../arm-none-eabi/lib/thumb/v6-m/nofp/libg.a(libc_a-freer.o)
                0x100065a8                _malloc_trim_r
 .text._free_r  0x1000665c      0x1d4 /home/viktor/.pico-sdk/toolchain/13_3_Rel1/bin/../lib/gcc/arm-none-eabi/13.3.1/../../../../arm-none-eabi/lib/thumb/v6-m/nofp/libg.a(libc_a-freer.o)
                0x1000665c                _free_r
 .text._strtol_l.isra.0
                0x10006830      0x158 /home/viktor/.pico-sdk/toolchain/13_3_Rel1/bin/../lib/gcc/arm-none-eabi/13.3.1/../../../../arm-none-eabi/lib/thumb/v6-m/nofp/libg.a(libc_a-strtol.o)
 .text.strtol   0x10006988       0x18 /home/viktor/.pico-sdk/toolchain/13_3_Rel1/bin/../lib/gcc/arm-none-eabi/13.3.1/../../../../arm-none-eabi/lib/thumb/v6-m/nofp/libg.a(libc_a-strtol.o)
                0x10006988                strtol
 .text.__errno  0x100069a0        0xc /home/viktor/.pico-sdk/toolchain/13_3_Rel1/bin/../lib/gcc/arm-none-eabi/13.3.1/../../../../arm-none-eabi/lib/thumb/v6-m/nofp/libg.a(libc_a-errno.o)
                0x100069a0                __errno
 *(.fini)
 .fini          0x100069ac        0x4 /home/viktor/.pico-sdk/toolchain/13_3_Rel1/bin/../lib/gcc/arm-none-eabi/13.3.1/thumb/v6-m/nofp/crti.o
                0x100069ac                _fini
 .fini.__stub   0x100069b0       0xb0 linker stubs
 *crtbegin.o(.ctors)
 *crtbegin?.o(.ctors)
 *(EXCLUDE_FILE(*crtend.o *crtend?.o) .ctors)
 *(SORT_BY_NAME(.ctors.*))
 *(.ctors)
 *crtbegin.o(.dtors)
 *crtbegin?.o(.dtors)
 *(EXCLUDE_FILE(*crtend.o *crtend?.o) .dtors)
 *(SORT_BY_NAME(.dtors.*))
 *(.dtors)
                0x10006a60                        . = ALIGN (0x4)
                0x10006a60                        PROVIDE (__preinit_array_start = .)
 *(SORT_BY_NAME(.preinit_array.*))
 .preinit_array.00100
                0x10006a60        0x4 CMakeFiles/Tarefa0302.dir/home/viktor/.pico-sdk/sdk/2.1.0/src/rp2_common/pico_runtime_init/runtime_init.c.o
                0x10006a60                __pre_init_runtime_init_early_resets
 .preinit_array.00101
                0x10006a64        0x4 CMakeFiles/Tarefa0302.dir/home/viktor/.pico-sdk/sdk/2.1.0/src/rp2_common/pico_runtime_init/runtime_init.c.o
                0x10006a64                __pre_init_runtime_init_usb_power_down
 .preinit_array.00275
                0x10006a68        0x4 CMakeFiles/Tarefa0302.dir/home/viktor/.pico-sdk/sdk/2.1.0/src/rp2_common/pico_bit_ops/bit_ops_aeabi.S.o
 .preinit_array.00300
                0x10006a6c        0x4 CMakeFiles/Tarefa0302.dir/home/viktor/.pico-sdk/sdk/2.1.0/src/rp2_common/pico_mem_ops/mem_ops_aeabi.S.o
 .preinit_array.00350
                0x10006a70        0x4 CMakeFiles/Tarefa0302.dir/home/viktor/.pico-sdk/sdk/2.1.0/src/rp2_common/pico_double/double_aeabi_rp2040.S.o
 .preinit_array.00350
                0x10006a74        0x4 CMakeFiles/Tarefa0302.dir/home/viktor/.pico-sdk/sdk/2.1.0/src/rp2_common/pico_float/float_aeabi_rp2040.S.o
 .preinit_array.00500
                0x10006a78        0x4 CMakeFiles/Tarefa0302.dir/home/viktor/.pico-sdk/sdk/2.1.0/src/rp2_common/pico_runtime_init/runtime_init.c.o
                0x10006a78                __pre_init_runtime_init_clocks
 .preinit_array.00600
                0x10006a7c        0x4 CMakeFiles/Tarefa0302.dir/home/viktor/.pico-sdk/sdk/2.1.0/src/rp2_common/pico_runtime_init/runtime_init.c.o
                0x10006a7c                __pre_init_runtime_init_post_clock_resets
 .preinit_array.00700
                0x10006a80        0x4 CMakeFiles/Tarefa0302.dir/home/viktor/.pico-sdk/sdk/2.1.0/src/rp2_common/pico_runtime_init/runtime_init.c.o
                0x10006a80                __pre_init_runtime_init_rp2040_gpio_ie_disable
 .preinit_array.01000
                0x10006a84        0x4 CMakeFiles/Tarefa0302.dir/home/viktor/.pico-sdk/sdk/2.1.0/src/rp2_common/pico_runtime_init/runtime_init.c.o
                0x10006a84                __pre_init_runtime_init_spin_locks_reset
 .preinit_array.01100
                0x10006a88        0x4 CMakeFiles/Tarefa0302.dir/home/viktor/.pico-sdk/sdk/2.1.0/src/common/pico_sync/mutex.c.o
                0x10006a88                __pre_init_runtime_init_mutex
 .preinit_array.10080
                0x10006a8c        0x4 CMakeFiles/Tarefa0302.dir/home/viktor/.pico-sdk/sdk/2.1.0/src/rp2_common/pico_runtime_init/runtime_init.c.o
                0x10006a8c                __pre_init_runtime_init_install_ram_vector_table
 .preinit_array.11000
                0x10006a90        0x4 CMakeFiles/Tarefa0302.dir/home/viktor/.pico-sdk/sdk/2.1.0/src/common/pico_time/time.c.o
                0x10006a90                __pre_init_runtime_init_default_alarm_pool
 .preinit_array.YYYYY
                0x10006a94        0x4 CMakeFiles/Tarefa0302.dir/home/viktor/.pico-sdk/sdk/2.1.0/src/rp2_common/pico_runtime/runtime.c.o
                0x10006a94                __pre_init_first_per_core_initializer
 .preinit_array.ZZZZZ.01200
                0x10006a98        0x4 CMakeFiles/Tarefa0302.dir/home/viktor/.pico-sdk/sdk/2.1.0/src/rp2_common/hardware_irq/irq.c.o
                0x10006a98                __pre_init_runtime_init_per_core_irq_priorities
 *(.preinit_array)
                0x10006a9c                        PROVIDE (__preinit_array_end = .)
                0x10006a9c                        . = ALIGN (0x4)
                0x10006a9c                        PROVIDE (__init_array_start = .)
 *(SORT_BY_NAME(.init_array.*))
 *(.init_array)
 .init_array    0x10006a9c        0x4 /home/viktor/.pico-sdk/toolchain/13_3_Rel1/bin/../lib/gcc/arm-none-eabi/13.3.1/thumb/v6-m/nofp/crtbegin.o
 .init_array    0x10006aa0        0x4 CMakeFiles/Tarefa0302.dir/home/viktor/.pico-sdk/sdk/2.1.0/src/rp2_common/pico_unique_id/unique_id.c.o
                0x10006aa4                        PROVIDE (__init_array_end = .)
                0x10006aa4                        . = ALIGN (0x4)
                [!provide]                        PROVIDE (__fini_array_start = .)
 *(SORT_BY_NAME(.fini_array.*))
 *(.fini_array)
                [!provide]                        PROVIDE (__fini_array_end = .)
 *(.eh_frame*)
 .eh_frame      0x10006aa4        0x0 /home/viktor/.pico-sdk/toolchain/13_3_Rel1/bin/../lib/gcc/arm-none-eabi/13.3.1/thumb/v6-m/nofp/crtbegin.o
                0x10006aa4                        . = ALIGN (0x4)

.glue_7         0x10006aa4        0x0
 .glue_7        0x10006aa4        0x0 linker stubs

.glue_7t        0x10006aa4        0x0
 .glue_7t       0x10006aa4        0x0 linker stubs

.vfp11_veneer   0x10006aa4        0x0
 .vfp11_veneer  0x10006aa4        0x0 linker stubs

.v4_bx          0x10006aa4        0x0
 .v4_bx         0x10006aa4        0x0 linker stubs

.iplt           0x10006aa4        0x0
 .iplt          0x10006aa4        0x0 /home/viktor/.pico-sdk/toolchain/13_3_Rel1/bin/../lib/gcc/arm-none-eabi/13.3.1/thumb/v6-m/nofp/crtbegin.o

.rodata         0x10006aa8      0xca0
 *(EXCLUDE_FILE(*libm.a: *libc.a:*lib_a-mem*.o *libgcc.a:) .rodata*)
 .rodata.update_display.str1.4
                0x10006aa8      0x1ec CMakeFiles/Tarefa0302.dir/main.c.o
                                 0x2b (size before relaxing)
 .rodata.main   0x10006c94       0x28 CMakeFiles/Tarefa0302.dir/main.c.o
 .rodata.button_press.str1.4
                0x10006cbc       0x39 CMakeFiles/Tarefa0302.dir/main.c.o
 .rodata.font   0x10006cbc      0x1f8 CMakeFiles/Tarefa0302.dir/main.c.o
 .rodata.nine   0x10006eb4       0x64 CMakeFiles/Tarefa0302.dir/main.c.o
                0x10006eb4                nine
 .rodata.eight  0x10006f18       0x64 CMakeFiles/Tarefa0302.dir/main.c.o
                0x10006f18                eight
 .rodata.seven  0x10006f7c       0x64 CMakeFiles/Tarefa0302.dir/main.c.o
                0x10006f7c                seven
 .rodata.six    0x10006fe0       0x64 CMakeFiles/Tarefa0302.dir/main.c.o
                0x10006fe0                six
 .rodata.five   0x10007044       0x64 CMakeFiles/Tarefa0302.dir/main.c.o
                0x10007044                five
 .rodata.four   0x100070a8       0x64 CMakeFiles/Tarefa0302.dir/main.c.o
                0x100070a8                four
 .rodata.three  0x1000710c       0x64 CMakeFiles/Tarefa0302.dir/main.c.o
                0x1000710c                three
 .rodata.two    0x10007170       0x64 CMakeFiles/Tarefa0302.dir/main.c.o
                0x10007170                two
 .rodata.one    0x100071d4       0x64 CMakeFiles/Tarefa0302.dir/main.c.o
                0x100071d4                one
 .rodata.zero   0x10007238       0x64 CMakeFiles/Tarefa0302.dir/main.c.o
                0x10007238                zero
 .rodata.translated_indexes
                0x1000729c       0xc8 CMakeFiles/Tarefa0302.dir/main.c.o
                0x1000729c                translated_indexes
 .rodata.ws2818b_program
                0x10007364        0x8 CMakeFiles/Tarefa0302.dir/main.c.o
 .rodata.ws2818b_program_instructions
                0x1000736c        0x8 CMakeFiles/Tarefa0302.dir/main.c.o
 .rodata.panic.str1.4
                0x10007374       0x12 CMakeFiles/Tarefa0302.dir/home/viktor/.pico-sdk/sdk/2.1.0/src/rp2_common/pico_platform_panic/panic.c.o
 .rodata.spin_lock_claim_unused.str1.4
                0x10007374       0x1b CMakeFiles/Tarefa0302.dir/home/viktor/.pico-sdk/sdk/2.1.0/src/rp2_common/hardware_sync/sync.c.o
 .rodata.user_irq_claim_unused.str1.4
                0x10007374       0x1b CMakeFiles/Tarefa0302.dir/home/viktor/.pico-sdk/sdk/2.1.0/src/rp2_common/hardware_irq/irq.c.o
 *fill*         0x10007374        0x4 
 .rodata.at_the_end_of_time
                0x10007378        0x8 CMakeFiles/Tarefa0302.dir/home/viktor/.pico-sdk/sdk/2.1.0/src/common/pico_time/time.c.o
                0x10007378                at_the_end_of_time
 .rodata.timer_hardware_alarm_claim.str1.4
                0x10007380       0x22 CMakeFiles/Tarefa0302.dir/home/viktor/.pico-sdk/sdk/2.1.0/src/rp2_common/hardware_timer/timer.c.o
 .rodata.hard_assertion_failure.str1.4
                0x10007380        0xc CMakeFiles/Tarefa0302.dir/home/viktor/.pico-sdk/sdk/2.1.0/src/rp2_common/pico_runtime/runtime.c.o
 .rodata.missing_double_func_shim.str1.4
                0x10007380       0x18 CMakeFiles/Tarefa0302.dir/home/viktor/.pico-sdk/sdk/2.1.0/src/rp2_common/pico_double/double_init_rom_rp2040.c.o
 .rodata.missing_float_func_shim.str1.4
                0x10007380        0x1 CMakeFiles/Tarefa0302.dir/home/viktor/.pico-sdk/sdk/2.1.0/src/rp2_common/pico_float/float_init_rom_rp2040.c.o
 .rodata.__wrap_malloc.str1.4
                0x10007380        0xe CMakeFiles/Tarefa0302.dir/home/viktor/.pico-sdk/sdk/2.1.0/src/rp2_common/pico_malloc/malloc.c.o
 .rodata.str1.4
                0x10007380       0x44 CMakeFiles/Tarefa0302.dir/home/viktor/.pico-sdk/sdk/2.1.0/src/rp2_common/pico_standard_binary_info/standard_binary_info.c.o
 .rodata.__bi_84
                0x10007380        0xc CMakeFiles/Tarefa0302.dir/home/viktor/.pico-sdk/sdk/2.1.0/src/rp2_common/pico_standard_binary_info/standard_binary_info.c.o
 .rodata.__bi_78
                0x1000738c        0xc CMakeFiles/Tarefa0302.dir/home/viktor/.pico-sdk/sdk/2.1.0/src/rp2_common/pico_standard_binary_info/standard_binary_info.c.o
 .rodata.__bi_60
                0x10007398        0xc CMakeFiles/Tarefa0302.dir/home/viktor/.pico-sdk/sdk/2.1.0/src/rp2_common/pico_standard_binary_info/standard_binary_info.c.o
 .rodata.__bi_54
                0x100073a4        0xc CMakeFiles/Tarefa0302.dir/home/viktor/.pico-sdk/sdk/2.1.0/src/rp2_common/pico_standard_binary_info/standard_binary_info.c.o
 .rodata.__bi_48
                0x100073b0        0xc CMakeFiles/Tarefa0302.dir/home/viktor/.pico-sdk/sdk/2.1.0/src/rp2_common/pico_standard_binary_info/standard_binary_info.c.o
 .rodata.__bi_42
                0x100073bc        0xc CMakeFiles/Tarefa0302.dir/home/viktor/.pico-sdk/sdk/2.1.0/src/rp2_common/pico_standard_binary_info/standard_binary_info.c.o
 .rodata.__bi_34
                0x100073c8        0xc CMakeFiles/Tarefa0302.dir/home/viktor/.pico-sdk/sdk/2.1.0/src/rp2_common/pico_standard_binary_info/standard_binary_info.c.o
 .rodata.__bi_26
                0x100073d4        0xc CMakeFiles/Tarefa0302.dir/home/viktor/.pico-sdk/sdk/2.1.0/src/rp2_common/pico_standard_binary_info/standard_binary_info.c.o
 .rodata.crlf_str.0
                0x100073e0        0x2 CMakeFiles/Tarefa0302.dir/home/viktor/.pico-sdk/sdk/2.1.0/src/rp2_common/pico_stdio/stdio.c.o
 *fill*         0x100073e2        0x2 
 .rodata._resetd_driver
                0x100073e4       0x20 CMakeFiles/Tarefa0302.dir/home/viktor/.pico-sdk/sdk/2.1.0/src/rp2_common/pico_stdio_usb/reset_interface.c.o
 .rodata.desc_ms_os_20
                0x10007404       0xa6 CMakeFiles/Tarefa0302.dir/home/viktor/.pico-sdk/sdk/2.1.0/src/rp2_common/pico_stdio_usb/reset_interface.c.o
 *fill*         0x100074aa        0x2 
 .rodata.desc_bos
                0x100074ac       0x21 CMakeFiles/Tarefa0302.dir/home/viktor/.pico-sdk/sdk/2.1.0/src/rp2_common/pico_stdio_usb/reset_interface.c.o
                0x100074ac                desc_bos
 .rodata.str1.4
                0x100074cd       0x13 CMakeFiles/Tarefa0302.dir/home/viktor/.pico-sdk/sdk/2.1.0/src/rp2_common/pico_stdio_usb/stdio_usb.c.o
 *fill*         0x100074cd        0x3 
 .rodata.__bi_197.0
                0x100074d0        0xc CMakeFiles/Tarefa0302.dir/home/viktor/.pico-sdk/sdk/2.1.0/src/rp2_common/pico_stdio_usb/stdio_usb.c.o
 .rodata.str1.4
                0x100074dc       0x2a CMakeFiles/Tarefa0302.dir/home/viktor/.pico-sdk/sdk/2.1.0/src/rp2_common/pico_stdio_usb/stdio_usb_descriptors.c.o
 .rodata.usbd_desc_str
                0x100074dc       0x18 CMakeFiles/Tarefa0302.dir/home/viktor/.pico-sdk/sdk/2.1.0/src/rp2_common/pico_stdio_usb/stdio_usb_descriptors.c.o
 .rodata.usbd_desc_cfg
                0x100074f4       0x54 CMakeFiles/Tarefa0302.dir/home/viktor/.pico-sdk/sdk/2.1.0/src/rp2_common/pico_stdio_usb/stdio_usb_descriptors.c.o
 .rodata.usbd_desc_device
                0x10007548       0x12 CMakeFiles/Tarefa0302.dir/home/viktor/.pico-sdk/sdk/2.1.0/src/rp2_common/pico_stdio_usb/stdio_usb_descriptors.c.o
 .rodata.str1.4
                0x1000755a       0x14 CMakeFiles/Tarefa0302.dir/home/viktor/.pico-sdk/sdk/2.1.0/lib/tinyusb/src/portable/raspberrypi/rp2040/dcd_rp2040.c.o
 .rodata.str1.4
                0x1000755a       0x48 CMakeFiles/Tarefa0302.dir/home/viktor/.pico-sdk/sdk/2.1.0/lib/tinyusb/src/portable/raspberrypi/rp2040/rp2040_usb.c.o
 *fill*         0x1000755a        0x2 
 .rodata.tud_task_ext
                0x1000755c       0x8c CMakeFiles/Tarefa0302.dir/home/viktor/.pico-sdk/sdk/2.1.0/lib/tinyusb/src/device/usbd.c.o
 .rodata        0x100075e8       0x1c CMakeFiles/Tarefa0302.dir/home/viktor/.pico-sdk/sdk/2.1.0/lib/tinyusb/src/device/usbd.c.o
 .rodata._usbd_driver
                0x10007604       0x40 CMakeFiles/Tarefa0302.dir/home/viktor/.pico-sdk/sdk/2.1.0/lib/tinyusb/src/device/usbd.c.o
 .rodata._ctype_
                0x10007644      0x101 /home/viktor/.pico-sdk/toolchain/13_3_Rel1/bin/../lib/gcc/arm-none-eabi/13.3.1/../../../../arm-none-eabi/lib/thumb/v6-m/nofp/libg.a(libc_a-ctype_.o)
                0x10007644                _ctype_
                0x10007748                        . = ALIGN (0x4)
 *fill*         0x10007745        0x3 
 *(SORT_BY_ALIGNMENT(SORT_BY_NAME(.flashdata*)))
                0x10007748                        . = ALIGN (0x4)

.ARM.extab
 *(.ARM.extab* .gnu.linkonce.armextab.*)
                0x10007748                        __exidx_start = .

.ARM.exidx
 *(.ARM.exidx* .gnu.linkonce.armexidx.*)
                0x10007748                        __exidx_end = .
                0x10007748                        . = ALIGN (0x4)
                0x10007748                        __binary_info_start = .

.binary_info    0x10007748       0x24
 *(.binary_info.keep.*)
 .binary_info.keep.__bi_ptr84
                0x10007748        0x4 CMakeFiles/Tarefa0302.dir/home/viktor/.pico-sdk/sdk/2.1.0/src/rp2_common/pico_standard_binary_info/standard_binary_info.c.o
 .binary_info.keep.__bi_ptr78
                0x1000774c        0x4 CMakeFiles/Tarefa0302.dir/home/viktor/.pico-sdk/sdk/2.1.0/src/rp2_common/pico_standard_binary_info/standard_binary_info.c.o
 .binary_info.keep.__bi_ptr60
                0x10007750        0x4 CMakeFiles/Tarefa0302.dir/home/viktor/.pico-sdk/sdk/2.1.0/src/rp2_common/pico_standard_binary_info/standard_binary_info.c.o
 .binary_info.keep.__bi_ptr54
                0x10007754        0x4 CMakeFiles/Tarefa0302.dir/home/viktor/.pico-sdk/sdk/2.1.0/src/rp2_common/pico_standard_binary_info/standard_binary_info.c.o
 .binary_info.keep.__bi_ptr48
                0x10007758        0x4 CMakeFiles/Tarefa0302.dir/home/viktor/.pico-sdk/sdk/2.1.0/src/rp2_common/pico_standard_binary_info/standard_binary_info.c.o
 .binary_info.keep.__bi_ptr42
                0x1000775c        0x4 CMakeFiles/Tarefa0302.dir/home/viktor/.pico-sdk/sdk/2.1.0/src/rp2_common/pico_standard_binary_info/standard_binary_info.c.o
 .binary_info.keep.__bi_ptr34
                0x10007760        0x4 CMakeFiles/Tarefa0302.dir/home/viktor/.pico-sdk/sdk/2.1.0/src/rp2_common/pico_standard_binary_info/standard_binary_info.c.o
 .binary_info.keep.__bi_ptr26
                0x10007764        0x4 CMakeFiles/Tarefa0302.dir/home/viktor/.pico-sdk/sdk/2.1.0/src/rp2_common/pico_standard_binary_info/standard_binary_info.c.o
 *(.binary_info.*)
 .binary_info.__bi_ptr197
                0x10007768        0x4 CMakeFiles/Tarefa0302.dir/home/viktor/.pico-sdk/sdk/2.1.0/src/rp2_common/pico_stdio_usb/stdio_usb.c.o
                0x1000776c                        __binary_info_end = .

.rel.dyn        0x1000776c        0x0
 .rel.iplt      0x1000776c        0x0 /home/viktor/.pico-sdk/toolchain/13_3_Rel1/bin/../lib/gcc/arm-none-eabi/13.3.1/thumb/v6-m/nofp/crtbegin.o
                0x1000776c                        . = ALIGN (0x4)

.ram_vector_table
                0x20000000       0xc0
 *(.ram_vector_table)
 .ram_vector_table
                0x20000000       0xc0 CMakeFiles/Tarefa0302.dir/home/viktor/.pico-sdk/sdk/2.1.0/src/rp2_common/pico_runtime_init/runtime_init.c.o
                0x20000000                ram_vector_table

.uninitialized_data
                0x200000c0        0x0
                0x200000c0                        . = ALIGN (0x4)
 *(.uninitialized_data*)

.data           0x200000c0     0x1518 load address 0x1000776c
                0x200000c0                        __data_start__ = .
 *(vtable)
 *(.time_critical*)
 .time_critical.mutex_try_enter
                0x200000c0       0x40 CMakeFiles/Tarefa0302.dir/home/viktor/.pico-sdk/sdk/2.1.0/src/common/pico_sync/mutex.c.o
                0x200000c0                mutex_try_enter
 .time_critical.mutex_try_enter_block_until
                0x20000100       0x9c CMakeFiles/Tarefa0302.dir/home/viktor/.pico-sdk/sdk/2.1.0/src/common/pico_sync/mutex.c.o
                0x20000100                mutex_try_enter_block_until
 .time_critical.mutex_enter_timeout_ms
                0x2000019c       0x90 CMakeFiles/Tarefa0302.dir/home/viktor/.pico-sdk/sdk/2.1.0/src/common/pico_sync/mutex.c.o
                0x2000019c                mutex_enter_timeout_ms
 .time_critical.mutex_exit
                0x2000022c       0x28 CMakeFiles/Tarefa0302.dir/home/viktor/.pico-sdk/sdk/2.1.0/src/common/pico_sync/mutex.c.o
                0x2000022c                mutex_exit
 .time_critical.flash_init_boot2_copyout
                0x20000254       0x30 CMakeFiles/Tarefa0302.dir/home/viktor/.pico-sdk/sdk/2.1.0/src/rp2_common/hardware_flash/flash.c.o
 .time_critical.flash_enable_xip_via_boot2
                0x20000284        0xc CMakeFiles/Tarefa0302.dir/home/viktor/.pico-sdk/sdk/2.1.0/src/rp2_common/hardware_flash/flash.c.o
 .time_critical.flash_cs_force
                0x20000290       0x38 CMakeFiles/Tarefa0302.dir/home/viktor/.pico-sdk/sdk/2.1.0/src/rp2_common/hardware_flash/flash.c.o
 .time_critical.flash_do_cmd
                0x200002c8       0xc0 CMakeFiles/Tarefa0302.dir/home/viktor/.pico-sdk/sdk/2.1.0/src/rp2_common/hardware_flash/flash.c.o
                0x200002c8                flash_do_cmd
 .time_critical.reset_non_control_endpoints
                0x20000388       0x68 CMakeFiles/Tarefa0302.dir/home/viktor/.pico-sdk/sdk/2.1.0/lib/tinyusb/src/portable/raspberrypi/rp2040/dcd_rp2040.c.o
 .time_critical.hw_handle_buff_status
                0x200003f0       0xb0 CMakeFiles/Tarefa0302.dir/home/viktor/.pico-sdk/sdk/2.1.0/lib/tinyusb/src/portable/raspberrypi/rp2040/dcd_rp2040.c.o
 .time_critical.dcd_rp2040_irq
                0x200004a0      0x578 CMakeFiles/Tarefa0302.dir/home/viktor/.pico-sdk/sdk/2.1.0/lib/tinyusb/src/portable/raspberrypi/rp2040/dcd_rp2040.c.o
 .time_critical.prepare_ep_buffer
                0x20000a18       0xe0 CMakeFiles/Tarefa0302.dir/home/viktor/.pico-sdk/sdk/2.1.0/lib/tinyusb/src/portable/raspberrypi/rp2040/rp2040_usb.c.o
 .time_critical.sync_ep_buffer
                0x20000af8       0xa8 CMakeFiles/Tarefa0302.dir/home/viktor/.pico-sdk/sdk/2.1.0/lib/tinyusb/src/portable/raspberrypi/rp2040/rp2040_usb.c.o
 .time_critical._hw_endpoint_xfer_sync
                0x20000ba0       0x28 CMakeFiles/Tarefa0302.dir/home/viktor/.pico-sdk/sdk/2.1.0/lib/tinyusb/src/portable/raspberrypi/rp2040/rp2040_usb.c.o
 .time_critical.e15_is_bulkin_ep
                0x20000bc8       0x28 CMakeFiles/Tarefa0302.dir/home/viktor/.pico-sdk/sdk/2.1.0/lib/tinyusb/src/portable/raspberrypi/rp2040/rp2040_usb.c.o
 .time_critical.e15_is_critical_frame_period
                0x20000bf0       0x34 CMakeFiles/Tarefa0302.dir/home/viktor/.pico-sdk/sdk/2.1.0/lib/tinyusb/src/portable/raspberrypi/rp2040/rp2040_usb.c.o
 .time_critical.hw_endpoint_reset_transfer
                0x20000c24        0xc CMakeFiles/Tarefa0302.dir/home/viktor/.pico-sdk/sdk/2.1.0/lib/tinyusb/src/portable/raspberrypi/rp2040/rp2040_usb.c.o
                0x20000c24                hw_endpoint_reset_transfer
 .time_critical._hw_endpoint_buffer_control_update32
                0x20000c30       0x50 CMakeFiles/Tarefa0302.dir/home/viktor/.pico-sdk/sdk/2.1.0/lib/tinyusb/src/portable/raspberrypi/rp2040/rp2040_usb.c.o
                0x20000c30                _hw_endpoint_buffer_control_update32
 .time_critical.hw_endpoint_start_next_buffer
                0x20000c80       0x6c CMakeFiles/Tarefa0302.dir/home/viktor/.pico-sdk/sdk/2.1.0/lib/tinyusb/src/portable/raspberrypi/rp2040/rp2040_usb.c.o
                0x20000c80                hw_endpoint_start_next_buffer
 .time_critical.hw_endpoint_xfer_continue
                0x20000cec       0x40 CMakeFiles/Tarefa0302.dir/home/viktor/.pico-sdk/sdk/2.1.0/lib/tinyusb/src/portable/raspberrypi/rp2040/rp2040_usb.c.o
                0x20000cec                hw_endpoint_xfer_continue
 .time_critical.tinyusb
                0x20000d2c      0x1e4 CMakeFiles/Tarefa0302.dir/home/viktor/.pico-sdk/sdk/2.1.0/lib/tinyusb/src/device/usbd.c.o
                0x20000d2c                dcd_event_handler
 *(.text*)
 .text          0x20000f10        0x4 /home/viktor/.pico-sdk/toolchain/13_3_Rel1/bin/../lib/gcc/arm-none-eabi/13.3.1/thumb/v6-m/nofp/libgcc.a(_dvmd_tls.o)
                0x20000f10                __aeabi_ldiv0
                0x20000f10                __aeabi_idiv0
 *fill*         0x20000f14        0x4 
 .text.__stub   0x20000f18       0x80 linker stubs
                0x20000f98                        . = ALIGN (0x4)
 *(.rodata*)
                0x20000f98                        . = ALIGN (0x4)
 *(.data*)
 .data.sm_ws    0x20000f98        0x4 CMakeFiles/Tarefa0302.dir/main.c.o
                0x20000f98                sm_ws
 .data.pio      0x20000f9c        0x4 CMakeFiles/Tarefa0302.dir/main.c.o
                0x20000f9c                pio
 .data.striped_spin_lock_num
                0x20000fa0        0x1 CMakeFiles/Tarefa0302.dir/home/viktor/.pico-sdk/sdk/2.1.0/src/rp2_common/hardware_sync/sync.c.o
 *fill*         0x20000fa1        0x3 
 .data          0x20000fa4       0x48 CMakeFiles/Tarefa0302.dir/home/viktor/.pico-sdk/sdk/2.1.0/src/rp2_common/hardware_irq/irq_handler_chain.S.o
                0x20000fa4                irq_handler_chain_slots
                0x20000fd4                irq_handler_chain_first_slot
                0x20000fde                irq_handler_chain_remove_tail
 .data.default_alarm_pool
                0x20000fec       0x18 CMakeFiles/Tarefa0302.dir/home/viktor/.pico-sdk/sdk/2.1.0/src/common/pico_time/time.c.o
 *fill*         0x20001004        0xc 
 .data.aeabi_bits_funcs
                0x20001010       0x10 CMakeFiles/Tarefa0302.dir/home/viktor/.pico-sdk/sdk/2.1.0/src/rp2_common/pico_bit_ops/bit_ops_aeabi.S.o
                0x20001010                aeabi_bits_funcs
                0x20001020                aeabi_bits_funcs_end
 .data.aeabi_mem_funcs
                0x20001020       0x10 CMakeFiles/Tarefa0302.dir/home/viktor/.pico-sdk/sdk/2.1.0/src/rp2_common/pico_mem_ops/mem_ops_aeabi.S.o
                0x20001020                aeabi_mem_funcs
                0x20001030                aeabi_mem_funcs_end
 .data.stdio_usb
                0x20001030       0x18 CMakeFiles/Tarefa0302.dir/home/viktor/.pico-sdk/sdk/2.1.0/src/rp2_common/pico_stdio_usb/stdio_usb.c.o
                0x20001030                stdio_usb
 .data._usbd_qdef
                0x20001048       0x1c CMakeFiles/Tarefa0302.dir/home/viktor/.pico-sdk/sdk/2.1.0/lib/tinyusb/src/device/usbd.c.o
                0x20001048                _usbd_qdef
 .data._usbd_rhport
                0x20001064        0x1 CMakeFiles/Tarefa0302.dir/home/viktor/.pico-sdk/sdk/2.1.0/lib/tinyusb/src/device/usbd.c.o
 *fill*         0x20001065        0x3 
 .data.i2c1_inst
                0x20001068        0x8 CMakeFiles/Tarefa0302.dir/home/viktor/.pico-sdk/sdk/2.1.0/src/rp2_common/hardware_i2c/i2c.c.o
                0x20001068                i2c1_inst
 .data.i2c0_inst
                0x20001070        0x8 CMakeFiles/Tarefa0302.dir/home/viktor/.pico-sdk/sdk/2.1.0/src/rp2_common/hardware_i2c/i2c.c.o
                0x20001070                i2c0_inst
 .data.__malloc_sbrk_base
                0x20001078        0x4 /home/viktor/.pico-sdk/toolchain/13_3_Rel1/bin/../lib/gcc/arm-none-eabi/13.3.1/../../../../arm-none-eabi/lib/thumb/v6-m/nofp/libg.a(libc_a-mallocr.o)
                0x20001078                __malloc_sbrk_base
 .data.__malloc_trim_threshold
                0x2000107c        0x4 /home/viktor/.pico-sdk/toolchain/13_3_Rel1/bin/../lib/gcc/arm-none-eabi/13.3.1/../../../../arm-none-eabi/lib/thumb/v6-m/nofp/libg.a(libc_a-mallocr.o)
                0x2000107c                __malloc_trim_threshold
 .data.__malloc_av_
                0x20001080      0x408 /home/viktor/.pico-sdk/toolchain/13_3_Rel1/bin/../lib/gcc/arm-none-eabi/13.3.1/../../../../arm-none-eabi/lib/thumb/v6-m/nofp/libg.a(libc_a-mallocr.o)
                0x20001080                __malloc_av_
 .data._impure_ptr
                0x20001488        0x4 /home/viktor/.pico-sdk/toolchain/13_3_Rel1/bin/../lib/gcc/arm-none-eabi/13.3.1/../../../../arm-none-eabi/lib/thumb/v6-m/nofp/libg.a(libc_a-impure.o)
                0x20001488                _impure_ptr
 *fill*         0x2000148c        0x4 
 .data._impure_data
                0x20001490      0x140 /home/viktor/.pico-sdk/toolchain/13_3_Rel1/bin/../lib/gcc/arm-none-eabi/13.3.1/../../../../arm-none-eabi/lib/thumb/v6-m/nofp/libg.a(libc_a-impure.o)
                0x20001490                _impure_data
                0x200015d0                        . = ALIGN (0x4)
 *(.after_data.*)
                0x200015d0                        . = ALIGN (0x4)
                0x200015d0                        PROVIDE (__mutex_array_start = .)
 *(SORT_BY_NAME(.mutex_array.*))
 *(.mutex_array)
 .mutex_array   0x200015d0        0x8 CMakeFiles/Tarefa0302.dir/home/viktor/.pico-sdk/sdk/2.1.0/src/rp2_common/pico_stdio/stdio.c.o
                0x200015d8                        PROVIDE (__mutex_array_end = .)
                0x200015d8                        . = ALIGN (0x4)
 *(.jcr)
                0x200015d8                        . = ALIGN (0x4)

.tm_clone_table
                0x200015d8        0x0 load address 0x10008c84
 .tm_clone_table
                0x200015d8        0x0 /home/viktor/.pico-sdk/toolchain/13_3_Rel1/bin/../lib/gcc/arm-none-eabi/13.3.1/thumb/v6-m/nofp/crtbegin.o
 .tm_clone_table
                0x200015d8        0x0 /home/viktor/.pico-sdk/toolchain/13_3_Rel1/bin/../lib/gcc/arm-none-eabi/13.3.1/thumb/v6-m/nofp/crtend.o

.igot.plt       0x200015d8        0x0 load address 0x10008c84
 .igot.plt      0x200015d8        0x0 /home/viktor/.pico-sdk/toolchain/13_3_Rel1/bin/../lib/gcc/arm-none-eabi/13.3.1/thumb/v6-m/nofp/crtbegin.o

.tdata          0x200015d8        0x0 load address 0x10008c84
                0x200015d8                        . = ALIGN (0x4)
 *(.tdata .tdata.* .gnu.linkonce.td.*)
                0x200015d8                        __tdata_end = .
                0x200015d8                        PROVIDE (__data_end__ = .)
                0x1000776c                        __etext = LOADADDR (.data)

.tbss           0x200015d8        0x0 load address 0x10008c84
                0x200015d8                        . = ALIGN (0x4)
                0x200015d8                        __bss_start__ = .
                0x200015d8                        __tls_base = .
 *(.tbss .tbss.* .gnu.linkonce.tb.*)
 *(.tcommon)
                0x200015d8                        __tls_end = .

.bss            0x200015d8     0x122c load address 0x10008c84
                0x200015d8                        . = ALIGN (0x4)
                0x200015d8                        __tbss_end = .
 *(SORT_BY_ALIGNMENT(SORT_BY_NAME(.bss*)))
 .bss.default_alarm_pool_entries
                0x200015d8      0x180 CMakeFiles/Tarefa0302.dir/home/viktor/.pico-sdk/sdk/2.1.0/src/common/pico_time/time.c.o
 .bss.last_avail_time.1
                0x20001758        0x8 CMakeFiles/Tarefa0302.dir/home/viktor/.pico-sdk/sdk/2.1.0/src/rp2_common/pico_stdio_usb/stdio_usb.c.o
 .bss.last_press
                0x20001760        0x8 CMakeFiles/Tarefa0302.dir/main.c.o
                0x20001760                last_press
 .bss.sd_table  0x20001768      0x100 CMakeFiles/Tarefa0302.dir/home/viktor/.pico-sdk/sdk/2.1.0/src/rp2_common/pico_double/double_init_rom_rp2040.c.o
                0x20001768                sd_table
 .bss.__lock___malloc_recursive_mutex
                0x20001868        0x1 /home/viktor/.pico-sdk/toolchain/13_3_Rel1/bin/../lib/gcc/arm-none-eabi/13.3.1/../../../../arm-none-eabi/lib/thumb/v6-m/nofp/libg.a(libc_a-lock.o)
                0x20001868                __lock___malloc_recursive_mutex
 *fill*         0x20001869        0x3 
 .bss.__malloc_current_mallinfo
                0x2000186c       0x28 /home/viktor/.pico-sdk/toolchain/13_3_Rel1/bin/../lib/gcc/arm-none-eabi/13.3.1/../../../../arm-none-eabi/lib/thumb/v6-m/nofp/libg.a(libc_a-mallocr.o)
                0x2000186c                __malloc_current_mallinfo
 .bss.__malloc_max_sbrked_mem
                0x20001894        0x4 /home/viktor/.pico-sdk/toolchain/13_3_Rel1/bin/../lib/gcc/arm-none-eabi/13.3.1/../../../../arm-none-eabi/lib/thumb/v6-m/nofp/libg.a(libc_a-mallocr.o)
                0x20001894                __malloc_max_sbrked_mem
 .bss.__malloc_max_total_mem
                0x20001898        0x4 /home/viktor/.pico-sdk/toolchain/13_3_Rel1/bin/../lib/gcc/arm-none-eabi/13.3.1/../../../../arm-none-eabi/lib/thumb/v6-m/nofp/libg.a(libc_a-mallocr.o)
                0x20001898                __malloc_max_total_mem
 .bss.__malloc_top_pad
                0x2000189c        0x4 /home/viktor/.pico-sdk/toolchain/13_3_Rel1/bin/../lib/gcc/arm-none-eabi/13.3.1/../../../../arm-none-eabi/lib/thumb/v6-m/nofp/libg.a(libc_a-mallocr.o)
                0x2000189c                __malloc_top_pad
 .bss.__sf      0x200018a0      0x138 /home/viktor/.pico-sdk/toolchain/13_3_Rel1/bin/../lib/gcc/arm-none-eabi/13.3.1/../../../../arm-none-eabi/lib/thumb/v6-m/nofp/libg.a(libc_a-findfp.o)
                0x200018a0                __sf
 .bss._app_driver
                0x200019d8        0x4 CMakeFiles/Tarefa0302.dir/home/viktor/.pico-sdk/sdk/2.1.0/lib/tinyusb/src/device/usbd.c.o
 .bss._cdcd_fifo_cfg
                0x200019dc        0x1 CMakeFiles/Tarefa0302.dir/home/viktor/.pico-sdk/sdk/2.1.0/lib/tinyusb/src/class/cdc/cdc_device.c.o
 *fill*         0x200019dd        0x3 
 .bss._cdcd_itf
                0x200019e0      0x2c8 CMakeFiles/Tarefa0302.dir/home/viktor/.pico-sdk/sdk/2.1.0/lib/tinyusb/src/class/cdc/cdc_device.c.o
 .bss._ctrl_xfer
                0x20001ca8       0x14 CMakeFiles/Tarefa0302.dir/home/viktor/.pico-sdk/sdk/2.1.0/lib/tinyusb/src/device/usbd_control.c.o
 .bss._ubsd_mutexdef
                0x20001cbc        0x8 CMakeFiles/Tarefa0302.dir/home/viktor/.pico-sdk/sdk/2.1.0/lib/tinyusb/src/device/usbd.c.o
 .bss._usbd_ctrl_buf
                0x20001cc4       0x40 CMakeFiles/Tarefa0302.dir/home/viktor/.pico-sdk/sdk/2.1.0/lib/tinyusb/src/device/usbd_control.c.o
 .bss._usbd_dev
                0x20001d04       0x54 CMakeFiles/Tarefa0302.dir/home/viktor/.pico-sdk/sdk/2.1.0/lib/tinyusb/src/device/usbd.c.o
 .bss._usbd_mutex
                0x20001d58        0x4 CMakeFiles/Tarefa0302.dir/home/viktor/.pico-sdk/sdk/2.1.0/lib/tinyusb/src/device/usbd.c.o
 .bss._usbd_q   0x20001d5c        0x4 CMakeFiles/Tarefa0302.dir/home/viktor/.pico-sdk/sdk/2.1.0/lib/tinyusb/src/device/usbd.c.o
 .bss._usbd_qdef_buf
                0x20001d60       0xc0 CMakeFiles/Tarefa0302.dir/home/viktor/.pico-sdk/sdk/2.1.0/lib/tinyusb/src/device/usbd.c.o
                0x20001d60                _usbd_qdef_buf
 .bss._used_instruction_space
                0x20001e20        0x8 CMakeFiles/Tarefa0302.dir/home/viktor/.pico-sdk/sdk/2.1.0/src/rp2_common/hardware_pio/pio.c.o
 .bss._vendord_itf
                0x20001e28      0x2cc CMakeFiles/Tarefa0302.dir/home/viktor/.pico-sdk/sdk/2.1.0/lib/tinyusb/src/class/vendor/vendor_device.c.o
 .bss.boot2_copyout
                0x200020f4      0x100 CMakeFiles/Tarefa0302.dir/home/viktor/.pico-sdk/sdk/2.1.0/src/rp2_common/hardware_flash/flash.c.o
 .bss.callbacks
                0x200021f4        0x8 CMakeFiles/Tarefa0302.dir/home/viktor/.pico-sdk/sdk/2.1.0/src/rp2_common/hardware_gpio/gpio.c.o
 .bss.chars_available_callback
                0x200021fc        0x4 CMakeFiles/Tarefa0302.dir/home/viktor/.pico-sdk/sdk/2.1.0/src/rp2_common/pico_stdio_usb/stdio_usb.c.o
 .bss.chars_available_param
                0x20002200        0x4 CMakeFiles/Tarefa0302.dir/home/viktor/.pico-sdk/sdk/2.1.0/src/rp2_common/pico_stdio_usb/stdio_usb.c.o
 .bss.claimed   0x20002204        0x4 CMakeFiles/Tarefa0302.dir/home/viktor/.pico-sdk/sdk/2.1.0/src/rp2_common/hardware_sync/sync.c.o
 .bss.claimed   0x20002208        0x1 CMakeFiles/Tarefa0302.dir/home/viktor/.pico-sdk/sdk/2.1.0/src/rp2_common/hardware_timer/timer.c.o
 *fill*         0x20002209        0x3 
 .bss.configured_freq
                0x2000220c       0x28 CMakeFiles/Tarefa0302.dir/home/viktor/.pico-sdk/sdk/2.1.0/src/rp2_common/hardware_clocks/clocks.c.o
 .bss.desc_str.0
                0x20002234       0x28 CMakeFiles/Tarefa0302.dir/home/viktor/.pico-sdk/sdk/2.1.0/src/rp2_common/pico_stdio_usb/stdio_usb_descriptors.c.o
 .bss.display   0x2000225c       0x18 CMakeFiles/Tarefa0302.dir/main.c.o
                0x2000225c                display
 .bss.drivers   0x20002274        0x4 CMakeFiles/Tarefa0302.dir/home/viktor/.pico-sdk/sdk/2.1.0/src/rp2_common/pico_stdio/stdio.c.o
 .bss.e15_last_sof
                0x20002278        0x4 CMakeFiles/Tarefa0302.dir/home/viktor/.pico-sdk/sdk/2.1.0/lib/tinyusb/src/portable/raspberrypi/rp2040/rp2040_usb.c.o
                0x20002278                e15_last_sof
 .bss.errno     0x2000227c        0x4 /home/viktor/.pico-sdk/toolchain/13_3_Rel1/bin/../lib/gcc/arm-none-eabi/13.3.1/../../../../arm-none-eabi/lib/thumb/v6-m/nofp/libg.a(libc_a-reent.o)
                0x2000227c                errno
 .bss.filter    0x20002280        0x4 CMakeFiles/Tarefa0302.dir/home/viktor/.pico-sdk/sdk/2.1.0/src/rp2_common/pico_stdio/stdio.c.o
 .bss.heap_end.0
                0x20002284        0x4 CMakeFiles/Tarefa0302.dir/home/viktor/.pico-sdk/sdk/2.1.0/src/rp2_common/pico_clib_interface/newlib_interface.c.o
 .bss.hw_endpoints
                0x20002288      0x400 CMakeFiles/Tarefa0302.dir/home/viktor/.pico-sdk/sdk/2.1.0/lib/tinyusb/src/portable/raspberrypi/rp2040/dcd_rp2040.c.o
 .bss.lazy_vsnprintf
                0x20002688        0x4 CMakeFiles/Tarefa0302.dir/home/viktor/.pico-sdk/sdk/2.1.0/src/rp2_common/pico_printf/printf.c.o
 .bss.load_value
                0x2000268c        0x4 CMakeFiles/Tarefa0302.dir/home/viktor/.pico-sdk/sdk/2.1.0/src/rp2_common/hardware_watchdog/watchdog.c.o
 .bss.next_buffer_ptr
                0x20002690        0x4 CMakeFiles/Tarefa0302.dir/home/viktor/.pico-sdk/sdk/2.1.0/lib/tinyusb/src/portable/raspberrypi/rp2040/dcd_rp2040.c.o
 .bss.object.0  0x20002694       0x18 /home/viktor/.pico-sdk/toolchain/13_3_Rel1/bin/../lib/gcc/arm-none-eabi/13.3.1/thumb/v6-m/nofp/crtbegin.o
 .bss.one_shot_timer_crit_sec
                0x200026ac        0x8 CMakeFiles/Tarefa0302.dir/home/viktor/.pico-sdk/sdk/2.1.0/src/rp2_common/pico_stdio_usb/stdio_usb.c.o
 .bss.pools     0x200026b4       0x10 CMakeFiles/Tarefa0302.dir/home/viktor/.pico-sdk/sdk/2.1.0/src/common/pico_time/time.c.o
 .bss.raw_irq_mask
                0x200026c4        0x8 CMakeFiles/Tarefa0302.dir/home/viktor/.pico-sdk/sdk/2.1.0/src/rp2_common/hardware_gpio/gpio.c.o
 .bss.retrieved_id
                0x200026cc        0x8 CMakeFiles/Tarefa0302.dir/home/viktor/.pico-sdk/sdk/2.1.0/src/rp2_common/pico_unique_id/unique_id.c.o
 .bss.sf_clz_func
                0x200026d4        0x4 CMakeFiles/Tarefa0302.dir/home/viktor/.pico-sdk/sdk/2.1.0/src/rp2_common/pico_double/double_init_rom_rp2040.c.o
                0x200026d4                sf_clz_func
 .bss.sf_table  0x200026d8      0x100 CMakeFiles/Tarefa0302.dir/home/viktor/.pico-sdk/sdk/2.1.0/src/rp2_common/pico_float/float_init_rom_rp2040.c.o
                0x200026d8                sf_table
 .bss.sleep_notifier
                0x200027d8        0x4 CMakeFiles/Tarefa0302.dir/home/viktor/.pico-sdk/sdk/2.1.0/src/common/pico_time/time.c.o
 .bss.stdio_usb_mutex
                0x200027dc        0x8 CMakeFiles/Tarefa0302.dir/home/viktor/.pico-sdk/sdk/2.1.0/src/rp2_common/pico_stdio_usb/stdio_usb.c.o
 .bss.usbd_serial_str
                0x200027e4       0x11 CMakeFiles/Tarefa0302.dir/home/viktor/.pico-sdk/sdk/2.1.0/src/rp2_common/pico_stdio_usb/stdio_usb_descriptors.c.o
 .bss._app_driver_count
                0x200027f5        0x1 CMakeFiles/Tarefa0302.dir/home/viktor/.pico-sdk/sdk/2.1.0/lib/tinyusb/src/device/usbd.c.o
 .bss._sof_enable
                0x200027f6        0x1 CMakeFiles/Tarefa0302.dir/home/viktor/.pico-sdk/sdk/2.1.0/lib/tinyusb/src/portable/raspberrypi/rp2040/dcd_rp2040.c.o
 .bss._usbd_queued_setup
                0x200027f7        0x1 CMakeFiles/Tarefa0302.dir/home/viktor/.pico-sdk/sdk/2.1.0/lib/tinyusb/src/device/usbd.c.o
 .bss.blue_led  0x200027f8        0x1 CMakeFiles/Tarefa0302.dir/main.c.o
                0x200027f8                blue_led
 .bss.boot2_copyout_valid
                0x200027f9        0x1 CMakeFiles/Tarefa0302.dir/home/viktor/.pico-sdk/sdk/2.1.0/src/rp2_common/hardware_flash/flash.c.o
 .bss.green_led
                0x200027fa        0x1 CMakeFiles/Tarefa0302.dir/main.c.o
                0x200027fa                green_led
 .bss.input     0x200027fb        0x1 CMakeFiles/Tarefa0302.dir/main.c.o
                0x200027fb                input
 .bss.irq_handler_chain_free_slot_head
                0x200027fc        0x1 CMakeFiles/Tarefa0302.dir/home/viktor/.pico-sdk/sdk/2.1.0/src/rp2_common/hardware_irq/irq.c.o
 .bss.itf_num   0x200027fd        0x1 CMakeFiles/Tarefa0302.dir/home/viktor/.pico-sdk/sdk/2.1.0/src/rp2_common/pico_stdio_usb/reset_interface.c.o
 .bss.low_priority_irq_num
                0x200027fe        0x1 CMakeFiles/Tarefa0302.dir/home/viktor/.pico-sdk/sdk/2.1.0/src/rp2_common/pico_stdio_usb/stdio_usb.c.o
 .bss.one_shot_timer_pending
                0x200027ff        0x1 CMakeFiles/Tarefa0302.dir/home/viktor/.pico-sdk/sdk/2.1.0/src/rp2_common/pico_stdio_usb/stdio_usb.c.o
 .bss.user_irq_claimed
                0x20002800        0x1 CMakeFiles/Tarefa0302.dir/home/viktor/.pico-sdk/sdk/2.1.0/src/rp2_common/hardware_irq/irq.c.o
 *(COMMON)
                0x20002804                        . = ALIGN (0x4)
 *fill*         0x20002801        0x3 
                0x20002804                        __bss_end__ = .

.heap           0x20002804      0x800 load address 0x10008c84
                0x20002804                        __end__ = .
                0x20002804                        end = __end__
 *(.heap*)
 .heap          0x20002804      0x800 CMakeFiles/Tarefa0302.dir/home/viktor/.pico-sdk/sdk/2.1.0/src/rp2_common/pico_crt0/crt0.S.o
                0x20040000                        __HeapLimit = (ORIGIN (RAM) + LENGTH (RAM))

.scratch_x      0x20040000        0x0 load address 0x10008c84
                0x20040000                        __scratch_x_start__ = .
 *(.scratch_x.*)
                0x20040000                        . = ALIGN (0x4)
                0x20040000                        __scratch_x_end__ = .
                0x10008c84                        __scratch_x_source__ = LOADADDR (.scratch_x)

.scratch_y      0x20041000        0x0 load address 0x10008c84
                0x20041000                        __scratch_y_start__ = .
 *(.scratch_y.*)
                0x20041000                        . = ALIGN (0x4)