Archive member included to satisfy reference by file (symbol)

/home/viktor/.pico-sdk/toolchain/13_3_Rel1/bin/../lib/gcc/arm-none-eabi/13.3.1/thumb/v6-m/nofp/libgcc.a(_dvmd_tls.o)
                              CMakeFiles/Tarefa0302.dir/home/viktor/.pico-sdk/sdk/2.1.0/src/rp2_common/pico_divider/divider_hardware.S.o (__aeabi_idiv0)
/home/viktor/.pico-sdk/toolchain/13_3_Rel1/bin/../lib/gcc/arm-none-eabi/13.3.1/../../../../arm-none-eabi/lib/thumb/v6-m/nofp/libg.a(libc_a-strlen-stub.o)
                              CMakeFiles/Tarefa0302.dir/home/viktor/.pico-sdk/sdk/2.1.0/src/rp2_common/pico_stdio/stdio.c.o (strlen)
/home/viktor/.pico-sdk/toolchain/13_3_Rel1/bin/../lib/gcc/arm-none-eabi/13.3.1/../../../../arm-none-eabi/lib/thumb/v6-m/nofp/libg.a(libc_a-malloc.o)
                              CMakeFiles/Tarefa0302.dir/home/viktor/.pico-sdk/sdk/2.1.0/src/rp2_common/pico_malloc/malloc.c.o (malloc)
/home/viktor/.pico-sdk/toolchain/13_3_Rel1/bin/../lib/gcc/arm-none-eabi/13.3.1/../../../../arm-none-eabi/lib/thumb/v6-m/nofp/libg.a(libc_a-mallocr.o)
                              /home/viktor/.pico-sdk/toolchain/13_3_Rel1/bin/../lib/gcc/arm-none-eabi/13.3.1/../../../../arm-none-eabi/lib/thumb/v6-m/nofp/libg.a(libc_a-malloc.o) (_malloc_r)
/home/viktor/.pico-sdk/toolchain/13_3_Rel1/bin/../lib/gcc/arm-none-eabi/13.3.1/../../../../arm-none-eabi/lib/thumb/v6-m/nofp/libg.a(libc_a-lcltime_r.o)
                              CMakeFiles/Tarefa0302.dir/home/viktor/.pico-sdk/sdk/2.1.0/src/common/pico_util/datetime.c.o (localtime_r)
/home/viktor/.pico-sdk/toolchain/13_3_Rel1/bin/../lib/gcc/arm-none-eabi/13.3.1/../../../../arm-none-eabi/lib/thumb/v6-m/nofp/libg.a(libc_a-sbrkr.o)
                              /home/viktor/.pico-sdk/toolchain/13_3_Rel1/bin/../lib/gcc/arm-none-eabi/13.3.1/../../../../arm-none-eabi/lib/thumb/v6-m/nofp/libg.a(libc_a-mallocr.o) (_sbrk_r)
/home/viktor/.pico-sdk/toolchain/13_3_Rel1/bin/../lib/gcc/arm-none-eabi/13.3.1/../../../../arm-none-eabi/lib/thumb/v6-m/nofp/libg.a(libc_a-mktime.o)
                              CMakeFiles/Tarefa0302.dir/home/viktor/.pico-sdk/sdk/2.1.0/src/common/pico_util/datetime.c.o (mktime)
/home/viktor/.pico-sdk/toolchain/13_3_Rel1/bin/../lib/gcc/arm-none-eabi/13.3.1/../../../../arm-none-eabi/lib/thumb/v6-m/nofp/libg.a(libc_a-month_lengths.o)
                              /home/viktor/.pico-sdk/toolchain/13_3_Rel1/bin/../lib/gcc/arm-none-eabi/13.3.1/../../../../arm-none-eabi/lib/thumb/v6-m/nofp/libg.a(libc_a-lcltime_r.o) (__month_lengths)
/home/viktor/.pico-sdk/toolchain/13_3_Rel1/bin/../lib/gcc/arm-none-eabi/13.3.1/../../../../arm-none-eabi/lib/thumb/v6-m/nofp/libg.a(libc_a-tzcalc_limits.o)
                              /home/viktor/.pico-sdk/toolchain/13_3_Rel1/bin/../lib/gcc/arm-none-eabi/13.3.1/../../../../arm-none-eabi/lib/thumb/v6-m/nofp/libg.a(libc_a-lcltime_r.o) (__tzcalc_limits)
/home/viktor/.pico-sdk/toolchain/13_3_Rel1/bin/../lib/gcc/arm-none-eabi/13.3.1/../../../../arm-none-eabi/lib/thumb/v6-m/nofp/libg.a(libc_a-tzlock.o)
                              /home/viktor/.pico-sdk/toolchain/13_3_Rel1/bin/../lib/gcc/arm-none-eabi/13.3.1/../../../../arm-none-eabi/lib/thumb/v6-m/nofp/libg.a(libc_a-lcltime_r.o) (__tz_lock)
/home/viktor/.pico-sdk/toolchain/13_3_Rel1/bin/../lib/gcc/arm-none-eabi/13.3.1/../../../../arm-none-eabi/lib/thumb/v6-m/nofp/libg.a(libc_a-tzset.o)
                              /home/viktor/.pico-sdk/toolchain/13_3_Rel1/bin/../lib/gcc/arm-none-eabi/13.3.1/../../../../arm-none-eabi/lib/thumb/v6-m/nofp/libg.a(libc_a-lcltime_r.o) (_tzset_unlocked)
/home/viktor/.pico-sdk/toolchain/13_3_Rel1/bin/../lib/gcc/arm-none-eabi/13.3.1/../../../../arm-none-eabi/lib/thumb/v6-m/nofp/libg.a(libc_a-mlock.o)
                              /home/viktor/.pico-sdk/toolchain/13_3_Rel1/bin/../lib/gcc/arm-none-eabi/13.3.1/../../../../arm-none-eabi/lib/thumb/v6-m/nofp/libg.a(libc_a-mallocr.o) (__malloc_lock)
/home/viktor/.pico-sdk/toolchain/13_3_Rel1/bin/../lib/gcc/arm-none-eabi/13.3.1/../../../../arm-none-eabi/lib/thumb/v6-m/nofp/libg.a(libc_a-calloc.o)
                              CMakeFiles/Tarefa0302.dir/home/viktor/.pico-sdk/sdk/2.1.0/src/rp2_common/pico_malloc/malloc.c.o (calloc)
/home/viktor/.pico-sdk/toolchain/13_3_Rel1/bin/../lib/gcc/arm-none-eabi/13.3.1/../../../../arm-none-eabi/lib/thumb/v6-m/nofp/libg.a(libc_a-memcmp.o)
                              CMakeFiles/Tarefa0302.dir/home/viktor/.pico-sdk/sdk/2.1.0/src/rp2_common/pico_atomic/atomic.c.o (memcmp)
/home/viktor/.pico-sdk/toolchain/13_3_Rel1/bin/../lib/gcc/arm-none-eabi/13.3.1/../../../../arm-none-eabi/lib/thumb/v6-m/nofp/libg.a(libc_a-callocr.o)
                              /home/viktor/.pico-sdk/toolchain/13_3_Rel1/bin/../lib/gcc/arm-none-eabi/13.3.1/../../../../arm-none-eabi/lib/thumb/v6-m/nofp/libg.a(libc_a-calloc.o) (_calloc_r)
/home/viktor/.pico-sdk/toolchain/13_3_Rel1/bin/../lib/gcc/arm-none-eabi/13.3.1/../../../../arm-none-eabi/lib/thumb/v6-m/nofp/libg.a(libc_a-div.o)
[...]
Memory Configuration

Name             Origin             Length             Attributes
FLASH            0x10000000         0x00200000         xr
RAM              0x20000000         0x00040000         xrw
SCRATCH_X        0x20040000         0x00001000         xrw
SCRATCH_Y        0x20041000         0x00001000         xrw
*default*        0x00000000         0xffffffff

Linker script and memory map

LOAD /home/viktor/.pico-sdk/toolchain/13_3_Rel1/bin/../lib/gcc/arm-none-eabi/13.3.1/thumb/v6-m/nofp/crti.o
LOAD /home/viktor/.pico-sdk/toolchain/13_3_Rel1/bin/../lib/gcc/arm-none-eabi/13.3.1/thumb/v6-m/nofp/crtbegin.o
LOAD /home/viktor/.pico-sdk/toolchain/13_3_Rel1/bin/../lib/gcc/arm-none-eabi/13.3.1/../../../../arm-none-eabi/lib/thumb/v6-m/nofp/crt0.o

.flash_begin    0x10000000        0x0
                0x10000000                        __flash_binary_start = .

.boot2          0x10000000      0x100
                0x10000000                        __boot2_start__ = .
 *(.boot2)
 .boot2         0x10000000      0x100 pico-sdk/src/rp2040/boot_stage2/CMakeFiles/bs2_default_library.dir/./bs2_default_padded_checksummed.S.o
                0x10000100                        __boot2_end__ = .
                0x00000001                        ASSERT (((__boot2_end__ - __boot2_start__) == 0x100), ERROR: Pico second stage bootloader must be 256 bytes in size)

.text           0x10000100     0x7df4
                0x10000100                        __logical_binary_start = .
 *(.vectors)
 .vectors       0x10000100       0xd4 CMakeFiles/Tarefa0302.dir/home/viktor/.pico-sdk/sdk/2.1.0/src/rp2_common/pico_crt0/crt0.S.o
                0x10000100                __vectors
                0x10000100                __VECTOR_TABLE
                0x100001c0                isr_invalid
                0x100001c0                __default_isrs_start
                0x100001c2                isr_nmi
                0x100001c4                isr_hardfault
                0x100001c6                isr_svcall
                0x100001c8                isr_pendsv
                0x100001ca                isr_systick
                0x100001cc                isr_irq30
                0x100001cc                __unhandled_user_irq
                0x100001cc                isr_irq13
                0x100001cc                isr_irq27
                0x100001cc                isr_irq31
                0x100001cc                isr_irq5
                0x100001cc                isr_irq11
                0x100001cc                isr_irq23
                0x100001cc                isr_irq18
                0x100001cc                isr_irq28
                0x100001cc                isr_irq19
                0x100001cc                isr_irq0
                0x100001cc                isr_irq6
                0x100001cc                isr_irq22
                0x100001cc                isr_irq17
                0x100001cc                isr_irq14
                0x100001cc                isr_irq2
                0x100001cc                isr_irq10
                0x100001cc                isr_irq8
                0x100001cc                isr_irq24
                0x100001cc                isr_irq1
                0x100001cc                isr_irq7
                0x100001cc                isr_irq21
                0x100001cc                isr_irq20
                0x100001cc                isr_irq15
                0x100001cc                isr_irq25
                0x100001cc                isr_irq4
                0x100001cc                isr_irq16
                0x100001cc                isr_irq29
                0x100001cc                isr_irq26
                0x100001cc                __default_isrs_end
                0x100001cc                isr_irq3
                0x100001cc                isr_irq12
                0x100001cc                isr_irq9
                0x100001d2                unhandled_user_irq_num_in_r0
 *(.binary_info_header)
 .binary_info_header
                0x100001d4       0x14 CMakeFiles/Tarefa0302.dir/home/viktor/.pico-sdk/sdk/2.1.0/src/rp2_common/pico_crt0/crt0.S.o
                0x100001e8                        __binary_info_header_end = .
 *(.embedded_block)
                0x100001e8                        __embedded_block_end = .
 *(.reset)
 .reset         0x100001e8       0x9c CMakeFiles/Tarefa0302.dir/home/viktor/.pico-sdk/sdk/2.1.0/src/rp2_common/pico_crt0/crt0.S.o
                0x100001e8                _entry_point
 *(.init)
 .init          0x10000284        0x4 /home/viktor/.pico-sdk/toolchain/13_3_Rel1/bin/../lib/gcc/arm-none-eabi/13.3.1/thumb/v6-m/nofp/crti.o
                0x10000284                _init
 *(EXCLUDE_FILE(*libm.a: *libc.a:*lib_a-mem*.o *libgcc.a:) .text*)
 .text.register_tm_clones
                0x10000288       0x28 /home/viktor/.pico-sdk/toolchain/13_3_Rel1/bin/../lib/gcc/arm-none-eabi/13.3.1/thumb/v6-m/nofp/crtbegin.o
 .text.frame_dummy
                0x100002b0       0x24 /home/viktor/.pico-sdk/toolchain/13_3_Rel1/bin/../lib/gcc/arm-none-eabi/13.3.1/thumb/v6-m/nofp/crtbegin.o
 .text.adc_gpio_init
                0x100002d4       0x20 CMakeFiles/Tarefa0302.dir/main.c.o
 .text.ssd1306_rect.constprop.0
                0x100002f4      0x128 CMakeFiles/Tarefa0302.dir/main.c.o
 .text.ssd1306_rect.constprop.1
                0x1000041c      0x168 CMakeFiles/Tarefa0302.dir/main.c.o
 .text.button_press
                0x10000584       0xac CMakeFiles/Tarefa0302.dir/main.c.o
                0x10000584                button_press
 .text.ssd1306_config
                0x10000630      0x1d0 CMakeFiles/Tarefa0302.dir/main.c.o
                0x10000630                ssd1306_config
 .text.ssd1306_send_data
                0x10000800       0x8c CMakeFiles/Tarefa0302.dir/main.c.o
                0x10000800                ssd1306_send_data
 .text.draw_display_border
                0x1000088c      0x110 CMakeFiles/Tarefa0302.dir/main.c.o
                0x1000088c                draw_display_border
 .text.startup.main
                0x1000099c      0x2d4 CMakeFiles/Tarefa0302.dir/main.c.o
                0x1000099c                main
 .text.gpio_default_irq_handler
                0x10000c70      0x274 CMakeFiles/Tarefa0302.dir/home/viktor/.pico-sdk/sdk/2.1.0/src/rp2_common/hardware_gpio/gpio.c.o
 .text.gpio_set_function
                0x10000ee4       0x34 CMakeFiles/Tarefa0302.dir/home/viktor/.pico-sdk/sdk/2.1.0/src/rp2_common/hardware_gpio/gpio.c.o
                0x10000ee4                gpio_set_function
 .text.gpio_set_pulls
                0x10000f18       0x28 CMakeFiles/Tarefa0302.dir/home/viktor/.pico-sdk/sdk/2.1.0/src/rp2_common/hardware_gpio/gpio.c.o
                0x10000f18                gpio_set_pulls
 .text.gpio_set_irq_enabled_with_callback
                0x10000f40       0xd0 CMakeFiles/Tarefa0302.dir/home/viktor/.pico-sdk/sdk/2.1.0/src/rp2_common/hardware_gpio/gpio.c.o
                0x10000f40                gpio_set_irq_enabled_with_callback
 .text.gpio_set_input_enabled
                0x10001010       0x28 CMakeFiles/Tarefa0302.dir/home/viktor/.pico-sdk/sdk/2.1.0/src/rp2_common/hardware_gpio/gpio.c.o
                0x10001010                gpio_set_input_enabled
 .text.gpio_init
                0x10001038       0x40 CMakeFiles/Tarefa0302.dir/home/viktor/.pico-sdk/sdk/2.1.0/src/rp2_common/hardware_gpio/gpio.c.o
                0x10001038                gpio_init
 .text.gpio_deinit
                0x10001078       0x34 CMakeFiles/Tarefa0302.dir/home/viktor/.pico-sdk/sdk/2.1.0/src/rp2_common/hardware_gpio/gpio.c.o
                0x10001078                gpio_deinit
 .text.rp2040_chip_version
                0x100010ac        0xc CMakeFiles/Tarefa0302.dir/home/viktor/.pico-sdk/sdk/2.1.0/src/rp2040/pico_platform/platform.c.o
                0x100010ac                rp2040_chip_version
 .text.panic    0x100010b8       0x30 CMakeFiles/Tarefa0302.dir/home/viktor/.pico-sdk/sdk/2.1.0/src/rp2_common/pico_platform_panic/panic.c.o
                0x100010b8                panic
 .text.hw_claim_or_assert
                0x100010e8       0x44 CMakeFiles/Tarefa0302.dir/home/viktor/.pico-sdk/sdk/2.1.0/src/common/hardware_claim/claim.c.o
                0x100010e8                hw_claim_or_assert
 .text.hw_claim_unused_from_range
                0x1000112c       0x9c CMakeFiles/Tarefa0302.dir/home/viktor/.pico-sdk/sdk/2.1.0/src/common/hardware_claim/claim.c.o
                0x1000112c                hw_claim_unused_from_range
 .text.next_striped_spin_lock_num
                0x100011c8       0x18 CMakeFiles/Tarefa0302.dir/home/viktor/.pico-sdk/sdk/2.1.0/src/rp2_common/hardware_sync/sync.c.o
                0x100011c8                next_striped_spin_lock_num
 .text.spin_lock_claim_unused
                0x100011e0       0x24 CMakeFiles/Tarefa0302.dir/home/viktor/.pico-sdk/sdk/2.1.0/src/rp2_common/hardware_sync/sync.c.o
                0x100011e0                spin_lock_claim_unused
 .text.spin_locks_reset
                0x10001204       0x1c CMakeFiles/Tarefa0302.dir/home/viktor/.pico-sdk/sdk/2.1.0/src/rp2_common/hardware_sync_spin_lock/sync_spin_lock.c.o
                0x10001204                spin_locks_reset
 .text.runtime_init_per_core_irq_priorities
                0x10001220       0x24 CMakeFiles/Tarefa0302.dir/home/viktor/.pico-sdk/sdk/2.1.0/src/rp2_common/hardware_irq/irq.c.o
                0x10001220                runtime_init_per_core_irq_priorities
 .text.irq_set_enabled
                0x10001244       0x24 CMakeFiles/Tarefa0302.dir/home/viktor/.pico-sdk/sdk/2.1.0/src/rp2_common/hardware_irq/irq.c.o
                0x10001244                irq_set_enabled
 .text.irq_is_enabled
                0x10001268       0x18 CMakeFiles/Tarefa0302.dir/home/viktor/.pico-sdk/sdk/2.1.0/src/rp2_common/hardware_irq/irq.c.o
                0x10001268                irq_is_enabled
 .text.irq_set_pending
                0x10001280       0x10 CMakeFiles/Tarefa0302.dir/home/viktor/.pico-sdk/sdk/2.1.0/src/rp2_common/hardware_irq/irq.c.o
                0x10001280                irq_set_pending
 .text.irq_has_shared_handler
                0x10001290       0x2c CMakeFiles/Tarefa0302.dir/home/viktor/.pico-sdk/sdk/2.1.0/src/rp2_common/hardware_irq/irq.c.o
                0x10001290                irq_has_shared_handler
 .text.irq_set_exclusive_handler
                0x100012bc       0x54 CMakeFiles/Tarefa0302.dir/home/viktor/.pico-sdk/sdk/2.1.0/src/rp2_common/hardware_irq/irq.c.o
                0x100012bc                irq_set_exclusive_handler
 .text.irq_add_shared_handler
                0x10001310      0x1f4 CMakeFiles/Tarefa0302.dir/home/viktor/.pico-sdk/sdk/2.1.0/src/rp2_common/hardware_irq/irq.c.o
                0x10001310                irq_add_shared_handler
 .text.irq_remove_handler
                0x10001504      0x1d4 CMakeFiles/Tarefa0302.dir/home/viktor/.pico-sdk/sdk/2.1.0/src/rp2_common/hardware_irq/irq.c.o
                0x10001504                irq_remove_handler
 .text.irq_add_tail_to_free_list
                0x100016d8       0xb4 CMakeFiles/Tarefa0302.dir/home/viktor/.pico-sdk/sdk/2.1.0/src/rp2_common/hardware_irq/irq.c.o
                0x100016d8                irq_add_tail_to_free_list
 .text.user_irq_claim_unused
                0x1000178c       0x2c CMakeFiles/Tarefa0302.dir/home/viktor/.pico-sdk/sdk/2.1.0/src/rp2_common/hardware_irq/irq.c.o
                0x1000178c                user_irq_claim_unused
 .text.lock_init
                0x100017b8       0x10 CMakeFiles/Tarefa0302.dir/home/viktor/.pico-sdk/sdk/2.1.0/src/common/pico_sync/lock_core.c.o
                0x100017b8                lock_init
 .text.runtime_init_mutex
                0x100017c8       0x50 CMakeFiles/Tarefa0302.dir/home/viktor/.pico-sdk/sdk/2.1.0/src/common/pico_sync/mutex.c.o
                0x100017c8                runtime_init_mutex
 .text.mutex_init
                0x10001818       0x1c CMakeFiles/Tarefa0302.dir/home/viktor/.pico-sdk/sdk/2.1.0/src/common/pico_sync/mutex.c.o
                0x10001818                mutex_init
 .text.critical_section_init
                0x10001834       0x1c CMakeFiles/Tarefa0302.dir/home/viktor/.pico-sdk/sdk/2.1.0/src/common/pico_sync/critical_section.c.o
                0x10001834                critical_section_init
 .text.critical_section_init_with_lock_num
                0x10001850       0x14 CMakeFiles/Tarefa0302.dir/home/viktor/.pico-sdk/sdk/2.1.0/src/common/pico_sync/critical_section.c.o
                0x10001850                critical_section_init_with_lock_num
 .text.sleep_until_callback
                0x10001864       0x30 CMakeFiles/Tarefa0302.dir/home/viktor/.pico-sdk/sdk/2.1.0/src/common/pico_time/time.c.o
 .text.alarm_pool_irq_handler
                0x10001894      0x2fc CMakeFiles/Tarefa0302.dir/home/viktor/.pico-sdk/sdk/2.1.0/src/common/pico_time/time.c.o
 .text.runtime_init_default_alarm_pool
                0x10001b90       0xdc CMakeFiles/Tarefa0302.dir/home/viktor/.pico-sdk/sdk/2.1.0/src/common/pico_time/time.c.o
                0x10001b90                runtime_init_default_alarm_pool
 .text.alarm_pool_get_default
                0x10001c6c        0x8 CMakeFiles/Tarefa0302.dir/home/viktor/.pico-sdk/sdk/2.1.0/src/common/pico_time/time.c.o
                0x10001c6c                alarm_pool_get_default
 .text.alarm_pool_add_alarm_at
                0x10001c74       0xd4 CMakeFiles/Tarefa0302.dir/home/viktor/.pico-sdk/sdk/2.1.0/src/common/pico_time/time.c.o
                0x10001c74                alarm_pool_add_alarm_at
 .text.alarm_pool_add_alarm_at_force_in_context
                0x10001d48       0xb0 CMakeFiles/Tarefa0302.dir/home/viktor/.pico-sdk/sdk/2.1.0/src/common/pico_time/time.c.o
                0x10001d48                alarm_pool_add_alarm_at_force_in_context
 .text.alarm_pool_cancel_alarm
                0x10001df8       0x74 CMakeFiles/Tarefa0302.dir/home/viktor/.pico-sdk/sdk/2.1.0/src/common/pico_time/time.c.o
                0x10001df8                alarm_pool_cancel_alarm
 .text.alarm_pool_core_num
                0x10001e6c        0x4 CMakeFiles/Tarefa0302.dir/home/viktor/.pico-sdk/sdk/2.1.0/src/common/pico_time/time.c.o
                0x10001e6c                alarm_pool_core_num
 .text.sleep_until
                0x10001e70       0xd8 CMakeFiles/Tarefa0302.dir/home/viktor/.pico-sdk/sdk/2.1.0/src/common/pico_time/time.c.o
                0x10001e70                sleep_until
 .text.sleep_ms
                0x10001f48       0x38 CMakeFiles/Tarefa0302.dir/home/viktor/.pico-sdk/sdk/2.1.0/src/common/pico_time/time.c.o
                0x10001f48                sleep_ms
 .text.best_effort_wfe_or_timeout
                0x10001f80       0xe0 CMakeFiles/Tarefa0302.dir/home/viktor/.pico-sdk/sdk/2.1.0/src/common/pico_time/time.c.o
                0x10001f80                best_effort_wfe_or_timeout
 .text.timer_hardware_alarm_claim
                0x10002060       0x14 CMakeFiles/Tarefa0302.dir/home/viktor/.pico-sdk/sdk/2.1.0/src/rp2_common/hardware_timer/timer.c.o
                0x10002060                timer_hardware_alarm_claim
 .text.timer_time_us_64
                0x10002074       0x10 CMakeFiles/Tarefa0302.dir/home/viktor/.pico-sdk/sdk/2.1.0/src/rp2_common/hardware_timer/timer.c.o
                0x10002074                timer_time_us_64
 .text.time_us_64
                0x10002084       0x14 CMakeFiles/Tarefa0302.dir/home/viktor/.pico-sdk/sdk/2.1.0/src/rp2_common/hardware_timer/timer.c.o
                0x10002084                time_us_64
 .text.busy_wait_until
                0x10002098       0x20 CMakeFiles/Tarefa0302.dir/home/viktor/.pico-sdk/sdk/2.1.0/src/rp2_common/hardware_timer/timer.c.o
                0x10002098                busy_wait_until
 .text.clock_configure_int_divider
                0x100020b8       0xf4 CMakeFiles/Tarefa0302.dir/home/viktor/.pico-sdk/sdk/2.1.0/src/rp2_common/hardware_clocks/clocks.c.o
                0x100020b8                clock_configure_int_divider
 .text.clock_configure_undivided
                0x100021ac       0xe8 CMakeFiles/Tarefa0302.dir/home/viktor/.pico-sdk/sdk/2.1.0/src/rp2_common/hardware_clocks/clocks.c.o
                0x100021ac                clock_configure_undivided
 .text.clock_get_hz
                0x10002294        0xc CMakeFiles/Tarefa0302.dir/home/viktor/.pico-sdk/sdk/2.1.0/src/rp2_common/hardware_clocks/clocks.c.o
                0x10002294                clock_get_hz
 .text.pll_init
                0x100022a0       0xa4 CMakeFiles/Tarefa0302.dir/home/viktor/.pico-sdk/sdk/2.1.0/src/rp2_common/hardware_pll/pll.c.o
                0x100022a0                pll_init
 .text.watchdog_reboot
                0x10002344       0x9c CMakeFiles/Tarefa0302.dir/home/viktor/.pico-sdk/sdk/2.1.0/src/rp2_common/hardware_watchdog/watchdog.c.o
                0x10002344                watchdog_reboot
 .text.tick_start
                0x100023e0       0x10 CMakeFiles/Tarefa0302.dir/home/viktor/.pico-sdk/sdk/2.1.0/src/rp2_common/hardware_ticks/ticks.c.o
                0x100023e0                tick_start
 .text.rom_func_lookup
                0x100023f0       0x10 CMakeFiles/Tarefa0302.dir/home/viktor/.pico-sdk/sdk/2.1.0/src/rp2_common/pico_bootrom/bootrom.c.o
                0x100023f0                rom_func_lookup
 .text.rom_data_lookup
                0x10002400       0x10 CMakeFiles/Tarefa0302.dir/home/viktor/.pico-sdk/sdk/2.1.0/src/rp2_common/pico_bootrom/bootrom.c.o
                0x10002400                rom_data_lookup
 .text.rom_funcs_lookup
                0x10002410       0x44 CMakeFiles/Tarefa0302.dir/home/viktor/.pico-sdk/sdk/2.1.0/src/rp2_common/pico_bootrom/bootrom.c.o
                0x10002410                rom_funcs_lookup
 .text.rom_reset_usb_boot_extra
                0x10002454       0x28 CMakeFiles/Tarefa0302.dir/home/viktor/.pico-sdk/sdk/2.1.0/src/rp2_common/pico_bootrom/bootrom.c.o
                0x10002454                rom_reset_usb_boot_extra
 .text.xosc_init
                0x1000247c       0x28 CMakeFiles/Tarefa0302.dir/home/viktor/.pico-sdk/sdk/2.1.0/src/rp2_common/hardware_xosc/xosc.c.o
                0x1000247c                xosc_init
 .text.first_per_core_initializer
                0x100024a4        0x4 CMakeFiles/Tarefa0302.dir/home/viktor/.pico-sdk/sdk/2.1.0/src/rp2_common/pico_runtime/runtime.c.o
 .text.hard_assertion_failure
                0x100024a8        0xc CMakeFiles/Tarefa0302.dir/home/viktor/.pico-sdk/sdk/2.1.0/src/rp2_common/pico_runtime/runtime.c.o
                0x100024a8                hard_assertion_failure
 .text.runtime_run_initializers
                0x100024b4       0x28 CMakeFiles/Tarefa0302.dir/home/viktor/.pico-sdk/sdk/2.1.0/src/rp2_common/pico_runtime/runtime.c.o
                0x100024b4                runtime_run_initializers
 .text.runtime_init_early_resets
                0x100024dc       0x2c CMakeFiles/Tarefa0302.dir/home/viktor/.pico-sdk/sdk/2.1.0/src/rp2_common/pico_runtime_init/runtime_init.c.o
                0x100024dc                runtime_init_early_resets
 .text.runtime_init_usb_power_down
                0x10002508       0x1c CMakeFiles/Tarefa0302.dir/home/viktor/.pico-sdk/sdk/2.1.0/src/rp2_common/pico_runtime_init/runtime_init.c.o
                0x10002508                runtime_init_usb_power_down
 .text.runtime_init_post_clock_resets
                0x10002524       0x20 CMakeFiles/Tarefa0302.dir/home/viktor/.pico-sdk/sdk/2.1.0/src/rp2_common/pico_runtime_init/runtime_init.c.o
                0x10002524                runtime_init_post_clock_resets
 .text.runtime_init_rp2040_gpio_ie_disable
                0x10002544       0x14 CMakeFiles/Tarefa0302.dir/home/viktor/.pico-sdk/sdk/2.1.0/src/rp2_common/pico_runtime_init/runtime_init.c.o
                0x10002544                runtime_init_rp2040_gpio_ie_disable
 .text.runtime_init_spin_locks_reset
                0x10002558        0x8 CMakeFiles/Tarefa0302.dir/home/viktor/.pico-sdk/sdk/2.1.0/src/rp2_common/pico_runtime_init/runtime_init.c.o
                0x10002558                runtime_init_spin_locks_reset
 .text.runtime_init_install_ram_vector_table
                0x10002560       0x1c CMakeFiles/Tarefa0302.dir/home/viktor/.pico-sdk/sdk/2.1.0/src/rp2_common/pico_runtime_init/runtime_init.c.o
                0x10002560                runtime_init_install_ram_vector_table
 .text.runtime_init_clocks
                0x1000257c       0xd8 CMakeFiles/Tarefa0302.dir/home/viktor/.pico-sdk/sdk/2.1.0/src/rp2_common/pico_runtime_init/runtime_init_clocks.c.o
                0x1000257c                runtime_init_clocks
 .text          0x10002654       0x10 CMakeFiles/Tarefa0302.dir/home/viktor/.pico-sdk/sdk/2.1.0/src/rp2_common/pico_bit_ops/bit_ops_aeabi.S.o
 .text.__wrap___aeabi_idiv
                0x10002664       0x50 CMakeFiles/Tarefa0302.dir/home/viktor/.pico-sdk/sdk/2.1.0/src/rp2_common/pico_divider/divider_hardware.S.o
                0x10002664                __wrap___aeabi_idivmod
                0x10002664                divmod_s32s32
                0x10002664                div_s32s32
                0x10002664                __wrap___aeabi_idiv
                0x1000266c                divmod_s32s32_unsafe
                0x10002698                divmod_s32s32_savestate
 .text.__wrap___aeabi_uidiv
                0x100026b4       0x4c CMakeFiles/Tarefa0302.dir/home/viktor/.pico-sdk/sdk/2.1.0/src/rp2_common/pico_divider/divider_hardware.S.o
                0x100026b4                __wrap___aeabi_uidiv
                0x100026b4                __wrap___aeabi_uidivmod
                0x100026b4                div_u32u32
                0x100026b4                divmod_u32u32
                0x100026bc                divmod_u32u32_unsafe
                0x100026e4                divmod_u32u32_savestate
 .text.__wrap___aeabi_ldiv
                0x10002700      0x424 CMakeFiles/Tarefa0302.dir/home/viktor/.pico-sdk/sdk/2.1.0/src/rp2_common/pico_divider/divider_hardware.S.o
                0x10002700                div_s64s64
                0x10002700                divmod_s64s64
                0x10002700                __wrap___aeabi_ldivmod
                0x10002730                div_u64u64
                0x10002730                divmod_u64u64
                0x10002730                __wrap___aeabi_uldivmod
                0x10002740                divmod_u64u64_savestate
                0x10002760                divmod_s64s64_unsafe
                0x100027e8                divmod_u64u64_unsafe
 .text.__wrap___aeabi_darithmetic
                0x10002b24       0x60 CMakeFiles/Tarefa0302.dir/home/viktor/.pico-sdk/sdk/2.1.0/src/rp2_common/pico_double/double_aeabi_rp2040.S.o
                0x10002b24                __wrap___aeabi_drsub
                0x10002b2a                __wrap___aeabi_dsub
                0x10002b34                __wrap___aeabi_dadd
                0x10002b3e                __wrap___aeabi_ddiv
                0x10002b72                __wrap___aeabi_dmul
 .text.__wrap___aeabi_cdcmple
                0x10002b84       0x6c CMakeFiles/Tarefa0302.dir/home/viktor/.pico-sdk/sdk/2.1.0/src/rp2_common/pico_double/double_aeabi_rp2040.S.o
                0x10002b84                __wrap___aeabi_cdrcmple
                0x10002b94                __wrap___aeabi_cdcmple
                0x10002b94                __wrap___aeabi_cdcmpeq
 .text.__wrap___aeabi_dcmplt
                0x10002bf0        0xc CMakeFiles/Tarefa0302.dir/home/viktor/.pico-sdk/sdk/2.1.0/src/rp2_common/pico_double/double_aeabi_rp2040.S.o
                0x10002bf0                __wrap___aeabi_dcmplt
 .text.__wrap___aeabi_dcmpge
                0x10002bfc       0x10 CMakeFiles/Tarefa0302.dir/home/viktor/.pico-sdk/sdk/2.1.0/src/rp2_common/pico_double/double_aeabi_rp2040.S.o
                0x10002bfc                __wrap___aeabi_dcmpge
 .text.__wrap___aeabi_dcmpgt
                0x10002c0c        0xa CMakeFiles/Tarefa0302.dir/home/viktor/.pico-sdk/sdk/2.1.0/src/rp2_common/pico_double/double_aeabi_rp2040.S.o
                0x10002c0c                __wrap___aeabi_dcmpgt
 .text.__wrap___aeabi_dcmpun
                0x10002c16       0x18 CMakeFiles/Tarefa0302.dir/home/viktor/.pico-sdk/sdk/2.1.0/src/rp2_common/pico_double/double_aeabi_rp2040.S.o
                0x10002c16                __wrap___aeabi_dcmpun
 *fill*         0x10002c2e        0x2 
 .text.__wrap___aeabi_i2d
                0x10002c30       0x38 CMakeFiles/Tarefa0302.dir/home/viktor/.pico-sdk/sdk/2.1.0/src/rp2_common/pico_double/double_aeabi_rp2040.S.o
                0x10002c30                __wrap___aeabi_ui2d
                0x10002c38                __wrap___aeabi_i2d
 .text.__wrap___aeabi_d2iz
                0x10002c68       0x48 CMakeFiles/Tarefa0302.dir/home/viktor/.pico-sdk/sdk/2.1.0/src/rp2_common/pico_double/double_aeabi_rp2040.S.o
                0x10002c68                __wrap___aeabi_d2iz
                0x10002c68                double2int_z
 .text.__wrap___aeabi_d2uiz
                0x10002cb0       0x10 CMakeFiles/Tarefa0302.dir/home/viktor/.pico-sdk/sdk/2.1.0/src/rp2_common/pico_double/double_aeabi_rp2040.S.o
                0x10002cb0                double2uint
                0x10002cb0                __wrap___aeabi_d2uiz
 .text.missing_double_func_shim
                0x10002cc0        0xc CMakeFiles/Tarefa0302.dir/home/viktor/.pico-sdk/sdk/2.1.0/src/rp2_common/pico_double/double_init_rom_rp2040.c.o
 .text.__aeabi_double_init
                0x10002ccc       0xa0 CMakeFiles/Tarefa0302.dir/home/viktor/.pico-sdk/sdk/2.1.0/src/rp2_common/pico_double/double_init_rom_rp2040.c.o
                0x10002ccc                __aeabi_double_init
 .text.double_table_shim_on_use_helper
                0x10002d6c       0x2c CMakeFiles/Tarefa0302.dir/home/viktor/.pico-sdk/sdk/2.1.0/src/rp2_common/pico_double/double_v1_rom_shim_rp2040.S.o
                0x10002d6c                double_table_shim_on_use_helper
 .text.__aeabi_lmul
                0x10002d98       0x32 CMakeFiles/Tarefa0302.dir/home/viktor/.pico-sdk/sdk/2.1.0/src/rp2_common/pico_int64_ops/pico_int64_ops_aeabi.S.o
                0x10002d98                __wrap___aeabi_lmul
 *fill*         0x10002dca        0x2 
 .text.missing_float_func_shim
                0x10002dcc        0xc CMakeFiles/Tarefa0302.dir/home/viktor/.pico-sdk/sdk/2.1.0/src/rp2_common/pico_float/float_init_rom_rp2040.c.o
 .text.__aeabi_float_init
                0x10002dd8       0x5c CMakeFiles/Tarefa0302.dir/home/viktor/.pico-sdk/sdk/2.1.0/src/rp2_common/pico_float/float_init_rom_rp2040.c.o
                0x10002dd8                __aeabi_float_init
 .text.__wrap_calloc
                0x10002e34       0x28 CMakeFiles/Tarefa0302.dir/home/viktor/.pico-sdk/sdk/2.1.0/src/rp2_common/pico_malloc/malloc.c.o
                0x10002e34                __wrap_calloc
 .text          0x10002e5c       0x10 CMakeFiles/Tarefa0302.dir/home/viktor/.pico-sdk/sdk/2.1.0/src/rp2_common/pico_mem_ops/mem_ops_aeabi.S.o
                0x10002e5c                __aeabi_mem_init
 .text.memset   0x10002e6c        0xc CMakeFiles/Tarefa0302.dir/home/viktor/.pico-sdk/sdk/2.1.0/src/rp2_common/pico_mem_ops/mem_ops_aeabi.S.o
                0x10002e6c                __wrap_memset
 .text.memcpy   0x10002e78        0xc CMakeFiles/Tarefa0302.dir/home/viktor/.pico-sdk/sdk/2.1.0/src/rp2_common/pico_mem_ops/mem_ops_aeabi.S.o
                0x10002e78                __wrap___aeabi_memcpy
                0x10002e78                __wrap_memcpy
 .text._out_null
                0x10002e84        0x4 CMakeFiles/Tarefa0302.dir/home/viktor/.pico-sdk/sdk/2.1.0/src/rp2_common/pico_printf/printf.c.o
 .text._out_rev
                0x10002e88       0xac CMakeFiles/Tarefa0302.dir/home/viktor/.pico-sdk/sdk/2.1.0/src/rp2_common/pico_printf/printf.c.o
 .text._ntoa_format
                0x10002f34      0x250 CMakeFiles/Tarefa0302.dir/home/viktor/.pico-sdk/sdk/2.1.0/src/rp2_common/pico_printf/printf.c.o
 .text._out_char
                0x10003184       0x10 CMakeFiles/Tarefa0302.dir/home/viktor/.pico-sdk/sdk/2.1.0/src/rp2_common/pico_printf/printf.c.o
 .text._out_fct
                0x10003194       0x10 CMakeFiles/Tarefa0302.dir/home/viktor/.pico-sdk/sdk/2.1.0/src/rp2_common/pico_printf/printf.c.o
 .text._etoa    0x100031a4      0x464 CMakeFiles/Tarefa0302.dir/home/viktor/.pico-sdk/sdk/2.1.0/src/rp2_common/pico_printf/printf.c.o
 .text._ftoa    0x10003608      0x3c0 CMakeFiles/Tarefa0302.dir/home/viktor/.pico-sdk/sdk/2.1.0/src/rp2_common/pico_printf/printf.c.o
 .text._vsnprintf
                0x100039c8      0xbc8 CMakeFiles/Tarefa0302.dir/home/viktor/.pico-sdk/sdk/2.1.0/src/rp2_common/pico_printf/printf.c.o
 .text.vfctprintf
                0x10004590       0x20 CMakeFiles/Tarefa0302.dir/home/viktor/.pico-sdk/sdk/2.1.0/src/rp2_common/pico_printf/printf.c.o
                0x10004590                vfctprintf
 .text.weak_raw_vprintf
                0x100045b0       0x30 CMakeFiles/Tarefa0302.dir/home/viktor/.pico-sdk/sdk/2.1.0/src/rp2_common/pico_printf/printf.c.o
                0x100045b0                weak_raw_vprintf
 .text._exit    0x100045e0        0x4 CMakeFiles/Tarefa0302.dir/home/viktor/.pico-sdk/sdk/2.1.0/src/rp2_common/pico_clib_interface/newlib_interface.c.o
                0x100045e0                _exit
 .text._sbrk    0x100045e4       0x34 CMakeFiles/Tarefa0302.dir/home/viktor/.pico-sdk/sdk/2.1.0/src/rp2_common/pico_clib_interface/newlib_interface.c.o
                0x100045e4                _sbrk
 .text.exit     0x10004618        0x8 CMakeFiles/Tarefa0302.dir/home/viktor/.pico-sdk/sdk/2.1.0/src/rp2_common/pico_clib_interface/newlib_interface.c.o
                0x10004618                exit
 .text.runtime_init
                0x10004620       0x2c CMakeFiles/Tarefa0302.dir/home/viktor/.pico-sdk/sdk/2.1.0/src/rp2_common/pico_clib_interface/newlib_interface.c.o
                0x10004620                runtime_init
 .text.stdio_out_chars_no_crlf
                0x1000464c       0x10 CMakeFiles/Tarefa0302.dir/home/viktor/.pico-sdk/sdk/2.1.0/src/rp2_common/pico_stdio/stdio.c.o
 .text.stdio_out_chars_crlf
                0x1000465c       0x94 CMakeFiles/Tarefa0302.dir/home/viktor/.pico-sdk/sdk/2.1.0/src/rp2_common/pico_stdio/stdio.c.o
 .text.stdio_buffered_printer
                0x100046f0       0x64 CMakeFiles/Tarefa0302.dir/home/viktor/.pico-sdk/sdk/2.1.0/src/rp2_common/pico_stdio/stdio.c.o
 .text.stdio_put_string
                0x10004754      0x100 CMakeFiles/Tarefa0302.dir/home/viktor/.pico-sdk/sdk/2.1.0/src/rp2_common/pico_stdio/stdio.c.o
                0x10004754                stdio_put_string
 .text.stdio_set_driver_enabled
                0x10004854       0x30 CMakeFiles/Tarefa0302.dir/home/viktor/.pico-sdk/sdk/2.1.0/src/rp2_common/pico_stdio/stdio.c.o
                0x10004854                stdio_set_driver_enabled
 .text.stdio_init_all
                0x10004884        0x8 CMakeFiles/Tarefa0302.dir/home/viktor/.pico-sdk/sdk/2.1.0/src/rp2_common/pico_stdio/stdio.c.o
                0x10004884                stdio_init_all
 .text.__wrap_putchar
                0x1000488c       0x98 CMakeFiles/Tarefa0302.dir/home/viktor/.pico-sdk/sdk/2.1.0/src/rp2_common/pico_stdio/stdio.c.o
                0x1000488c                stdio_putchar
                0x1000488c                __wrap_putchar
 .text.__wrap_puts
                0x10004924       0x3c CMakeFiles/Tarefa0302.dir/home/viktor/.pico-sdk/sdk/2.1.0/src/rp2_common/pico_stdio/stdio.c.o
                0x10004924                __wrap_puts
                0x10004924                stdio_puts
 .text.__wrap_vprintf
                0x10004960       0xd4 CMakeFiles/Tarefa0302.dir/home/viktor/.pico-sdk/sdk/2.1.0/src/rp2_common/pico_stdio/stdio.c.o
                0x10004960                __wrap_vprintf
                0x10004960                stdio_vprintf
 .text.__wrap_printf
                0x10004a34       0x18 CMakeFiles/Tarefa0302.dir/home/viktor/.pico-sdk/sdk/2.1.0/src/rp2_common/pico_stdio/stdio.c.o
                0x10004a34                stdio_printf
                0x10004a34                __wrap_printf
 .text.resetd_init
                0x10004a4c        0x4 CMakeFiles/Tarefa0302.dir/home/viktor/.pico-sdk/sdk/2.1.0/src/rp2_common/pico_stdio_usb/reset_interface.c.o
 .text.resetd_reset
                0x10004a50        0xc CMakeFiles/Tarefa0302.dir/home/viktor/.pico-sdk/sdk/2.1.0/src/rp2_common/pico_stdio_usb/reset_interface.c.o
 .text.resetd_open
                0x10004a5c       0x28 CMakeFiles/Tarefa0302.dir/home/viktor/.pico-sdk/sdk/2.1.0/src/rp2_common/pico_stdio_usb/reset_interface.c.o
 .text.resetd_xfer_cb
                0x10004a84        0x4 CMakeFiles/Tarefa0302.dir/home/viktor/.pico-sdk/sdk/2.1.0/src/rp2_common/pico_stdio_usb/reset_interface.c.o
 .text.resetd_control_xfer_cb
                0x10004a88       0x5c CMakeFiles/Tarefa0302.dir/home/viktor/.pico-sdk/sdk/2.1.0/src/rp2_common/pico_stdio_usb/reset_interface.c.o
 .text.tud_descriptor_bos_cb
                0x10004ae4        0x8 CMakeFiles/Tarefa0302.dir/home/viktor/.pico-sdk/sdk/2.1.0/src/rp2_common/pico_stdio_usb/reset_interface.c.o
                0x10004ae4                tud_descriptor_bos_cb
 .text.tud_vendor_control_xfer_cb
                0x10004aec       0x34 CMakeFiles/Tarefa0302.dir/home/viktor/.pico-sdk/sdk/2.1.0/src/rp2_common/pico_stdio_usb/reset_interface.c.o
                0x10004aec                tud_vendor_control_xfer_cb
 .text.usbd_app_driver_get_cb
                0x10004b20        0xc CMakeFiles/Tarefa0302.dir/home/viktor/.pico-sdk/sdk/2.1.0/src/rp2_common/pico_stdio_usb/reset_interface.c.o
                0x10004b20                usbd_app_driver_get_cb
 .text.tud_cdc_line_coding_cb
                0x10004b2c       0x2c CMakeFiles/Tarefa0302.dir/home/viktor/.pico-sdk/sdk/2.1.0/src/rp2_common/pico_stdio_usb/reset_interface.c.o
                0x10004b2c                tud_cdc_line_coding_cb
 .text.stdio_usb_set_chars_available_callback
                0x10004b58       0x14 CMakeFiles/Tarefa0302.dir/home/viktor/.pico-sdk/sdk/2.1.0/src/rp2_common/pico_stdio_usb/stdio_usb.c.o
                0x10004b58                stdio_usb_set_chars_available_callback
 .text.usb_irq  0x10004b6c       0x10 CMakeFiles/Tarefa0302.dir/home/viktor/.pico-sdk/sdk/2.1.0/src/rp2_common/pico_stdio_usb/stdio_usb.c.o
 .text.timer_task
                0x10004b7c       0x64 CMakeFiles/Tarefa0302.dir/home/viktor/.pico-sdk/sdk/2.1.0/src/rp2_common/pico_stdio_usb/stdio_usb.c.o
 .text.stdio_usb_in_chars
                0x10004be0       0x90 CMakeFiles/Tarefa0302.dir/home/viktor/.pico-sdk/sdk/2.1.0/src/rp2_common/pico_stdio_usb/stdio_usb.c.o
                0x10004be0                stdio_usb_in_chars
 .text.stdio_usb_out_flush
                0x10004c70       0x50 CMakeFiles/Tarefa0302.dir/home/viktor/.pico-sdk/sdk/2.1.0/src/rp2_common/pico_stdio_usb/stdio_usb.c.o
 .text.stdio_usb_out_chars
                0x10004cc0      0x104 CMakeFiles/Tarefa0302.dir/home/viktor/.pico-sdk/sdk/2.1.0/src/rp2_common/pico_stdio_usb/stdio_usb.c.o
 .text.low_priority_worker_irq
                0x10004dc4       0xcc CMakeFiles/Tarefa0302.dir/home/viktor/.pico-sdk/sdk/2.1.0/src/rp2_common/pico_stdio_usb/stdio_usb.c.o
 .text.stdio_usb_init
                0x10004e90       0xe8 CMakeFiles/Tarefa0302.dir/home/viktor/.pico-sdk/sdk/2.1.0/src/rp2_common/pico_stdio_usb/stdio_usb.c.o
                0x10004e90                stdio_usb_init
 .text.tud_descriptor_device_cb
                0x10004f78        0x8 CMakeFiles/Tarefa0302.dir/home/viktor/.pico-sdk/sdk/2.1.0/src/rp2_common/pico_stdio_usb/stdio_usb_descriptors.c.o
                0x10004f78                tud_descriptor_device_cb
 .text.tud_descriptor_configuration_cb
                0x10004f80        0x8 CMakeFiles/Tarefa0302.dir/home/viktor/.pico-sdk/sdk/2.1.0/src/rp2_common/pico_stdio_usb/stdio_usb_descriptors.c.o
                0x10004f80                tud_descriptor_configuration_cb
 .text.tud_descriptor_string_cb
                0x10004f88       0x78 CMakeFiles/Tarefa0302.dir/home/viktor/.pico-sdk/sdk/2.1.0/src/rp2_common/pico_stdio_usb/stdio_usb_descriptors.c.o
                0x10004f88                tud_descriptor_string_cb
 .text.startup._retrieve_unique_id_on_boot
                0x10005000       0x10 CMakeFiles/Tarefa0302.dir/home/viktor/.pico-sdk/sdk/2.1.0/src/rp2_common/pico_unique_id/unique_id.c.o
 .text.pico_get_unique_board_id_string
                0x10005010      0x1a8 CMakeFiles/Tarefa0302.dir/home/viktor/.pico-sdk/sdk/2.1.0/src/rp2_common/pico_unique_id/unique_id.c.o
                0x10005010                pico_get_unique_board_id_string
 .text.flash_get_unique_id
                0x100051b8       0x3c CMakeFiles/Tarefa0302.dir/home/viktor/.pico-sdk/sdk/2.1.0/src/rp2_common/hardware_flash/flash.c.o
                0x100051b8                flash_get_unique_id
 .text.dcd_init
                0x100051f4       0x8c CMakeFiles/Tarefa0302.dir/home/viktor/.pico-sdk/sdk/2.1.0/lib/tinyusb/src/portable/raspberrypi/rp2040/dcd_rp2040.c.o
                0x100051f4                dcd_init
 .text.dcd_int_enable
                0x10005280        0xc CMakeFiles/Tarefa0302.dir/home/viktor/.pico-sdk/sdk/2.1.0/lib/tinyusb/src/portable/raspberrypi/rp2040/dcd_rp2040.c.o
                0x10005280                dcd_int_enable
 .text.dcd_set_address
                0x1000528c       0x14 CMakeFiles/Tarefa0302.dir/home/viktor/.pico-sdk/sdk/2.1.0/lib/tinyusb/src/portable/raspberrypi/rp2040/dcd_rp2040.c.o
                0x1000528c                dcd_set_address
 .text.dcd_sof_enable
                0x100052a0       0x1c CMakeFiles/Tarefa0302.dir/home/viktor/.pico-sdk/sdk/2.1.0/lib/tinyusb/src/portable/raspberrypi/rp2040/dcd_rp2040.c.o
                0x100052a0                dcd_sof_enable
 .text.dcd_edpt0_status_complete
                0x100052bc       0x1c CMakeFiles/Tarefa0302.dir/home/viktor/.pico-sdk/sdk/2.1.0/lib/tinyusb/src/portable/raspberrypi/rp2040/dcd_rp2040.c.o
                0x100052bc                dcd_edpt0_status_complete
 .text.dcd_edpt_open
                0x100052d8      0x108 CMakeFiles/Tarefa0302.dir/home/viktor/.pico-sdk/sdk/2.1.0/lib/tinyusb/src/portable/raspberrypi/rp2040/dcd_rp2040.c.o
                0x100052d8                dcd_edpt_open
 .text.dcd_edpt_close_all
                0x100053e0        0x8 CMakeFiles/Tarefa0302.dir/home/viktor/.pico-sdk/sdk/2.1.0/lib/tinyusb/src/portable/raspberrypi/rp2040/dcd_rp2040.c.o
                0x100053e0                dcd_edpt_close_all
 .text.dcd_edpt_xfer
                0x100053e8       0x24 CMakeFiles/Tarefa0302.dir/home/viktor/.pico-sdk/sdk/2.1.0/lib/tinyusb/src/portable/raspberrypi/rp2040/dcd_rp2040.c.o
                0x100053e8                dcd_edpt_xfer
 .text.dcd_edpt_stall
                0x1000540c       0x34 CMakeFiles/Tarefa0302.dir/home/viktor/.pico-sdk/sdk/2.1.0/lib/tinyusb/src/portable/raspberrypi/rp2040/dcd_rp2040.c.o
                0x1000540c                dcd_edpt_stall
 .text.dcd_edpt_clear_stall
                0x10005440       0x30 CMakeFiles/Tarefa0302.dir/home/viktor/.pico-sdk/sdk/2.1.0/lib/tinyusb/src/portable/raspberrypi/rp2040/dcd_rp2040.c.o
                0x10005440                dcd_edpt_clear_stall
 .text.rp2040_usb_init
                0x10005470       0x40 CMakeFiles/Tarefa0302.dir/home/viktor/.pico-sdk/sdk/2.1.0/lib/tinyusb/src/portable/raspberrypi/rp2040/rp2040_usb.c.o
                0x10005470                rp2040_usb_init
 .text.hw_endpoint_xfer_start
                0x100054b0       0x40 CMakeFiles/Tarefa0302.dir/home/viktor/.pico-sdk/sdk/2.1.0/lib/tinyusb/src/portable/raspberrypi/rp2040/rp2040_usb.c.o
                0x100054b0                hw_endpoint_xfer_start
 .text.tud_event_hook_cb
                0x100054f0        0x4 CMakeFiles/Tarefa0302.dir/home/viktor/.pico-sdk/sdk/2.1.0/lib/tinyusb/src/device/usbd.c.o
                0x100054f0                tud_event_hook_cb
 .text.tud_sof_cb
                0x100054f4        0x4 CMakeFiles/Tarefa0302.dir/home/viktor/.pico-sdk/sdk/2.1.0/lib/tinyusb/src/device/usbd.c.o
                0x100054f4                tud_sof_cb
 .text.tud_descriptor_device_qualifier_cb
                0x100054f8        0x4 CMakeFiles/Tarefa0302.dir/home/viktor/.pico-sdk/sdk/2.1.0/lib/tinyusb/src/device/usbd.c.o
                0x100054f8                tud_descriptor_device_qualifier_cb
 .text.tud_descriptor_other_speed_configuration_cb
                0x100054fc        0x4 CMakeFiles/Tarefa0302.dir/home/viktor/.pico-sdk/sdk/2.1.0/lib/tinyusb/src/device/usbd.c.o
                0x100054fc                tud_descriptor_other_speed_configuration_cb
 .text.tud_mount_cb
                0x10005500        0x4 CMakeFiles/Tarefa0302.dir/home/viktor/.pico-sdk/sdk/2.1.0/lib/tinyusb/src/device/usbd.c.o
                0x10005500                tud_mount_cb
 .text.tud_umount_cb
                0x10005504        0x4 CMakeFiles/Tarefa0302.dir/home/viktor/.pico-sdk/sdk/2.1.0/lib/tinyusb/src/device/usbd.c.o
                0x10005504                tud_umount_cb
 .text.tud_suspend_cb
                0x10005508        0x4 CMakeFiles/Tarefa0302.dir/home/viktor/.pico-sdk/sdk/2.1.0/lib/tinyusb/src/device/usbd.c.o
                0x10005508                tud_suspend_cb
 .text.tud_resume_cb
                0x1000550c        0x4 CMakeFiles/Tarefa0302.dir/home/viktor/.pico-sdk/sdk/2.1.0/lib/tinyusb/src/device/usbd.c.o
                0x1000550c                tud_resume_cb
 .text.tud_mounted
                0x10005510       0x10 CMakeFiles/Tarefa0302.dir/home/viktor/.pico-sdk/sdk/2.1.0/lib/tinyusb/src/device/usbd.c.o
                0x10005510                tud_mounted
 .text.tud_suspended
                0x10005520       0x10 CMakeFiles/Tarefa0302.dir/home/viktor/.pico-sdk/sdk/2.1.0/lib/tinyusb/src/device/usbd.c.o
                0x10005520                tud_suspended
 .text.tud_init
                0x10005530       0xe4 CMakeFiles/Tarefa0302.dir/home/viktor/.pico-sdk/sdk/2.1.0/lib/tinyusb/src/device/usbd.c.o
                0x10005530                tud_init
 .text.tud_task_ext
                0x10005614      0x800 CMakeFiles/Tarefa0302.dir/home/viktor/.pico-sdk/sdk/2.1.0/lib/tinyusb/src/device/usbd.c.o
                0x10005614                tud_task_ext
 .text.usbd_open_edpt_pair
                0x10005e14       0x9c CMakeFiles/Tarefa0302.dir/home/viktor/.pico-sdk/sdk/2.1.0/lib/tinyusb/src/device/usbd.c.o
                0x10005e14                usbd_open_edpt_pair
 .text.usbd_edpt_open
                0x10005eb0       0x34 CMakeFiles/Tarefa0302.dir/home/viktor/.pico-sdk/sdk/2.1.0/lib/tinyusb/src/device/usbd.c.o
                0x10005eb0                usbd_edpt_open
 .text.usbd_edpt_claim
                0x10005ee4       0x28 CMakeFiles/Tarefa0302.dir/home/viktor/.pico-sdk/sdk/2.1.0/lib/tinyusb/src/device/usbd.c.o
                0x10005ee4                usbd_edpt_claim
 .text.usbd_edpt_release
                0x10005f0c       0x28 CMakeFiles/Tarefa0302.dir/home/viktor/.pico-sdk/sdk/2.1.0/lib/tinyusb/src/device/usbd.c.o
                0x10005f0c                usbd_edpt_release
 .text.usbd_edpt_xfer
                0x10005f34       0x4c CMakeFiles/Tarefa0302.dir/home/viktor/.pico-sdk/sdk/2.1.0/lib/tinyusb/src/device/usbd.c.o
                0x10005f34                usbd_edpt_xfer
 .text.tud_control_status
                0x10005f80       0x2c CMakeFiles/Tarefa0302.dir/home/viktor/.pico-sdk/sdk/2.1.0/lib/tinyusb/src/device/usbd_control.c.o
                0x10005f80                tud_control_status
 .text.tud_control_xfer
                0x10005fac       0xac CMakeFiles/Tarefa0302.dir/home/viktor/.pico-sdk/sdk/2.1.0/lib/tinyusb/src/device/usbd_control.c.o
                0x10005fac                tud_control_xfer
 .text.usbd_control_reset
                0x10006058       0x14 CMakeFiles/Tarefa0302.dir/home/viktor/.pico-sdk/sdk/2.1.0/lib/tinyusb/src/device/usbd_control.c.o
                0x10006058                usbd_control_reset
 .text.usbd_control_set_complete_callback
                0x1000606c        0xc CMakeFiles/Tarefa0302.dir/home/viktor/.pico-sdk/sdk/2.1.0/lib/tinyusb/src/device/usbd_control.c.o
                0x1000606c                usbd_control_set_complete_callback
 .text.usbd_control_set_request
                0x10006078       0x1c CMakeFiles/Tarefa0302.dir/home/viktor/.pico-sdk/sdk/2.1.0/lib/tinyusb/src/device/usbd_control.c.o
                0x10006078                usbd_control_set_request
 .text.usbd_control_xfer_cb
                0x10006094       0xec CMakeFiles/Tarefa0302.dir/home/viktor/.pico-sdk/sdk/2.1.0/lib/tinyusb/src/device/usbd_control.c.o
                0x10006094                usbd_control_xfer_cb
 .text._prep_out_transaction.isra.0
                0x10006180       0x5c CMakeFiles/Tarefa0302.dir/home/viktor/.pico-sdk/sdk/2.1.0/lib/tinyusb/src/class/cdc/cdc_device.c.o
 .text.tud_cdc_n_connected
                0x100061dc       0x30 CMakeFiles/Tarefa0302.dir/home/viktor/.pico-sdk/sdk/2.1.0/lib/tinyusb/src/class/cdc/cdc_device.c.o
                0x100061dc                tud_cdc_n_connected
 .text.tud_cdc_n_available
                0x1000620c       0x18 CMakeFiles/Tarefa0302.dir/home/viktor/.pico-sdk/sdk/2.1.0/lib/tinyusb/src/class/cdc/cdc_device.c.o
                0x1000620c                tud_cdc_n_available
 .text.tud_cdc_n_read
                0x10006224       0x98 CMakeFiles/Tarefa0302.dir/home/viktor/.pico-sdk/sdk/2.1.0/lib/tinyusb/src/class/cdc/cdc_device.c.o
                0x10006224                tud_cdc_n_read
 .text.tud_cdc_n_write_flush
                0x100062bc       0x78 CMakeFiles/Tarefa0302.dir/home/viktor/.pico-sdk/sdk/2.1.0/lib/tinyusb/src/class/cdc/cdc_device.c.o
                0x100062bc                tud_cdc_n_write_flush
 .text.tud_cdc_n_write
                0x10006334       0x40 CMakeFiles/Tarefa0302.dir/home/viktor/.pico-sdk/sdk/2.1.0/lib/tinyusb/src/class/cdc/cdc_device.c.o
                0x10006334                tud_cdc_n_write
 .text.tud_cdc_n_write_available
                0x10006374       0x18 CMakeFiles/Tarefa0302.dir/home/viktor/.pico-sdk/sdk/2.1.0/lib/tinyusb/src/class/cdc/cdc_device.c.o
                0x10006374                tud_cdc_n_write_available
 .text.cdcd_init
                0x1000638c       0x7c CMakeFiles/Tarefa0302.dir/home/viktor/.pico-sdk/sdk/2.1.0/lib/tinyusb/src/class/cdc/cdc_device.c.o
                0x1000638c                cdcd_init
 .text.cdcd_deinit
                0x10006408       0x34 CMakeFiles/Tarefa0302.dir/home/viktor/.pico-sdk/sdk/2.1.0/lib/tinyusb/src/class/cdc/cdc_device.c.o
                0x10006408                cdcd_deinit
 .text.cdcd_reset
                0x1000643c       0x4c CMakeFiles/Tarefa0302.dir/home/viktor/.pico-sdk/sdk/2.1.0/lib/tinyusb/src/class/cdc/cdc_device.c.o
                0x1000643c                cdcd_reset
 .text.cdcd_open
                0x10006488       0xb0 CMakeFiles/Tarefa0302.dir/home/viktor/.pico-sdk/sdk/2.1.0/lib/tinyusb/src/class/cdc/cdc_device.c.o
                0x10006488                cdcd_open
 .text.cdcd_control_xfer_cb
                0x10006538       0xe4 CMakeFiles/Tarefa0302.dir/home/viktor/.pico-sdk/sdk/2.1.0/lib/tinyusb/src/class/cdc/cdc_device.c.o
                0x10006538                cdcd_control_xfer_cb
 .text.cdcd_xfer_cb
                0x1000661c      0x100 CMakeFiles/Tarefa0302.dir/home/viktor/.pico-sdk/sdk/2.1.0/lib/tinyusb/src/class/cdc/cdc_device.c.o
                0x1000661c                cdcd_xfer_cb
 .text.vendord_init
                0x1000671c       0x5c CMakeFiles/Tarefa0302.dir/home/viktor/.pico-sdk/sdk/2.1.0/lib/tinyusb/src/class/vendor/vendor_device.c.o
                0x1000671c                vendord_init
 .text.vendord_deinit
                0x10006778       0x1c CMakeFiles/Tarefa0302.dir/home/viktor/.pico-sdk/sdk/2.1.0/lib/tinyusb/src/class/vendor/vendor_device.c.o
                0x10006778                vendord_deinit
 .text.vendord_reset
                0x10006794       0x20 CMakeFiles/Tarefa0302.dir/home/viktor/.pico-sdk/sdk/2.1.0/lib/tinyusb/src/class/vendor/vendor_device.c.o
                0x10006794                vendord_reset
 .text.vendord_open
                0x100067b4      0x138 CMakeFiles/Tarefa0302.dir/home/viktor/.pico-sdk/sdk/2.1.0/lib/tinyusb/src/class/vendor/vendor_device.c.o
                0x100067b4                vendord_open
 .text.vendord_xfer_cb
                0x100068ec       0x9c CMakeFiles/Tarefa0302.dir/home/viktor/.pico-sdk/sdk/2.1.0/lib/tinyusb/src/class/vendor/vendor_device.c.o
                0x100068ec                vendord_xfer_cb
 .text.tusb_init
                0x10006988        0xc CMakeFiles/Tarefa0302.dir/home/viktor/.pico-sdk/sdk/2.1.0/lib/tinyusb/src/tusb.c.o
                0x10006988                tusb_init
 .text.tu_edpt_claim
                0x10006994       0x50 CMakeFiles/Tarefa0302.dir/home/viktor/.pico-sdk/sdk/2.1.0/lib/tinyusb/src/tusb.c.o
                0x10006994                tu_edpt_claim
 .text.tu_edpt_release
                0x100069e4       0x38 CMakeFiles/Tarefa0302.dir/home/viktor/.pico-sdk/sdk/2.1.0/lib/tinyusb/src/tusb.c.o
                0x100069e4                tu_edpt_release
 .text.tu_edpt_validate
                0x10006a1c       0x7c CMakeFiles/Tarefa0302.dir/home/viktor/.pico-sdk/sdk/2.1.0/lib/tinyusb/src/tusb.c.o
                0x10006a1c                tu_edpt_validate
 .text.tu_edpt_bind_driver
                0x10006a98       0x34 CMakeFiles/Tarefa0302.dir/home/viktor/.pico-sdk/sdk/2.1.0/lib/tinyusb/src/tusb.c.o
                0x10006a98                tu_edpt_bind_driver
 .text.tu_edpt_stream_init
                0x10006acc       0x6c CMakeFiles/Tarefa0302.dir/home/viktor/.pico-sdk/sdk/2.1.0/lib/tinyusb/src/tusb.c.o
                0x10006acc                tu_edpt_stream_init
 .text.tu_edpt_stream_deinit
                0x10006b38        0x4 CMakeFiles/Tarefa0302.dir/home/viktor/.pico-sdk/sdk/2.1.0/lib/tinyusb/src/tusb.c.o
                0x10006b38                tu_edpt_stream_deinit
 .text.tu_edpt_stream_write_zlp_if_needed
                0x10006b3c       0x68 CMakeFiles/Tarefa0302.dir/home/viktor/.pico-sdk/sdk/2.1.0/lib/tinyusb/src/tusb.c.o
                0x10006b3c                tu_edpt_stream_write_zlp_if_needed
 .text.tu_edpt_stream_write_xfer
                0x10006ba4       0x64 CMakeFiles/Tarefa0302.dir/home/viktor/.pico-sdk/sdk/2.1.0/lib/tinyusb/src/tusb.c.o
                0x10006ba4                tu_edpt_stream_write_xfer
 .text.tu_edpt_stream_read_xfer
                0x10006c08       0xdc CMakeFiles/Tarefa0302.dir/home/viktor/.pico-sdk/sdk/2.1.0/lib/tinyusb/src/tusb.c.o
                0x10006c08                tu_edpt_stream_read_xfer
 .text.tu_fifo_config
                0x10006ce4       0x6c CMakeFiles/Tarefa0302.dir/home/viktor/.pico-sdk/sdk/2.1.0/lib/tinyusb/src/common/tusb_fifo.c.o
                0x10006ce4                tu_fifo_config
 .text.tu_fifo_count
                0x10006d50       0x2c CMakeFiles/Tarefa0302.dir/home/viktor/.pico-sdk/sdk/2.1.0/lib/tinyusb/src/common/tusb_fifo.c.o
                0x10006d50                tu_fifo_count
 .text.tu_fifo_empty
                0x10006d7c       0x10 CMakeFiles/Tarefa0302.dir/home/viktor/.pico-sdk/sdk/2.1.0/lib/tinyusb/src/common/tusb_fifo.c.o
                0x10006d7c                tu_fifo_empty
 .text.tu_fifo_remaining
                0x10006d8c       0x2c CMakeFiles/Tarefa0302.dir/home/viktor/.pico-sdk/sdk/2.1.0/lib/tinyusb/src/common/tusb_fifo.c.o
                0x10006d8c                tu_fifo_remaining
 .text.tu_fifo_read
                0x10006db8       0x9c CMakeFiles/Tarefa0302.dir/home/viktor/.pico-sdk/sdk/2.1.0/lib/tinyusb/src/common/tusb_fifo.c.o
                0x10006db8                tu_fifo_read
 .text.tu_fifo_read_n
                0x10006e54       0xe8 CMakeFiles/Tarefa0302.dir/home/viktor/.pico-sdk/sdk/2.1.0/lib/tinyusb/src/common/tusb_fifo.c.o
                0x10006e54                tu_fifo_read_n
 .text.tu_fifo_write
                0x10006f3c       0xa8 CMakeFiles/Tarefa0302.dir/home/viktor/.pico-sdk/sdk/2.1.0/lib/tinyusb/src/common/tusb_fifo.c.o
                0x10006f3c                tu_fifo_write
 .text.tu_fifo_write_n
                0x10006fe4      0x178 CMakeFiles/Tarefa0302.dir/home/viktor/.pico-sdk/sdk/2.1.0/lib/tinyusb/src/common/tusb_fifo.c.o
                0x10006fe4                tu_fifo_write_n
 .text.tu_fifo_clear
                0x1000715c       0x40 CMakeFiles/Tarefa0302.dir/home/viktor/.pico-sdk/sdk/2.1.0/lib/tinyusb/src/common/tusb_fifo.c.o
                0x1000715c                tu_fifo_clear
 .text.tu_fifo_set_overwritable
                0x1000719c       0x48 CMakeFiles/Tarefa0302.dir/home/viktor/.pico-sdk/sdk/2.1.0/lib/tinyusb/src/common/tusb_fifo.c.o
                0x1000719c                tu_fifo_set_overwritable
 .text.adc_init
                0x100071e4       0x38 CMakeFiles/Tarefa0302.dir/home/viktor/.pico-sdk/sdk/2.1.0/src/rp2_common/hardware_adc/adc.c.o
                0x100071e4                adc_init
 .text.i2c_write_blocking_internal.constprop.0
                0x1000721c       0xd0 CMakeFiles/Tarefa0302.dir/home/viktor/.pico-sdk/sdk/2.1.0/src/rp2_common/hardware_i2c/i2c.c.o
 .text.i2c_set_baudrate
                0x100072ec       0xc0 CMakeFiles/Tarefa0302.dir/home/viktor/.pico-sdk/sdk/2.1.0/src/rp2_common/hardware_i2c/i2c.c.o
                0x100072ec                i2c_set_baudrate
 .text.i2c_init
                0x100073ac       0x50 CMakeFiles/Tarefa0302.dir/home/viktor/.pico-sdk/sdk/2.1.0/src/rp2_common/hardware_i2c/i2c.c.o
                0x100073ac                i2c_init
 .text.i2c_write_blocking
                0x100073fc       0x14 CMakeFiles/Tarefa0302.dir/home/viktor/.pico-sdk/sdk/2.1.0/src/rp2_common/hardware_i2c/i2c.c.o
                0x100073fc                i2c_write_blocking
 .text.strlen   0x10007410       0x5c /home/viktor/.pico-sdk/toolchain/13_3_Rel1/bin/../lib/gcc/arm-none-eabi/13.3.1/../../../../arm-none-eabi/lib/thumb/v6-m/nofp/libg.a(libc_a-strlen-stub.o)
                0x10007410                strlen
 .text._malloc_r
                0x1000746c      0x5c4 /home/viktor/.pico-sdk/toolchain/13_3_Rel1/bin/../lib/gcc/arm-none-eabi/13.3.1/../../../../arm-none-eabi/lib/thumb/v6-m/nofp/libg.a(libc_a-mallocr.o)
                0x1000746c                _malloc_r
 .text._sbrk_r  0x10007a30       0x24 /home/viktor/.pico-sdk/toolchain/13_3_Rel1/bin/../lib/gcc/arm-none-eabi/13.3.1/../../../../arm-none-eabi/lib/thumb/v6-m/nofp/libg.a(libc_a-sbrkr.o)
                0x10007a30                _sbrk_r
 .text.__malloc_lock
                0x10007a54       0x10 /home/viktor/.pico-sdk/toolchain/13_3_Rel1/bin/../lib/gcc/arm-none-eabi/13.3.1/../../../../arm-none-eabi/lib/thumb/v6-m/nofp/libg.a(libc_a-mlock.o)
                0x10007a54                __malloc_lock
 .text.__malloc_unlock
                0x10007a64       0x10 /home/viktor/.pico-sdk/toolchain/13_3_Rel1/bin/../lib/gcc/arm-none-eabi/13.3.1/../../../../arm-none-eabi/lib/thumb/v6-m/nofp/libg.a(libc_a-mlock.o)
                0x10007a64                __malloc_unlock
 .text.calloc   0x10007a74       0x18 /home/viktor/.pico-sdk/toolchain/13_3_Rel1/bin/../lib/gcc/arm-none-eabi/13.3.1/../../../../arm-none-eabi/lib/thumb/v6-m/nofp/libg.a(libc_a-calloc.o)
                0x10007a74                calloc
 .text._calloc_r
                0x10007a8c       0xa8 /home/viktor/.pico-sdk/toolchain/13_3_Rel1/bin/../lib/gcc/arm-none-eabi/13.3.1/../../../../arm-none-eabi/lib/thumb/v6-m/nofp/libg.a(libc_a-callocr.o)
                0x10007a8c                _calloc_r
 .text.__retarget_lock_acquire_recursive
                0x10007b34        0x4 /home/viktor/.pico-sdk/toolchain/13_3_Rel1/bin/../lib/gcc/arm-none-eabi/13.3.1/../../../../arm-none-eabi/lib/thumb/v6-m/nofp/libg.a(libc_a-lock.o)
                0x10007b34                __retarget_lock_acquire_recursive
 .text.__retarget_lock_release_recursive
                0x10007b38        0x4 /home/viktor/.pico-sdk/toolchain/13_3_Rel1/bin/../lib/gcc/arm-none-eabi/13.3.1/../../../../arm-none-eabi/lib/thumb/v6-m/nofp/libg.a(libc_a-lock.o)
                0x10007b38                __retarget_lock_release_recursive
 .text.sysconf  0x10007b3c       0x1c /home/viktor/.pico-sdk/toolchain/13_3_Rel1/bin/../lib/gcc/arm-none-eabi/13.3.1/../../../../arm-none-eabi/lib/thumb/v6-m/nofp/libg.a(libc_a-sysconf.o)
                0x10007b3c                sysconf
 .text._malloc_trim_r
                0x10007b58       0xb4 /home/viktor/.pico-sdk/toolchain/13_3_Rel1/bin/../lib/gcc/arm-none-eabi/13.3.1/../../../../arm-none-eabi/lib/thumb/v6-m/nofp/libg.a(libc_a-freer.o)
                0x10007b58                _malloc_trim_r
 .text._free_r  0x10007c0c      0x1d4 /home/viktor/.pico-sdk/toolchain/13_3_Rel1/bin/../lib/gcc/arm-none-eabi/13.3.1/../../../../arm-none-eabi/lib/thumb/v6-m/nofp/libg.a(libc_a-freer.o)
                0x10007c0c                _free_r
 .text.__errno  0x10007de0        0xc /home/viktor/.pico-sdk/toolchain/13_3_Rel1/bin/../lib/gcc/arm-none-eabi/13.3.1/../../../../arm-none-eabi/lib/thumb/v6-m/nofp/libg.a(libc_a-errno.o)
                0x10007de0                __errno
 *(.fini)
 .fini          0x10007dec        0x4 /home/viktor/.pico-sdk/toolchain/13_3_Rel1/bin/../lib/gcc/arm-none-eabi/13.3.1/thumb/v6-m/nofp/crti.o
                0x10007dec                _fini
 .fini.__stub   0x10007df0       0xc0 linker stubs
 *crtbegin.o(.ctors)
 *crtbegin?.o(.ctors)
 *(EXCLUDE_FILE(*crtend.o *crtend?.o) .ctors)
 *(SORT_BY_NAME(.ctors.*))
 *(.ctors)
 *crtbegin.o(.dtors)
 *crtbegin?.o(.dtors)
 *(EXCLUDE_FILE(*crtend.o *crtend?.o) .dtors)
 *(SORT_BY_NAME(.dtors.*))
 *(.dtors)
                0x10007eb0                        . = ALIGN (0x4)
                0x10007eb0                        PROVIDE (__preinit_array_start = .)
 *(SORT_BY_NAME(.preinit_array.*))
 .preinit_array.00100
                0x10007eb0        0x4 CMakeFiles/Tarefa0302.dir/home/viktor/.pico-sdk/sdk/2.1.0/src/rp2_common/pico_runtime_init/runtime_init.c.o
                0x10007eb0                __pre_init_runtime_init_early_resets
 .preinit_array.00101
                0x10007eb4        0x4 CMakeFiles/Tarefa0302.dir/home/viktor/.pico-sdk/sdk/2.1.0/src/rp2_common/pico_runtime_init/runtime_init.c.o
                0x10007eb4                __pre_init_runtime_init_usb_power_down
 .preinit_array.00275
                0x10007eb8        0x4 CMakeFiles/Tarefa0302.dir/home/viktor/.pico-sdk/sdk/2.1.0/src/rp2_common/pico_bit_ops/bit_ops_aeabi.S.o
 .preinit_array.00300
                0x10007ebc        0x4 CMakeFiles/Tarefa0302.dir/home/viktor/.pico-sdk/sdk/2.1.0/src/rp2_common/pico_mem_ops/mem_ops_aeabi.S.o
 .preinit_array.00350
                0x10007ec0        0x4 CMakeFiles/Tarefa0302.dir/home/viktor/.pico-sdk/sdk/2.1.0/src/rp2_common/pico_double/double_aeabi_rp2040.S.o
 .preinit_array.00350
                0x10007ec4        0x4 CMakeFiles/Tarefa0302.dir/home/viktor/.pico-sdk/sdk/2.1.0/src/rp2_common/pico_float/float_aeabi_rp2040.S.o
 .preinit_array.00500
                0x10007ec8        0x4 CMakeFiles/Tarefa0302.dir/home/viktor/.pico-sdk/sdk/2.1.0/src/rp2_common/pico_runtime_init/runtime_init.c.o
                0x10007ec8                __pre_init_runtime_init_clocks
 .preinit_array.00600
                0x10007ecc        0x4 CMakeFiles/Tarefa0302.dir/home/viktor/.pico-sdk/sdk/2.1.0/src/rp2_common/pico_runtime_init/runtime_init.c.o
                0x10007ecc                __pre_init_runtime_init_post_clock_resets
 .preinit_array.00700
                0x10007ed0        0x4 CMakeFiles/Tarefa0302.dir/home/viktor/.pico-sdk/sdk/2.1.0/src/rp2_common/pico_runtime_init/runtime_init.c.o
                0x10007ed0                __pre_init_runtime_init_rp2040_gpio_ie_disable
 .preinit_array.01000
                0x10007ed4        0x4 CMakeFiles/Tarefa0302.dir/home/viktor/.pico-sdk/sdk/2.1.0/src/rp2_common/pico_runtime_init/runtime_init.c.o
                0x10007ed4                __pre_init_runtime_init_spin_locks_reset
 .preinit_array.01100
                0x10007ed8        0x4 CMakeFiles/Tarefa0302.dir/home/viktor/.pico-sdk/sdk/2.1.0/src/common/pico_sync/mutex.c.o
                0x10007ed8                __pre_init_runtime_init_mutex
 .preinit_array.10080
                0x10007edc        0x4 CMakeFiles/Tarefa0302.dir/home/viktor/.pico-sdk/sdk/2.1.0/src/rp2_common/pico_runtime_init/runtime_init.c.o
                0x10007edc                __pre_init_runtime_init_install_ram_vector_table
 .preinit_array.11000
                0x10007ee0        0x4 CMakeFiles/Tarefa0302.dir/home/viktor/.pico-sdk/sdk/2.1.0/src/common/pico_time/time.c.o
                0x10007ee0                __pre_init_runtime_init_default_alarm_pool
 .preinit_array.YYYYY
                0x10007ee4        0x4 CMakeFiles/Tarefa0302.dir/home/viktor/.pico-sdk/sdk/2.1.0/src/rp2_common/pico_runtime/runtime.c.o
                0x10007ee4                __pre_init_first_per_core_initializer
 .preinit_array.ZZZZZ.01200
                0x10007ee8        0x4 CMakeFiles/Tarefa0302.dir/home/viktor/.pico-sdk/sdk/2.1.0/src/rp2_common/hardware_irq/irq.c.o
                0x10007ee8                __pre_init_runtime_init_per_core_irq_priorities
 *(.preinit_array)
                0x10007eec                        PROVIDE (__preinit_array_end = .)
                0x10007eec                        . = ALIGN (0x4)
                0x10007eec                        PROVIDE (__init_array_start = .)
 *(SORT_BY_NAME(.init_array.*))
 *(.init_array)
 .init_array    0x10007eec        0x4 /home/viktor/.pico-sdk/toolchain/13_3_Rel1/bin/../lib/gcc/arm-none-eabi/13.3.1/thumb/v6-m/nofp/crtbegin.o
 .init_array    0x10007ef0        0x4 CMakeFiles/Tarefa0302.dir/home/viktor/.pico-sdk/sdk/2.1.0/src/rp2_common/pico_unique_id/unique_id.c.o
                0x10007ef4                        PROVIDE (__init_array_end = .)
                0x10007ef4                        . = ALIGN (0x4)
                [!provide]                        PROVIDE (__fini_array_start = .)
 *(SORT_BY_NAME(.fini_array.*))
 *(.fini_array)
                [!provide]                        PROVIDE (__fini_array_end = .)
 *(.eh_frame*)
 .eh_frame      0x10007ef4        0x0 /home/viktor/.pico-sdk/toolchain/13_3_Rel1/bin/../lib/gcc/arm-none-eabi/13.3.1/thumb/v6-m/nofp/crtbegin.o
                0x10007ef4                        . = ALIGN (0x4)

.glue_7         0x10007ef4        0x0
 .glue_7        0x10007ef4        0x0 linker stubs

.glue_7t        0x10007ef4        0x0
 .glue_7t       0x10007ef4        0x0 linker stubs

.vfp11_veneer   0x10007ef4        0x0
 .vfp11_veneer  0x10007ef4        0x0 linker stubs

.v4_bx          0x10007ef4        0x0
 .v4_bx         0x10007ef4        0x0 linker stubs

.iplt           0x10007ef4        0x0
 .iplt          0x10007ef4        0x0 /home/viktor/.pico-sdk/toolchain/13_3_Rel1/bin/../lib/gcc/arm-none-eabi/13.3.1/thumb/v6-m/nofp/crtbegin.o

.rodata         0x10007ef8      0x67c
 *(EXCLUDE_FILE(*libm.a: *libc.a:*lib_a-mem*.o *libgcc.a:) .rodata*)
 .rodata.main.str1.4
                0x10007ef8      0x1cc CMakeFiles/Tarefa0302.dir/main.c.o
                                 0x2d (size before relaxing)
 .rodata.panic.str1.4
                0x100080c4       0x12 CMakeFiles/Tarefa0302.dir/home/viktor/.pico-sdk/sdk/2.1.0/src/rp2_common/pico_platform_panic/panic.c.o
 .rodata.spin_lock_claim_unused.str1.4
                0x100080c4       0x1b CMakeFiles/Tarefa0302.dir/home/viktor/.pico-sdk/sdk/2.1.0/src/rp2_common/hardware_sync/sync.c.o
 .rodata.user_irq_claim_unused.str1.4
                0x100080c4       0x1b CMakeFiles/Tarefa0302.dir/home/viktor/.pico-sdk/sdk/2.1.0/src/rp2_common/hardware_irq/irq.c.o
 .rodata.timer_hardware_alarm_claim.str1.4
                0x100080c4       0x22 CMakeFiles/Tarefa0302.dir/home/viktor/.pico-sdk/sdk/2.1.0/src/rp2_common/hardware_timer/timer.c.o
 .rodata.hard_assertion_failure.str1.4
                0x100080c4        0xc CMakeFiles/Tarefa0302.dir/home/viktor/.pico-sdk/sdk/2.1.0/src/rp2_common/pico_runtime/runtime.c.o
 .rodata.missing_double_func_shim.str1.4
                0x100080c4       0x18 CMakeFiles/Tarefa0302.dir/home/viktor/.pico-sdk/sdk/2.1.0/src/rp2_common/pico_double/double_init_rom_rp2040.c.o
 .rodata.missing_float_func_shim.str1.4
                0x100080c4        0x1 CMakeFiles/Tarefa0302.dir/home/viktor/.pico-sdk/sdk/2.1.0/src/rp2_common/pico_float/float_init_rom_rp2040.c.o
 .rodata.__wrap_malloc.str1.4
                0x100080c4        0xe CMakeFiles/Tarefa0302.dir/home/viktor/.pico-sdk/sdk/2.1.0/src/rp2_common/pico_malloc/malloc.c.o
 .rodata.str1.4
                0x100080c4       0x44 CMakeFiles/Tarefa0302.dir/home/viktor/.pico-sdk/sdk/2.1.0/src/rp2_common/pico_standard_binary_info/standard_binary_info.c.o
 .rodata.__bi_84
                0x100080c4        0xc CMakeFiles/Tarefa0302.dir/home/viktor/.pico-sdk/sdk/2.1.0/src/rp2_common/pico_standard_binary_info/standard_binary_info.c.o
 .rodata.__bi_78
                0x100080d0        0xc CMakeFiles/Tarefa0302.dir/home/viktor/.pico-sdk/sdk/2.1.0/src/rp2_common/pico_standard_binary_info/standard_binary_info.c.o
 .rodata.__bi_60
                0x100080dc        0xc CMakeFiles/Tarefa0302.dir/home/viktor/.pico-sdk/sdk/2.1.0/src/rp2_common/pico_standard_binary_info/standard_binary_info.c.o
 .rodata.__bi_54
                0x100080e8        0xc CMakeFiles/Tarefa0302.dir/home/viktor/.pico-sdk/sdk/2.1.0/src/rp2_common/pico_standard_binary_info/standard_binary_info.c.o
 .rodata.__bi_48
                0x100080f4        0xc CMakeFiles/Tarefa0302.dir/home/viktor/.pico-sdk/sdk/2.1.0/src/rp2_common/pico_standard_binary_info/standard_binary_info.c.o
 .rodata.__bi_42
                0x10008100        0xc CMakeFiles/Tarefa0302.dir/home/viktor/.pico-sdk/sdk/2.1.0/src/rp2_common/pico_standard_binary_info/standard_binary_info.c.o
 .rodata.__bi_34
                0x1000810c        0xc CMakeFiles/Tarefa0302.dir/home/viktor/.pico-sdk/sdk/2.1.0/src/rp2_common/pico_standard_binary_info/standard_binary_info.c.o
 .rodata.__bi_26
                0x10008118        0xc CMakeFiles/Tarefa0302.dir/home/viktor/.pico-sdk/sdk/2.1.0/src/rp2_common/pico_standard_binary_info/standard_binary_info.c.o
 .rodata._ftoa.str1.4
                0x10008124       0x15 CMakeFiles/Tarefa0302.dir/home/viktor/.pico-sdk/sdk/2.1.0/src/rp2_common/pico_printf/printf.c.o
 .rodata._vsnprintf
                0x10008124      0x19c CMakeFiles/Tarefa0302.dir/home/viktor/.pico-sdk/sdk/2.1.0/src/rp2_common/pico_printf/printf.c.o
 .rodata.pow10.0
                0x100082c0       0x50 CMakeFiles/Tarefa0302.dir/home/viktor/.pico-sdk/sdk/2.1.0/src/rp2_common/pico_printf/printf.c.o
 .rodata.crlf_str.0
                0x10008310        0x2 CMakeFiles/Tarefa0302.dir/home/viktor/.pico-sdk/sdk/2.1.0/src/rp2_common/pico_stdio/stdio.c.o
 *fill*         0x10008312        0x2 
 .rodata._resetd_driver
                0x10008314       0x20 CMakeFiles/Tarefa0302.dir/home/viktor/.pico-sdk/sdk/2.1.0/src/rp2_common/pico_stdio_usb/reset_interface.c.o
 .rodata.desc_ms_os_20
                0x10008334       0xa6 CMakeFiles/Tarefa0302.dir/home/viktor/.pico-sdk/sdk/2.1.0/src/rp2_common/pico_stdio_usb/reset_interface.c.o
 *fill*         0x100083da        0x2 
 .rodata.desc_bos
                0x100083dc       0x21 CMakeFiles/Tarefa0302.dir/home/viktor/.pico-sdk/sdk/2.1.0/src/rp2_common/pico_stdio_usb/reset_interface.c.o
                0x100083dc                desc_bos
 .rodata.str1.4
                0x100083fd       0x13 CMakeFiles/Tarefa0302.dir/home/viktor/.pico-sdk/sdk/2.1.0/src/rp2_common/pico_stdio_usb/stdio_usb.c.o
 *fill*         0x100083fd        0x3 
 .rodata.__bi_197.0
                0x10008400        0xc CMakeFiles/Tarefa0302.dir/home/viktor/.pico-sdk/sdk/2.1.0/src/rp2_common/pico_stdio_usb/stdio_usb.c.o
 .rodata.str1.4
                0x1000840c       0x2a CMakeFiles/Tarefa0302.dir/home/viktor/.pico-sdk/sdk/2.1.0/src/rp2_common/pico_stdio_usb/stdio_usb_descriptors.c.o
 .rodata.usbd_desc_str
                0x1000840c       0x18 CMakeFiles/Tarefa0302.dir/home/viktor/.pico-sdk/sdk/2.1.0/src/rp2_common/pico_stdio_usb/stdio_usb_descriptors.c.o
 .rodata.usbd_desc_cfg
                0x10008424       0x54 CMakeFiles/Tarefa0302.dir/home/viktor/.pico-sdk/sdk/2.1.0/src/rp2_common/pico_stdio_usb/stdio_usb_descriptors.c.o
 .rodata.usbd_desc_device
                0x10008478       0x12 CMakeFiles/Tarefa0302.dir/home/viktor/.pico-sdk/sdk/2.1.0/src/rp2_common/pico_stdio_usb/stdio_usb_descriptors.c.o
 .rodata.str1.4
                0x1000848a       0x14 CMakeFiles/Tarefa0302.dir/home/viktor/.pico-sdk/sdk/2.1.0/lib/tinyusb/src/portable/raspberrypi/rp2040/dcd_rp2040.c.o
 .rodata.str1.4
                0x1000848a       0x48 CMakeFiles/Tarefa0302.dir/home/viktor/.pico-sdk/sdk/2.1.0/lib/tinyusb/src/portable/raspberrypi/rp2040/rp2040_usb.c.o
 *fill*         0x1000848a        0x2 
 .rodata.tud_task_ext
                0x1000848c       0x8c CMakeFiles/Tarefa0302.dir/home/viktor/.pico-sdk/sdk/2.1.0/lib/tinyusb/src/device/usbd.c.o
 .rodata        0x10008518       0x1c CMakeFiles/Tarefa0302.dir/home/viktor/.pico-sdk/sdk/2.1.0/lib/tinyusb/src/device/usbd.c.o
 .rodata._usbd_driver
                0x10008534       0x40 CMakeFiles/Tarefa0302.dir/home/viktor/.pico-sdk/sdk/2.1.0/lib/tinyusb/src/device/usbd.c.o
                0x10008574                        . = ALIGN (0x4)
 *(SORT_BY_ALIGNMENT(SORT_BY_NAME(.flashdata*)))
                0x10008574                        . = ALIGN (0x4)

.ARM.extab
 *(.ARM.extab* .gnu.linkonce.armextab.*)
                0x10008574                        __exidx_start = .

.ARM.exidx
 *(.ARM.exidx* .gnu.linkonce.armexidx.*)
                0x10008574                        __exidx_end = .
                0x10008574                        . = ALIGN (0x4)
                0x10008574                        __binary_info_start = .

.binary_info    0x10008574       0x24
 *(.binary_info.keep.*)
 .binary_info.keep.__bi_ptr84
                0x10008574        0x4 CMakeFiles/Tarefa0302.dir/home/viktor/.pico-sdk/sdk/2.1.0/src/rp2_common/pico_standard_binary_info/standard_binary_info.c.o
 .binary_info.keep.__bi_ptr78
                0x10008578        0x4 CMakeFiles/Tarefa0302.dir/home/viktor/.pico-sdk/sdk/2.1.0/src/rp2_common/pico_standard_binary_info/standard_binary_info.c.o
 .binary_info.keep.__bi_ptr60
                0x1000857c        0x4 CMakeFiles/Tarefa0302.dir/home/viktor/.pico-sdk/sdk/2.1.0/src/rp2_common/pico_standard_binary_info/standard_binary_info.c.o
 .binary_info.keep.__bi_ptr54
                0x10008580        0x4 CMakeFiles/Tarefa0302.dir/home/viktor/.pico-sdk/sdk/2.1.0/src/rp2_common/pico_standard_binary_info/standard_binary_info.c.o
 .binary_info.keep.__bi_ptr48
                0x10008584        0x4 CMakeFiles/Tarefa0302.dir/home/viktor/.pico-sdk/sdk/2.1.0/src/rp2_common/pico_standard_binary_info/standard_binary_info.c.o
 .binary_info.keep.__bi_ptr42
                0x10008588        0x4 CMakeFiles/Tarefa0302.dir/home/viktor/.pico-sdk/sdk/2.1.0/src/rp2_common/pico_standard_binary_info/standard_binary_info.c.o
 .binary_info.keep.__bi_ptr34
                0x1000858c        0x4 CMakeFiles/Tarefa0302.dir/home/viktor/.pico-sdk/sdk/2.1.0/src/rp2_common/pico_standard_binary_info/standard_binary_info.c.o
 .binary_info.keep.__bi_ptr26
                0x10008590        0x4 CMakeFiles/Tarefa0302.dir/home/viktor/.pico-sdk/sdk/2.1.0/src/rp2_common/pico_standard_binary_info/standard_binary_info.c.o
 *(.binary_info.*)
 .binary_info.__bi_ptr197
                0x10008594        0x4 CMakeFiles/Tarefa0302.dir/home/viktor/.pico-sdk/sdk/2.1.0/src/rp2_common/pico_stdio_usb/stdio_usb.c.o
                0x10008598                        __binary_info_end = .

.rel.dyn        0x10008598        0x0
 .rel.iplt      0x10008598        0x0 /home/viktor/.pico-sdk/toolchain/13_3_Rel1/bin/../lib/gcc/arm-none-eabi/13.3.1/thumb/v6-m/nofp/crtbegin.o
                0x10008598                        . = ALIGN (0x4)

.ram_vector_table
                0x20000000       0xc0
 *(.ram_vector_table)
 .ram_vector_table
                0x20000000       0xc0 CMakeFiles/Tarefa0302.dir/home/viktor/.pico-sdk/sdk/2.1.0/src/rp2_common/pico_runtime_init/runtime_init.c.o
                0x20000000                ram_vector_table

.uninitialized_data
                0x200000c0        0x0
                0x200000c0                        . = ALIGN (0x4)
 *(.uninitialized_data*)

.data           0x200000c0     0x1508 load address 0x10008598
                0x200000c0                        __data_start__ = .
 *(vtable)
 *(.time_critical*)
 .time_critical.mutex_try_enter
                0x200000c0       0x40 CMakeFiles/Tarefa0302.dir/home/viktor/.pico-sdk/sdk/2.1.0/src/common/pico_sync/mutex.c.o
                0x200000c0                mutex_try_enter
 .time_critical.mutex_try_enter_block_until
                0x20000100       0x9c CMakeFiles/Tarefa0302.dir/home/viktor/.pico-sdk/sdk/2.1.0/src/common/pico_sync/mutex.c.o
                0x20000100                mutex_try_enter_block_until
 .time_critical.mutex_enter_timeout_ms
                0x2000019c       0x90 CMakeFiles/Tarefa0302.dir/home/viktor/.pico-sdk/sdk/2.1.0/src/common/pico_sync/mutex.c.o
                0x2000019c                mutex_enter_timeout_ms
 .time_critical.mutex_exit
                0x2000022c       0x28 CMakeFiles/Tarefa0302.dir/home/viktor/.pico-sdk/sdk/2.1.0/src/common/pico_sync/mutex.c.o
                0x2000022c                mutex_exit
 .time_critical.flash_init_boot2_copyout
                0x20000254       0x30 CMakeFiles/Tarefa0302.dir/home/viktor/.pico-sdk/sdk/2.1.0/src/rp2_common/hardware_flash/flash.c.o
 .time_critical.flash_enable_xip_via_boot2
                0x20000284        0xc CMakeFiles/Tarefa0302.dir/home/viktor/.pico-sdk/sdk/2.1.0/src/rp2_common/hardware_flash/flash.c.o
 .time_critical.flash_cs_force
                0x20000290       0x38 CMakeFiles/Tarefa0302.dir/home/viktor/.pico-sdk/sdk/2.1.0/src/rp2_common/hardware_flash/flash.c.o
 .time_critical.flash_do_cmd
                0x200002c8       0xc0 CMakeFiles/Tarefa0302.dir/home/viktor/.pico-sdk/sdk/2.1.0/src/rp2_common/hardware_flash/flash.c.o
                0x200002c8                flash_do_cmd
 .time_critical.reset_non_control_endpoints
                0x20000388       0x68 CMakeFiles/Tarefa0302.dir/home/viktor/.pico-sdk/sdk/2.1.0/lib/tinyusb/src/portable/raspberrypi/rp2040/dcd_rp2040.c.o
 .time_critical.hw_handle_buff_status
                0x200003f0       0xb0 CMakeFiles/Tarefa0302.dir/home/viktor/.pico-sdk/sdk/2.1.0/lib/tinyusb/src/portable/raspberrypi/rp2040/dcd_rp2040.c.o
 .time_critical.dcd_rp2040_irq
                0x200004a0      0x578 CMakeFiles/Tarefa0302.dir/home/viktor/.pico-sdk/sdk/2.1.0/lib/tinyusb/src/portable/raspberrypi/rp2040/dcd_rp2040.c.o
 .time_critical.prepare_ep_buffer
                0x20000a18       0xe0 CMakeFiles/Tarefa0302.dir/home/viktor/.pico-sdk/sdk/2.1.0/lib/tinyusb/src/portable/raspberrypi/rp2040/rp2040_usb.c.o
 .time_critical.sync_ep_buffer
                0x20000af8       0xa8 CMakeFiles/Tarefa0302.dir/home/viktor/.pico-sdk/sdk/2.1.0/lib/tinyusb/src/portable/raspberrypi/rp2040/rp2040_usb.c.o
 .time_critical._hw_endpoint_xfer_sync
                0x20000ba0       0x28 CMakeFiles/Tarefa0302.dir/home/viktor/.pico-sdk/sdk/2.1.0/lib/tinyusb/src/portable/raspberrypi/rp2040/rp2040_usb.c.o
 .time_critical.e15_is_bulkin_ep
                0x20000bc8       0x28 CMakeFiles/Tarefa0302.dir/home/viktor/.pico-sdk/sdk/2.1.0/lib/tinyusb/src/portable/raspberrypi/rp2040/rp2040_usb.c.o
 .time_critical.e15_is_critical_frame_period
                0x20000bf0       0x34 CMakeFiles/Tarefa0302.dir/home/viktor/.pico-sdk/sdk/2.1.0/lib/tinyusb/src/portable/raspberrypi/rp2040/rp2040_usb.c.o
 .time_critical.hw_endpoint_reset_transfer
                0x20000c24        0xc CMakeFiles/Tarefa0302.dir/home/viktor/.pico-sdk/sdk/2.1.0/lib/tinyusb/src/portable/raspberrypi/rp2040/rp2040_usb.c.o
                0x20000c24                hw_endpoint_reset_transfer
 .time_critical._hw_endpoint_buffer_control_update32
                0x20000c30       0x50 CMakeFiles/Tarefa0302.dir/home/viktor/.pico-sdk/sdk/2.1.0/lib/tinyusb/src/portable/raspberrypi/rp2040/rp2040_usb.c.o
                0x20000c30                _hw_endpoint_buffer_control_update32
 .time_critical.hw_endpoint_start_next_buffer
                0x20000c80       0x6c CMakeFiles/Tarefa0302.dir/home/viktor/.pico-sdk/sdk/2.1.0/lib/tinyusb/src/portable/raspberrypi/rp2040/rp2040_usb.c.o
                0x20000c80                hw_endpoint_start_next_buffer
 .time_critical.hw_endpoint_xfer_continue
                0x20000cec       0x40 CMakeFiles/Tarefa0302.dir/home/viktor/.pico-sdk/sdk/2.1.0/lib/tinyusb/src/portable/raspberrypi/rp2040/rp2040_usb.c.o
                0x20000cec                hw_endpoint_xfer_continue
 .time_critical.tinyusb
                0x20000d2c      0x1e4 CMakeFiles/Tarefa0302.dir/home/viktor/.pico-sdk/sdk/2.1.0/lib/tinyusb/src/device/usbd.c.o
                0x20000d2c                dcd_event_handler
 *(.text*)
 .text          0x20000f10        0x4 /home/viktor/.pico-sdk/toolchain/13_3_Rel1/bin/../lib/gcc/arm-none-eabi/13.3.1/thumb/v6-m/nofp/libgcc.a(_dvmd_tls.o)
                0x20000f10                __aeabi_ldiv0
                0x20000f10                __aeabi_idiv0
 *fill*         0x20000f14        0x4 
 .text.__stub   0x20000f18       0x80 linker stubs
                0x20000f98                        . = ALIGN (0x4)
 *(.rodata*)
                0x20000f98                        . = ALIGN (0x4)
 *(.data*)
 .data.border_size
                0x20000f98        0x4 CMakeFiles/Tarefa0302.dir/main.c.o
                0x20000f98                border_size
 .data.activate_leds
                0x20000f9c        0x1 CMakeFiles/Tarefa0302.dir/main.c.o
                0x20000f9c                activate_leds
 .data.striped_spin_lock_num
                0x20000f9d        0x1 CMakeFiles/Tarefa0302.dir/home/viktor/.pico-sdk/sdk/2.1.0/src/rp2_common/hardware_sync/sync.c.o
 *fill*         0x20000f9e        0x2 
 .data          0x20000fa0       0x48 CMakeFiles/Tarefa0302.dir/home/viktor/.pico-sdk/sdk/2.1.0/src/rp2_common/hardware_irq/irq_handler_chain.S.o
                0x20000fa0                irq_handler_chain_slots
                0x20000fd0                irq_handler_chain_first_slot
                0x20000fda                irq_handler_chain_remove_tail
 .data.default_alarm_pool
                0x20000fe8       0x18 CMakeFiles/Tarefa0302.dir/home/viktor/.pico-sdk/sdk/2.1.0/src/common/pico_time/time.c.o
 *fill*         0x20001000        0x0 
 .data.aeabi_bits_funcs
                0x20001000       0x10 CMakeFiles/Tarefa0302.dir/home/viktor/.pico-sdk/sdk/2.1.0/src/rp2_common/pico_bit_ops/bit_ops_aeabi.S.o
                0x20001000                aeabi_bits_funcs
                0x20001010                aeabi_bits_funcs_end
 .data.aeabi_mem_funcs
                0x20001010       0x10 CMakeFiles/Tarefa0302.dir/home/viktor/.pico-sdk/sdk/2.1.0/src/rp2_common/pico_mem_ops/mem_ops_aeabi.S.o
                0x20001010                aeabi_mem_funcs
                0x20001020                aeabi_mem_funcs_end
 .data.stdio_usb
                0x20001020       0x18 CMakeFiles/Tarefa0302.dir/home/viktor/.pico-sdk/sdk/2.1.0/src/rp2_common/pico_stdio_usb/stdio_usb.c.o
                0x20001020                stdio_usb
 .data._usbd_qdef
                0x20001038       0x1c CMakeFiles/Tarefa0302.dir/home/viktor/.pico-sdk/sdk/2.1.0/lib/tinyusb/src/device/usbd.c.o
                0x20001038                _usbd_qdef
 .data._usbd_rhport
                0x20001054        0x1 CMakeFiles/Tarefa0302.dir/home/viktor/.pico-sdk/sdk/2.1.0/lib/tinyusb/src/device/usbd.c.o
 *fill*         0x20001055        0x3 
 .data.i2c1_inst
                0x20001058        0x8 CMakeFiles/Tarefa0302.dir/home/viktor/.pico-sdk/sdk/2.1.0/src/rp2_common/hardware_i2c/i2c.c.o
                0x20001058                i2c1_inst
 .data.i2c0_inst
                0x20001060        0x8 CMakeFiles/Tarefa0302.dir/home/viktor/.pico-sdk/sdk/2.1.0/src/rp2_common/hardware_i2c/i2c.c.o
                0x20001060                i2c0_inst
 .data.__malloc_sbrk_base
                0x20001068        0x4 /home/viktor/.pico-sdk/toolchain/13_3_Rel1/bin/../lib/gcc/arm-none-eabi/13.3.1/../../../../arm-none-eabi/lib/thumb/v6-m/nofp/libg.a(libc_a-mallocr.o)
                0x20001068                __malloc_sbrk_base
 .data.__malloc_trim_threshold
                0x2000106c        0x4 /home/viktor/.pico-sdk/toolchain/13_3_Rel1/bin/../lib/gcc/arm-none-eabi/13.3.1/../../../../arm-none-eabi/lib/thumb/v6-m/nofp/libg.a(libc_a-mallocr.o)
                0x2000106c                __malloc_trim_threshold
 .data.__malloc_av_
                0x20001070      0x408 /home/viktor/.pico-sdk/toolchain/13_3_Rel1/bin/../lib/gcc/arm-none-eabi/13.3.1/../../../../arm-none-eabi/lib/thumb/v6-m/nofp/libg.a(libc_a-mallocr.o)
                0x20001070                __malloc_av_
 .data._impure_ptr
                0x20001478        0x4 /home/viktor/.pico-sdk/toolchain/13_3_Rel1/bin/../lib/gcc/arm-none-eabi/13.3.1/../../../../arm-none-eabi/lib/thumb/v6-m/nofp/libg.a(libc_a-impure.o)
                0x20001478                _impure_ptr
 *fill*         0x2000147c        0x4 
 .data._impure_data
                0x20001480      0x140 /home/viktor/.pico-sdk/toolchain/13_3_Rel1/bin/../lib/gcc/arm-none-eabi/13.3.1/../../../../arm-none-eabi/lib/thumb/v6-m/nofp/libg.a(libc_a-impure.o)
                0x20001480                _impure_data
                0x200015c0                        . = ALIGN (0x4)
 *(.after_data.*)
                0x200015c0                        . = ALIGN (0x4)
                0x200015c0                        PROVIDE (__mutex_array_start = .)
 *(SORT_BY_NAME(.mutex_array.*))
 *(.mutex_array)
 .mutex_array   0x200015c0        0x8 CMakeFiles/Tarefa0302.dir/home/viktor/.pico-sdk/sdk/2.1.0/src/rp2_common/pico_stdio/stdio.c.o
                0x200015c8                        PROVIDE (__mutex_array_end = .)
                0x200015c8                        . = ALIGN (0x4)
 *(.jcr)
                0x200015c8                        . = ALIGN (0x4)

.tm_clone_table
                0x200015c8        0x0 load address 0x10009aa0
 .tm_clone_table
                0x200015c8        0x0 /home/viktor/.pico-sdk/toolchain/13_3_Rel1/bin/../lib/gcc/arm-none-eabi/13.3.1/thumb/v6-m/nofp/crtbegin.o
 .tm_clone_table
                0x200015c8        0x0 /home/viktor/.pico-sdk/toolchain/13_3_Rel1/bin/../lib/gcc/arm-none-eabi/13.3.1/thumb/v6-m/nofp/crtend.o

.igot.plt       0x200015c8        0x0 load address 0x10009aa0
 .igot.plt      0x200015c8        0x0 /home/viktor/.pico-sdk/toolchain/13_3_Rel1/bin/../lib/gcc/arm-none-eabi/13.3.1/thumb/v6-m/nofp/crtbegin.o

.tdata          0x200015c8        0x0 load address 0x10009aa0
                0x200015c8                        . = ALIGN (0x4)
 *(.tdata .tdata.* .gnu.linkonce.td.*)
                0x200015c8                        __tdata_end = .
                0x200015c8                        PROVIDE (__data_end__ = .)
                0x10008598                        __etext = LOADADDR (.data)

.tbss           0x200015c8        0x0 load address 0x10009aa0
                0x200015c8                        . = ALIGN (0x4)
                0x200015c8                        __bss_start__ = .
                0x200015c8                        __tls_base = .
 *(.tbss .tbss.* .gnu.linkonce.tb.*)
 *(.tcommon)
                0x200015c8                        __tls_end = .

.bss            0x200015c8     0x1228 load address 0x10009aa0
                0x200015c8                        . = ALIGN (0x4)
                0x200015c8                        __tbss_end = .
 *(SORT_BY_ALIGNMENT(SORT_BY_NAME(.bss*)))
 .bss.default_alarm_pool_entries
                0x200015c8      0x180 CMakeFiles/Tarefa0302.dir/home/viktor/.pico-sdk/sdk/2.1.0/src/common/pico_time/time.c.o
 .bss.last_avail_time.1
                0x20001748        0x8 CMakeFiles/Tarefa0302.dir/home/viktor/.pico-sdk/sdk/2.1.0/src/rp2_common/pico_stdio_usb/stdio_usb.c.o
 .bss.last_press
                0x20001750        0x8 CMakeFiles/Tarefa0302.dir/main.c.o
                0x20001750                last_press
 .bss.sd_table  0x20001758      0x100 CMakeFiles/Tarefa0302.dir/home/viktor/.pico-sdk/sdk/2.1.0/src/rp2_common/pico_double/double_init_rom_rp2040.c.o
                0x20001758                sd_table
 .bss.__lock___malloc_recursive_mutex
                0x20001858        0x1 /home/viktor/.pico-sdk/toolchain/13_3_Rel1/bin/../lib/gcc/arm-none-eabi/13.3.1/../../../../arm-none-eabi/lib/thumb/v6-m/nofp/libg.a(libc_a-lock.o)
                0x20001858                __lock___malloc_recursive_mutex
 *fill*         0x20001859        0x3 
 .bss.__malloc_current_mallinfo
                0x2000185c       0x28 /home/viktor/.pico-sdk/toolchain/13_3_Rel1/bin/../lib/gcc/arm-none-eabi/13.3.1/../../../../arm-none-eabi/lib/thumb/v6-m/nofp/libg.a(libc_a-mallocr.o)
                0x2000185c                __malloc_current_mallinfo
 .bss.__malloc_max_sbrked_mem
                0x20001884        0x4 /home/viktor/.pico-sdk/toolchain/13_3_Rel1/bin/../lib/gcc/arm-none-eabi/13.3.1/../../../../arm-none-eabi/lib/thumb/v6-m/nofp/libg.a(libc_a-mallocr.o)
                0x20001884                __malloc_max_sbrked_mem
 .bss.__malloc_max_total_mem
                0x20001888        0x4 /home/viktor/.pico-sdk/toolchain/13_3_Rel1/bin/../lib/gcc/arm-none-eabi/13.3.1/../../../../arm-none-eabi/lib/thumb/v6-m/nofp/libg.a(libc_a-mallocr.o)
                0x20001888                __malloc_max_total_mem
 .bss.__malloc_top_pad
                0x2000188c        0x4 /home/viktor/.pico-sdk/toolchain/13_3_Rel1/bin/../lib/gcc/arm-none-eabi/13.3.1/../../../../arm-none-eabi/lib/thumb/v6-m/nofp/libg.a(libc_a-mallocr.o)
                0x2000188c                __malloc_top_pad
 .bss.__sf      0x20001890      0x138 /home/viktor/.pico-sdk/toolchain/13_3_Rel1/bin/../lib/gcc/arm-none-eabi/13.3.1/../../../../arm-none-eabi/lib/thumb/v6-m/nofp/libg.a(libc_a-findfp.o)
                0x20001890                __sf
 .bss._app_driver
                0x200019c8        0x4 CMakeFiles/Tarefa0302.dir/home/viktor/.pico-sdk/sdk/2.1.0/lib/tinyusb/src/device/usbd.c.o
 .bss._cdcd_fifo_cfg
                0x200019cc        0x1 CMakeFiles/Tarefa0302.dir/home/viktor/.pico-sdk/sdk/2.1.0/lib/tinyusb/src/class/cdc/cdc_device.c.o
 *fill*         0x200019cd        0x3 
 .bss._cdcd_itf
                0x200019d0      0x2c8 CMakeFiles/Tarefa0302.dir/home/viktor/.pico-sdk/sdk/2.1.0/lib/tinyusb/src/class/cdc/cdc_device.c.o
 .bss._ctrl_xfer
                0x20001c98       0x14 CMakeFiles/Tarefa0302.dir/home/viktor/.pico-sdk/sdk/2.1.0/lib/tinyusb/src/device/usbd_control.c.o
 .bss._ubsd_mutexdef
                0x20001cac        0x8 CMakeFiles/Tarefa0302.dir/home/viktor/.pico-sdk/sdk/2.1.0/lib/tinyusb/src/device/usbd.c.o
 .bss._usbd_ctrl_buf
                0x20001cb4       0x40 CMakeFiles/Tarefa0302.dir/home/viktor/.pico-sdk/sdk/2.1.0/lib/tinyusb/src/device/usbd_control.c.o
 .bss._usbd_dev
                0x20001cf4       0x54 CMakeFiles/Tarefa0302.dir/home/viktor/.pico-sdk/sdk/2.1.0/lib/tinyusb/src/device/usbd.c.o
 .bss._usbd_mutex
                0x20001d48        0x4 CMakeFiles/Tarefa0302.dir/home/viktor/.pico-sdk/sdk/2.1.0/lib/tinyusb/src/device/usbd.c.o
 .bss._usbd_q   0x20001d4c        0x4 CMakeFiles/Tarefa0302.dir/home/viktor/.pico-sdk/sdk/2.1.0/lib/tinyusb/src/device/usbd.c.o
 .bss._usbd_qdef_buf
                0x20001d50       0xc0 CMakeFiles/Tarefa0302.dir/home/viktor/.pico-sdk/sdk/2.1.0/lib/tinyusb/src/device/usbd.c.o
                0x20001d50                _usbd_qdef_buf
 .bss._vendord_itf
                0x20001e10      0x2cc CMakeFiles/Tarefa0302.dir/home/viktor/.pico-sdk/sdk/2.1.0/lib/tinyusb/src/class/vendor/vendor_device.c.o
 .bss.boot2_copyout
                0x200020dc      0x100 CMakeFiles/Tarefa0302.dir/home/viktor/.pico-sdk/sdk/2.1.0/src/rp2_common/hardware_flash/flash.c.o
 .bss.callbacks
                0x200021dc        0x8 CMakeFiles/Tarefa0302.dir/home/viktor/.pico-sdk/sdk/2.1.0/src/rp2_common/hardware_gpio/gpio.c.o
 .bss.chars_available_callback
                0x200021e4        0x4 CMakeFiles/Tarefa0302.dir/home/viktor/.pico-sdk/sdk/2.1.0/src/rp2_common/pico_stdio_usb/stdio_usb.c.o
 .bss.chars_available_param
                0x200021e8        0x4 CMakeFiles/Tarefa0302.dir/home/viktor/.pico-sdk/sdk/2.1.0/src/rp2_common/pico_stdio_usb/stdio_usb.c.o
 .bss.claimed   0x200021ec        0x4 CMakeFiles/Tarefa0302.dir/home/viktor/.pico-sdk/sdk/2.1.0/src/rp2_common/hardware_sync/sync.c.o
 .bss.claimed   0x200021f0        0x1 CMakeFiles/Tarefa0302.dir/home/viktor/.pico-sdk/sdk/2.1.0/src/rp2_common/hardware_timer/timer.c.o
 *fill*         0x200021f1        0x3 
 .bss.configured_freq
                0x200021f4       0x28 CMakeFiles/Tarefa0302.dir/home/viktor/.pico-sdk/sdk/2.1.0/src/rp2_common/hardware_clocks/clocks.c.o
 .bss.desc_str.0
                0x2000221c       0x28 CMakeFiles/Tarefa0302.dir/home/viktor/.pico-sdk/sdk/2.1.0/src/rp2_common/pico_stdio_usb/stdio_usb_descriptors.c.o
 .bss.display   0x20002244       0x18 CMakeFiles/Tarefa0302.dir/main.c.o
                0x20002244                display
 .bss.drivers   0x2000225c        0x4 CMakeFiles/Tarefa0302.dir/home/viktor/.pico-sdk/sdk/2.1.0/src/rp2_common/pico_stdio/stdio.c.o
 .bss.e15_last_sof
                0x20002260        0x4 CMakeFiles/Tarefa0302.dir/home/viktor/.pico-sdk/sdk/2.1.0/lib/tinyusb/src/portable/raspberrypi/rp2040/rp2040_usb.c.o
                0x20002260                e15_last_sof
 .bss.errno     0x20002264        0x4 /home/viktor/.pico-sdk/toolchain/13_3_Rel1/bin/../lib/gcc/arm-none-eabi/13.3.1/../../../../arm-none-eabi/lib/thumb/v6-m/nofp/libg.a(libc_a-reent.o)
                0x20002264                errno
 .bss.filter    0x20002268        0x4 CMakeFiles/Tarefa0302.dir/home/viktor/.pico-sdk/sdk/2.1.0/src/rp2_common/pico_stdio/stdio.c.o
 .bss.heap_end.0
                0x2000226c        0x4 CMakeFiles/Tarefa0302.dir/home/viktor/.pico-sdk/sdk/2.1.0/src/rp2_common/pico_clib_interface/newlib_interface.c.o
 .bss.hw_endpoints
                0x20002270      0x400 CMakeFiles/Tarefa0302.dir/home/viktor/.pico-sdk/sdk/2.1.0/lib/tinyusb/src/portable/raspberrypi/rp2040/dcd_rp2040.c.o
 .bss.lazy_vsnprintf
                0x20002670        0x4 CMakeFiles/Tarefa0302.dir/home/viktor/.pico-sdk/sdk/2.1.0/src/rp2_common/pico_printf/printf.c.o
 .bss.load_value
                0x20002674        0x4 CMakeFiles/Tarefa0302.dir/home/viktor/.pico-sdk/sdk/2.1.0/src/rp2_common/hardware_watchdog/watchdog.c.o
 .bss.next_buffer_ptr
                0x20002678        0x4 CMakeFiles/Tarefa0302.dir/home/viktor/.pico-sdk/sdk/2.1.0/lib/tinyusb/src/portable/raspberrypi/rp2040/dcd_rp2040.c.o
 .bss.object.0  0x2000267c       0x18 /home/viktor/.pico-sdk/toolchain/13_3_Rel1/bin/../lib/gcc/arm-none-eabi/13.3.1/thumb/v6-m/nofp/crtbegin.o
 .bss.one_shot_timer_crit_sec
                0x20002694        0x8 CMakeFiles/Tarefa0302.dir/home/viktor/.pico-sdk/sdk/2.1.0/src/rp2_common/pico_stdio_usb/stdio_usb.c.o
 .bss.pools     0x2000269c       0x10 CMakeFiles/Tarefa0302.dir/home/viktor/.pico-sdk/sdk/2.1.0/src/common/pico_time/time.c.o
 .bss.raw_irq_mask
                0x200026ac        0x8 CMakeFiles/Tarefa0302.dir/home/viktor/.pico-sdk/sdk/2.1.0/src/rp2_common/hardware_gpio/gpio.c.o
 .bss.retrieved_id
                0x200026b4        0x8 CMakeFiles/Tarefa0302.dir/home/viktor/.pico-sdk/sdk/2.1.0/src/rp2_common/pico_unique_id/unique_id.c.o
 .bss.sf_clz_func
                0x200026bc        0x4 CMakeFiles/Tarefa0302.dir/home/viktor/.pico-sdk/sdk/2.1.0/src/rp2_common/pico_double/double_init_rom_rp2040.c.o
                0x200026bc                sf_clz_func
 .bss.sf_table  0x200026c0      0x100 CMakeFiles/Tarefa0302.dir/home/viktor/.pico-sdk/sdk/2.1.0/src/rp2_common/pico_float/float_init_rom_rp2040.c.o
                0x200026c0                sf_table
 .bss.sleep_notifier
                0x200027c0        0x4 CMakeFiles/Tarefa0302.dir/home/viktor/.pico-sdk/sdk/2.1.0/src/common/pico_time/time.c.o
 .bss.square_x  0x200027c4        0x4 CMakeFiles/Tarefa0302.dir/main.c.o
                0x200027c4                square_x
 .bss.square_y  0x200027c8        0x4 CMakeFiles/Tarefa0302.dir/main.c.o
                0x200027c8                square_y
 .bss.stdio_usb_mutex
                0x200027cc        0x8 CMakeFiles/Tarefa0302.dir/home/viktor/.pico-sdk/sdk/2.1.0/src/rp2_common/pico_stdio_usb/stdio_usb.c.o
 .bss.usbd_serial_str
                0x200027d4       0x11 CMakeFiles/Tarefa0302.dir/home/viktor/.pico-sdk/sdk/2.1.0/src/rp2_common/pico_stdio_usb/stdio_usb_descriptors.c.o
 .bss._app_driver_count
                0x200027e5        0x1 CMakeFiles/Tarefa0302.dir/home/viktor/.pico-sdk/sdk/2.1.0/lib/tinyusb/src/device/usbd.c.o
 .bss._sof_enable
                0x200027e6        0x1 CMakeFiles/Tarefa0302.dir/home/viktor/.pico-sdk/sdk/2.1.0/lib/tinyusb/src/portable/raspberrypi/rp2040/dcd_rp2040.c.o
 .bss._usbd_queued_setup
                0x200027e7        0x1 CMakeFiles/Tarefa0302.dir/home/viktor/.pico-sdk/sdk/2.1.0/lib/tinyusb/src/device/usbd.c.o
 .bss.boot2_copyout_valid
                0x200027e8        0x1 CMakeFiles/Tarefa0302.dir/home/viktor/.pico-sdk/sdk/2.1.0/src/rp2_common/hardware_flash/flash.c.o
 .bss.green_led
                0x200027e9        0x1 CMakeFiles/Tarefa0302.dir/main.c.o
                0x200027e9                green_led
 .bss.irq_handler_chain_free_slot_head
                0x200027ea        0x1 CMakeFiles/Tarefa0302.dir/home/viktor/.pico-sdk/sdk/2.1.0/src/rp2_common/hardware_irq/irq.c.o
 .bss.itf_num   0x200027eb        0x1 CMakeFiles/Tarefa0302.dir/home/viktor/.pico-sdk/sdk/2.1.0/src/rp2_common/pico_stdio_usb/reset_interface.c.o
 .bss.low_priority_irq_num
                0x200027ec        0x1 CMakeFiles/Tarefa0302.dir/home/viktor/.pico-sdk/sdk/2.1.0/src/rp2_common/pico_stdio_usb/stdio_usb.c.o
 .bss.one_shot_timer_pending
                0x200027ed        0x1 CMakeFiles/Tarefa0302.dir/home/viktor/.pico-sdk/sdk/2.1.0/src/rp2_common/pico_stdio_usb/stdio_usb.c.o
 .bss.user_irq_claimed
                0x200027ee        0x1 CMakeFiles/Tarefa0302.dir/home/viktor/.pico-sdk/sdk/2.1.0/src/rp2_common/hardware_irq/irq.c.o
 *(COMMON)
                0x200027f0                        . = ALIGN (0x4)
 *fill*         0x200027ef        0x1 
                0x200027f0                        __bss_end__ = .

.heap           0x200027f0      0x800 load address 0x10009aa0
                0x200027f0                        __end__ = .
                0x200027f0                        end = __end__
 *(.heap*)
 .heap          0x200027f0      0x800 CMakeFiles/Tarefa0302.dir/home/viktor/.pico-sdk/sdk/2.1.0/src/rp2_common/pico_crt0/crt0.S.o